Archive member included because of file (symbol)

c:/winavr-20100110/bin/../lib/gcc/avr/4.3.3/../../../../avr/lib\libpololu_atmega168.a(OrangutanAnalog.o)
                              maze-solver.o (analog_read)
c:/winavr-20100110/bin/../lib/gcc/avr/4.3.3/../../../../avr/lib\libpololu_atmega168.a(OrangutanBuzzer.o)
                              maze-solver.o (is_playing)
c:/winavr-20100110/bin/../lib/gcc/avr/4.3.3/../../../../avr/lib\libpololu_atmega168.a(OrangutanLCD.o)
                              maze-solver.o (lcd_hide_cursor)
c:/winavr-20100110/bin/../lib/gcc/avr/4.3.3/../../../../avr/lib\libpololu_atmega168.a(OrangutanMotors.o)
                              maze-solver.o (set_motors)
c:/winavr-20100110/bin/../lib/gcc/avr/4.3.3/../../../../avr/lib\libpololu_atmega168.a(OrangutanPushbuttons.o)
                              maze-solver.o (button_is_pressed)
c:/winavr-20100110/bin/../lib/gcc/avr/4.3.3/../../../../avr/lib\libpololu_atmega168.a(OrangutanResources.o)
                              c:/winavr-20100110/bin/../lib/gcc/avr/4.3.3/../../../../avr/lib\libpololu_atmega168.a(OrangutanBuzzer.o) (buzzerInitialized)
c:/winavr-20100110/bin/../lib/gcc/avr/4.3.3/../../../../avr/lib\libpololu_atmega168.a(OrangutanTime.o)
                              maze-solver.o (delay_ms)
c:/winavr-20100110/bin/../lib/gcc/avr/4.3.3/avr5\libgcc.a(_mulsi3.o)
                              c:/winavr-20100110/bin/../lib/gcc/avr/4.3.3/../../../../avr/lib\libpololu_atmega168.a(OrangutanAnalog.o) (__mulsi3)
c:/winavr-20100110/bin/../lib/gcc/avr/4.3.3/avr5\libgcc.a(_udivmodqi4.o)
                              c:/winavr-20100110/bin/../lib/gcc/avr/4.3.3/../../../../avr/lib\libpololu_atmega168.a(OrangutanBuzzer.o) (__udivmodqi4)
c:/winavr-20100110/bin/../lib/gcc/avr/4.3.3/avr5\libgcc.a(_udivmodhi4.o)
                              c:/winavr-20100110/bin/../lib/gcc/avr/4.3.3/../../../../avr/lib\libpololu_atmega168.a(OrangutanAnalog.o) (__udivmodhi4)
c:/winavr-20100110/bin/../lib/gcc/avr/4.3.3/avr5\libgcc.a(_divmodhi4.o)
                              maze-solver.o (__divmodhi4)
c:/winavr-20100110/bin/../lib/gcc/avr/4.3.3/avr5\libgcc.a(_udivmodsi4.o)
                              maze-solver.o (__udivmodsi4)
c:/winavr-20100110/bin/../lib/gcc/avr/4.3.3/avr5\libgcc.a(_divmodsi4.o)
                              c:/winavr-20100110/bin/../lib/gcc/avr/4.3.3/../../../../avr/lib\libpololu_atmega168.a(OrangutanBuzzer.o) (__divmodsi4)
c:/winavr-20100110/bin/../lib/gcc/avr/4.3.3/avr5\libgcc.a(_prologue.o)
                              c:/winavr-20100110/bin/../lib/gcc/avr/4.3.3/../../../../avr/lib\libpololu_atmega168.a(OrangutanBuzzer.o) (__prologue_saves__)
c:/winavr-20100110/bin/../lib/gcc/avr/4.3.3/avr5\libgcc.a(_epilogue.o)
                              c:/winavr-20100110/bin/../lib/gcc/avr/4.3.3/../../../../avr/lib\libpololu_atmega168.a(OrangutanAnalog.o) (__epilogue_restores__)
c:/winavr-20100110/bin/../lib/gcc/avr/4.3.3/avr5\libgcc.a(_exit.o)
                              c:/winavr-20100110/bin/../lib/gcc/avr/4.3.3/../../../../avr/lib/avr5/crtm168.o (exit)
c:/winavr-20100110/bin/../lib/gcc/avr/4.3.3/avr5\libgcc.a(_tablejump.o)
                              c:/winavr-20100110/bin/../lib/gcc/avr/4.3.3/../../../../avr/lib\libpololu_atmega168.a(OrangutanBuzzer.o) (__tablejump2__)
c:/winavr-20100110/bin/../lib/gcc/avr/4.3.3/avr5\libgcc.a(_copy_data.o)
                              maze-solver.o (__do_copy_data)
c:/winavr-20100110/bin/../lib/gcc/avr/4.3.3/avr5\libgcc.a(_clear_bss.o)
                              c:/winavr-20100110/bin/../lib/gcc/avr/4.3.3/../../../../avr/lib\libpololu_atmega168.a(OrangutanBuzzer.o) (__do_clear_bss)
c:/winavr-20100110/bin/../lib/gcc/avr/4.3.3/avr5\libgcc.a(_addsub_sf.o)
                              maze-solver.o (__subsf3)
c:/winavr-20100110/bin/../lib/gcc/avr/4.3.3/avr5\libgcc.a(_mul_sf.o)
                              maze-solver.o (__mulsf3)
c:/winavr-20100110/bin/../lib/gcc/avr/4.3.3/avr5\libgcc.a(_div_sf.o)
                              maze-solver.o (__divsf3)
c:/winavr-20100110/bin/../lib/gcc/avr/4.3.3/avr5\libgcc.a(_gt_sf.o)
                              maze-solver.o (__gtsf2)
c:/winavr-20100110/bin/../lib/gcc/avr/4.3.3/avr5\libgcc.a(_lt_sf.o)
                              maze-solver.o (__ltsf2)
c:/winavr-20100110/bin/../lib/gcc/avr/4.3.3/avr5\libgcc.a(_si_to_sf.o)
                              maze-solver.o (__floatsisf)
c:/winavr-20100110/bin/../lib/gcc/avr/4.3.3/avr5\libgcc.a(_sf_to_si.o)
                              maze-solver.o (__fixsfsi)
c:/winavr-20100110/bin/../lib/gcc/avr/4.3.3/avr5\libgcc.a(_thenan_sf.o)
                              c:/winavr-20100110/bin/../lib/gcc/avr/4.3.3/avr5\libgcc.a(_addsub_sf.o) (__thenan_sf)
c:/winavr-20100110/bin/../lib/gcc/avr/4.3.3/avr5\libgcc.a(_clzsi2.o)
                              c:/winavr-20100110/bin/../lib/gcc/avr/4.3.3/avr5\libgcc.a(_si_to_sf.o) (__clzsi2)
c:/winavr-20100110/bin/../lib/gcc/avr/4.3.3/avr5\libgcc.a(_pack_sf.o)
                              c:/winavr-20100110/bin/../lib/gcc/avr/4.3.3/avr5\libgcc.a(_addsub_sf.o) (__pack_f)
c:/winavr-20100110/bin/../lib/gcc/avr/4.3.3/avr5\libgcc.a(_unpack_sf.o)
                              c:/winavr-20100110/bin/../lib/gcc/avr/4.3.3/avr5\libgcc.a(_addsub_sf.o) (__unpack_f)
c:/winavr-20100110/bin/../lib/gcc/avr/4.3.3/avr5\libgcc.a(_fpcmp_parts_sf.o)
                              c:/winavr-20100110/bin/../lib/gcc/avr/4.3.3/avr5\libgcc.a(_gt_sf.o) (__fpcmp_parts_f)
c:/winavr-20100110/bin/../lib/gcc/avr/4.3.3/avr5\libgcc.a(_clz.o)
                              c:/winavr-20100110/bin/../lib/gcc/avr/4.3.3/avr5\libgcc.a(_clzsi2.o) (__clz_tab)
c:/winavr-20100110/bin/../lib/gcc/avr/4.3.3/../../../../avr/lib/avr5\libc.a(malloc.o)
                              c:/winavr-20100110/bin/../lib/gcc/avr/4.3.3/../../../../avr/lib\libpololu_atmega168.a(OrangutanLCD.o) (malloc)
c:/winavr-20100110/bin/../lib/gcc/avr/4.3.3/../../../../avr/lib/avr5\libc.a(fdevopen.o)
                              c:/winavr-20100110/bin/../lib/gcc/avr/4.3.3/../../../../avr/lib\libpololu_atmega168.a(OrangutanLCD.o) (fdevopen)
c:/winavr-20100110/bin/../lib/gcc/avr/4.3.3/../../../../avr/lib/avr5\libc.a(iob.o)
                              c:/winavr-20100110/bin/../lib/gcc/avr/4.3.3/../../../../avr/lib/avr5\libc.a(fdevopen.o) (__iob)
c:/winavr-20100110/bin/../lib/gcc/avr/4.3.3/../../../../avr/lib/avr5\libc.a(calloc.o)
                              c:/winavr-20100110/bin/../lib/gcc/avr/4.3.3/../../../../avr/lib/avr5\libc.a(fdevopen.o) (calloc)
c:/winavr-20100110/bin/../lib/gcc/avr/4.3.3/../../../../avr/lib/avr5\libc.a(memset.o)
                              c:/winavr-20100110/bin/../lib/gcc/avr/4.3.3/../../../../avr/lib/avr5\libc.a(calloc.o) (memset)

Allocating common symbols
Common symbol       size              file

__brkval            0x2               c:/winavr-20100110/bin/../lib/gcc/avr/4.3.3/../../../../avr/lib/avr5\libc.a(malloc.o)
__flp               0x2               c:/winavr-20100110/bin/../lib/gcc/avr/4.3.3/../../../../avr/lib/avr5\libc.a(malloc.o)
__iob               0x6               c:/winavr-20100110/bin/../lib/gcc/avr/4.3.3/../../../../avr/lib/avr5\libc.a(iob.o)

Memory Configuration

Name             Origin             Length             Attributes
text             0x00000000         0x00020000         xr
data             0x00800060         0x0000ffa0         rw !x
eeprom           0x00810000         0x00010000         rw !x
fuse             0x00820000         0x00000400         rw !x
lock             0x00830000         0x00000400         rw !x
signature        0x00840000         0x00000400         rw !x
*default*        0x00000000         0xffffffff

Linker script and memory map

Address of section .data set to 0x800100
LOAD c:/winavr-20100110/bin/../lib/gcc/avr/4.3.3/../../../../avr/lib/avr5/crtm168.o
LOAD maze-solver.o
LOAD c:/winavr-20100110/bin/../lib/gcc/avr/4.3.3/../../../../avr/lib\libpololu_atmega168.a
LOAD c:/winavr-20100110/bin/../lib/gcc/avr/4.3.3/avr5\libgcc.a
LOAD c:/winavr-20100110/bin/../lib/gcc/avr/4.3.3/../../../../avr/lib/avr5\libc.a
LOAD c:/winavr-20100110/bin/../lib/gcc/avr/4.3.3/avr5\libgcc.a

.hash
 *(.hash)

.dynsym
 *(.dynsym)

.dynstr
 *(.dynstr)

.gnu.version
 *(.gnu.version)

.gnu.version_d
 *(.gnu.version_d)

.gnu.version_r
 *(.gnu.version_r)

.rel.init
 *(.rel.init)

.rela.init
 *(.rela.init)

.rel.text
 *(.rel.text)
 *(.rel.text.*)
 *(.rel.gnu.linkonce.t*)

.rela.text
 *(.rela.text)
 *(.rela.text.*)
 *(.rela.gnu.linkonce.t*)

.rel.fini
 *(.rel.fini)

.rela.fini
 *(.rela.fini)

.rel.rodata
 *(.rel.rodata)
 *(.rel.rodata.*)
 *(.rel.gnu.linkonce.r*)

.rela.rodata
 *(.rela.rodata)
 *(.rela.rodata.*)
 *(.rela.gnu.linkonce.r*)

.rel.data
 *(.rel.data)
 *(.rel.data.*)
 *(.rel.gnu.linkonce.d*)

.rela.data
 *(.rela.data)
 *(.rela.data.*)
 *(.rela.gnu.linkonce.d*)

.rel.ctors
 *(.rel.ctors)

.rela.ctors
 *(.rela.ctors)

.rel.dtors
 *(.rel.dtors)

.rela.dtors
 *(.rela.dtors)

.rel.got
 *(.rel.got)

.rela.got
 *(.rela.got)

.rel.bss
 *(.rel.bss)

.rela.bss
 *(.rela.bss)

.rel.plt
 *(.rel.plt)

.rela.plt
 *(.rela.plt)

.text           0x00000000     0x376c
 *(.vectors)
 .vectors       0x00000000       0x68 c:/winavr-20100110/bin/../lib/gcc/avr/4.3.3/../../../../avr/lib/avr5/crtm168.o
                0x00000000                __vectors
                0x00000000                __vector_default
 *(.vectors)
 *(.progmem.gcc*)
 .progmem.gcc_sw_table
                0x00000068       0x18 c:/winavr-20100110/bin/../lib/gcc/avr/4.3.3/../../../../avr/lib\libpololu_atmega168.a(OrangutanBuzzer.o)
 *(.progmem*)
 .progmem.data  0x00000080       0x23 maze-solver.o
                0x00000096                oops
                0x00000080                charge
                0x000000a4                . = ALIGN (0x2)
 *fill*         0x000000a3        0x1 00
                0x000000a4                __trampolines_start = .
 *(.trampolines)
 .trampolines   0x000000a4        0x0 linker stubs
 *(.trampolines*)
                0x000000a4                __trampolines_end = .
 *(.jumptables)
 *(.jumptables*)
 *(.lowtext)
 *(.lowtext*)
                0x000000a4                __ctors_start = .
 *(.ctors)
                0x000000a4                __ctors_end = .
                0x000000a4                __dtors_start = .
 *(.dtors)
                0x000000a4                __dtors_end = .
 SORT(*)(.ctors)
 SORT(*)(.dtors)
 *(.init0)
 .init0         0x000000a4        0x0 c:/winavr-20100110/bin/../lib/gcc/avr/4.3.3/../../../../avr/lib/avr5/crtm168.o
                0x000000a4                __init
 *(.init0)
 *(.init1)
 *(.init1)
 *(.init2)
 .init2         0x000000a4        0xc c:/winavr-20100110/bin/../lib/gcc/avr/4.3.3/../../../../avr/lib/avr5/crtm168.o
 *(.init2)
 *(.init3)
 *(.init3)
 *(.init4)
 .init4         0x000000b0       0x16 c:/winavr-20100110/bin/../lib/gcc/avr/4.3.3/avr5\libgcc.a(_copy_data.o)
                0x000000b0                __do_copy_data
 .init4         0x000000c6       0x10 c:/winavr-20100110/bin/../lib/gcc/avr/4.3.3/avr5\libgcc.a(_clear_bss.o)
                0x000000c6                __do_clear_bss
 *(.init4)
 *(.init5)
 *(.init5)
 *(.init6)
 *(.init6)
 *(.init7)
 *(.init7)
 *(.init8)
 *(.init8)
 *(.init9)
 .init9         0x000000d6        0x8 c:/winavr-20100110/bin/../lib/gcc/avr/4.3.3/../../../../avr/lib/avr5/crtm168.o
 *(.init9)
 *(.text)
 .text          0x000000de        0x4 c:/winavr-20100110/bin/../lib/gcc/avr/4.3.3/../../../../avr/lib/avr5/crtm168.o
                0x000000de                __vector_22
                0x000000de                __vector_1
                0x000000de                __vector_24
                0x000000de                __vector_12
                0x000000de                __bad_interrupt
                0x000000de                __vector_6
                0x000000de                __vector_3
                0x000000de                __vector_23
                0x000000de                __vector_25
                0x000000de                __vector_11
                0x000000de                __vector_17
                0x000000de                __vector_19
                0x000000de                __vector_7
                0x000000de                __vector_5
                0x000000de                __vector_4
                0x000000de                __vector_2
                0x000000de                __vector_21
                0x000000de                __vector_15
                0x000000de                __vector_8
                0x000000de                __vector_14
                0x000000de                __vector_10
                0x000000de                __vector_16
                0x000000de                __vector_18
                0x000000de                __vector_20
 .text          0x000000e2      0x89a maze-solver.o
                0x0000046e                turn_right
                0x000002d0                count_down
                0x000000e2                init_sensors
                0x00000884                read_sensor
                0x00000120                print_num_xy
                0x0000088a                scan_360
                0x000000f2                print_xy
                0x000004f4                turn_left
                0x00000908                wait_with_message
                0x00000444                turn_right_in_place
                0x000005b8                read_left
                0x00000460                back_up_left
                0x000005c0                read_front
                0x00000162                get_float_from_user
                0x00000452                back_up_right
                0x000005c8                main
                0x000005b0                read_right
                0x0000057c                dash
                0x00000436                turn_left_in_place
                0x0000034c                get_int_from_user
                0x000005a2                halt
 .text          0x0000097c        0x0 c:/winavr-20100110/bin/../lib/gcc/avr/4.3.3/../../../../avr/lib\libpololu_atmega168.a(OrangutanAnalog.o)
 .text          0x0000097c        0x0 c:/winavr-20100110/bin/../lib/gcc/avr/4.3.3/../../../../avr/lib\libpololu_atmega168.a(OrangutanBuzzer.o)
 .text          0x0000097c        0x0 c:/winavr-20100110/bin/../lib/gcc/avr/4.3.3/../../../../avr/lib\libpololu_atmega168.a(OrangutanLCD.o)
 .text          0x0000097c        0x0 c:/winavr-20100110/bin/../lib/gcc/avr/4.3.3/../../../../avr/lib\libpololu_atmega168.a(OrangutanMotors.o)
 .text          0x0000097c        0x0 c:/winavr-20100110/bin/../lib/gcc/avr/4.3.3/../../../../avr/lib\libpololu_atmega168.a(OrangutanPushbuttons.o)
 .text          0x0000097c        0x0 c:/winavr-20100110/bin/../lib/gcc/avr/4.3.3/../../../../avr/lib\libpololu_atmega168.a(OrangutanResources.o)
 .text          0x0000097c        0x0 c:/winavr-20100110/bin/../lib/gcc/avr/4.3.3/../../../../avr/lib\libpololu_atmega168.a(OrangutanTime.o)
 .text          0x0000097c        0x0 c:/winavr-20100110/bin/../lib/gcc/avr/4.3.3/avr5\libgcc.a(_mulsi3.o)
 .text          0x0000097c        0x0 c:/winavr-20100110/bin/../lib/gcc/avr/4.3.3/avr5\libgcc.a(_udivmodqi4.o)
 .text          0x0000097c        0x0 c:/winavr-20100110/bin/../lib/gcc/avr/4.3.3/avr5\libgcc.a(_udivmodhi4.o)
 .text          0x0000097c        0x0 c:/winavr-20100110/bin/../lib/gcc/avr/4.3.3/avr5\libgcc.a(_divmodhi4.o)
 .text          0x0000097c        0x0 c:/winavr-20100110/bin/../lib/gcc/avr/4.3.3/avr5\libgcc.a(_udivmodsi4.o)
 .text          0x0000097c        0x0 c:/winavr-20100110/bin/../lib/gcc/avr/4.3.3/avr5\libgcc.a(_divmodsi4.o)
 .text          0x0000097c        0x0 c:/winavr-20100110/bin/../lib/gcc/avr/4.3.3/avr5\libgcc.a(_prologue.o)
 .text          0x0000097c        0x0 c:/winavr-20100110/bin/../lib/gcc/avr/4.3.3/avr5\libgcc.a(_epilogue.o)
 .text          0x0000097c        0x0 c:/winavr-20100110/bin/../lib/gcc/avr/4.3.3/avr5\libgcc.a(_exit.o)
 .text          0x0000097c        0x0 c:/winavr-20100110/bin/../lib/gcc/avr/4.3.3/avr5\libgcc.a(_tablejump.o)
 .text          0x0000097c        0x0 c:/winavr-20100110/bin/../lib/gcc/avr/4.3.3/avr5\libgcc.a(_copy_data.o)
 .text          0x0000097c        0x0 c:/winavr-20100110/bin/../lib/gcc/avr/4.3.3/avr5\libgcc.a(_clear_bss.o)
 .text          0x0000097c      0x354 c:/winavr-20100110/bin/../lib/gcc/avr/4.3.3/avr5\libgcc.a(_addsub_sf.o)
                0x00000c14                __subsf3
                0x00000c76                __addsf3
 .text          0x00000cd0      0x1f4 c:/winavr-20100110/bin/../lib/gcc/avr/4.3.3/avr5\libgcc.a(_mul_sf.o)
                0x00000cd0                __mulsf3
 .text          0x00000ec4      0x158 c:/winavr-20100110/bin/../lib/gcc/avr/4.3.3/avr5\libgcc.a(_div_sf.o)
                0x00000ec4                __divsf3
 .text          0x0000101c       0x60 c:/winavr-20100110/bin/../lib/gcc/avr/4.3.3/avr5\libgcc.a(_gt_sf.o)
                0x0000101c                __gtsf2
 .text          0x0000107c       0x60 c:/winavr-20100110/bin/../lib/gcc/avr/4.3.3/avr5\libgcc.a(_lt_sf.o)
                0x0000107c                __ltsf2
 .text          0x000010dc       0xbc c:/winavr-20100110/bin/../lib/gcc/avr/4.3.3/avr5\libgcc.a(_si_to_sf.o)
                0x000010dc                __floatsisf
 .text          0x00001198       0xa8 c:/winavr-20100110/bin/../lib/gcc/avr/4.3.3/avr5\libgcc.a(_sf_to_si.o)
                0x00001198                __fixsfsi
 .text          0x00001240        0x0 c:/winavr-20100110/bin/../lib/gcc/avr/4.3.3/avr5\libgcc.a(_thenan_sf.o)
 .text          0x00001240       0x9e c:/winavr-20100110/bin/../lib/gcc/avr/4.3.3/avr5\libgcc.a(_clzsi2.o)
                0x00001240                __clzsi2
 .text          0x000012de      0x1aa c:/winavr-20100110/bin/../lib/gcc/avr/4.3.3/avr5\libgcc.a(_pack_sf.o)
                0x000012de                __pack_f
 .text          0x00001488       0xf0 c:/winavr-20100110/bin/../lib/gcc/avr/4.3.3/avr5\libgcc.a(_unpack_sf.o)
                0x00001488                __unpack_f
 .text          0x00001578       0xb2 c:/winavr-20100110/bin/../lib/gcc/avr/4.3.3/avr5\libgcc.a(_fpcmp_parts_sf.o)
                0x00001578                __fpcmp_parts_f
 .text          0x0000162a        0x0 c:/winavr-20100110/bin/../lib/gcc/avr/4.3.3/avr5\libgcc.a(_clz.o)
 .text          0x0000162a        0x0 c:/winavr-20100110/bin/../lib/gcc/avr/4.3.3/../../../../avr/lib/avr5\libc.a(malloc.o)
 .text          0x0000162a        0x0 c:/winavr-20100110/bin/../lib/gcc/avr/4.3.3/../../../../avr/lib/avr5\libc.a(fdevopen.o)
 .text          0x0000162a        0x0 c:/winavr-20100110/bin/../lib/gcc/avr/4.3.3/../../../../avr/lib/avr5\libc.a(iob.o)
 .text          0x0000162a        0x0 c:/winavr-20100110/bin/../lib/gcc/avr/4.3.3/../../../../avr/lib/avr5\libc.a(calloc.o)
 .text          0x0000162a        0x0 c:/winavr-20100110/bin/../lib/gcc/avr/4.3.3/../../../../avr/lib/avr5\libc.a(memset.o)
                0x0000162a                . = ALIGN (0x2)
 *(.text.*)
 .text.analog_conversion_result
                0x0000162a       0x1e c:/winavr-20100110/bin/../lib/gcc/avr/4.3.3/../../../../avr/lib\libpololu_atmega168.a(OrangutanAnalog.o)
                0x0000162a                analog_conversion_result
 .text.set_millivolt_calibration
                0x00001648        0xa c:/winavr-20100110/bin/../lib/gcc/avr/4.3.3/../../../../avr/lib\libpololu_atmega168.a(OrangutanAnalog.o)
                0x00001648                set_millivolt_calibration
 .text._ZN15OrangutanAnalogC2Ev
                0x00001652        0x2 c:/winavr-20100110/bin/../lib/gcc/avr/4.3.3/../../../../avr/lib\libpololu_atmega168.a(OrangutanAnalog.o)
                0x00001652                OrangutanAnalog::OrangutanAnalog()
 .text._ZN15OrangutanAnalogC1Ev
                0x00001654        0x2 c:/winavr-20100110/bin/../lib/gcc/avr/4.3.3/../../../../avr/lib\libpololu_atmega168.a(OrangutanAnalog.o)
                0x00001654                OrangutanAnalog::OrangutanAnalog()
 .text._ZN15OrangutanAnalog16conversionResultEv
                0x00001656       0x1e c:/winavr-20100110/bin/../lib/gcc/avr/4.3.3/../../../../avr/lib\libpololu_atmega168.a(OrangutanAnalog.o)
                0x00001656                OrangutanAnalog::conversionResult()
 .text._ZN15OrangutanAnalog15startConversionEhh
                0x00001674       0x34 c:/winavr-20100110/bin/../lib/gcc/avr/4.3.3/../../../../avr/lib\libpololu_atmega168.a(OrangutanAnalog.o)
                0x00001674                OrangutanAnalog::startConversion(unsigned char, unsigned char)
 .text.start_analog_conversion
                0x000016a8        0x8 c:/winavr-20100110/bin/../lib/gcc/avr/4.3.3/../../../../avr/lib\libpololu_atmega168.a(OrangutanAnalog.o)
                0x000016a8                start_analog_conversion
 .text._ZN15OrangutanAnalog4readEh
                0x000016b0       0x2c c:/winavr-20100110/bin/../lib/gcc/avr/4.3.3/../../../../avr/lib\libpololu_atmega168.a(OrangutanAnalog.o)
                0x000016b0                OrangutanAnalog::read(unsigned char)
 .text.analog_read
                0x000016dc        0x6 c:/winavr-20100110/bin/../lib/gcc/avr/4.3.3/../../../../avr/lib\libpololu_atmega168.a(OrangutanAnalog.o)
                0x000016dc                analog_read
 .text._ZN15OrangutanAnalog11readAverageEhj
                0x000016e2       0xa2 c:/winavr-20100110/bin/../lib/gcc/avr/4.3.3/../../../../avr/lib\libpololu_atmega168.a(OrangutanAnalog.o)
                0x000016e2                OrangutanAnalog::readAverage(unsigned char, unsigned int)
 .text.read_trimpot
                0x00001784        0xc c:/winavr-20100110/bin/../lib/gcc/avr/4.3.3/../../../../avr/lib\libpololu_atmega168.a(OrangutanAnalog.o)
                0x00001784                read_trimpot
 .text.analog_read_average
                0x00001790        0x6 c:/winavr-20100110/bin/../lib/gcc/avr/4.3.3/../../../../avr/lib\libpololu_atmega168.a(OrangutanAnalog.o)
                0x00001790                analog_read_average
 .text._ZN15OrangutanAnalog23setMillivoltCalibrationEj
                0x00001796        0xa c:/winavr-20100110/bin/../lib/gcc/avr/4.3.3/../../../../avr/lib\libpololu_atmega168.a(OrangutanAnalog.o)
                0x00001796                OrangutanAnalog::setMillivoltCalibration(unsigned int)
 .text._ZN15OrangutanAnalog17readVCCMillivoltsEv
                0x000017a0       0x5c c:/winavr-20100110/bin/../lib/gcc/avr/4.3.3/../../../../avr/lib\libpololu_atmega168.a(OrangutanAnalog.o)
                0x000017a0                OrangutanAnalog::readVCCMillivolts()
 .text.read_vcc_millivolts
                0x000017fc        0x6 c:/winavr-20100110/bin/../lib/gcc/avr/4.3.3/../../../../avr/lib\libpololu_atmega168.a(OrangutanAnalog.o)
                0x000017fc                read_vcc_millivolts
 .text._ZN15OrangutanAnalog12toMillivoltsEj
                0x00001802       0x56 c:/winavr-20100110/bin/../lib/gcc/avr/4.3.3/../../../../avr/lib\libpololu_atmega168.a(OrangutanAnalog.o)
                0x00001802                OrangutanAnalog::toMillivolts(unsigned int)
 .text._ZN15OrangutanAnalog21readAverageMillivoltsEhj
                0x00001858        0xa c:/winavr-20100110/bin/../lib/gcc/avr/4.3.3/../../../../avr/lib\libpololu_atmega168.a(OrangutanAnalog.o)
                0x00001858                OrangutanAnalog::readAverageMillivolts(unsigned char, unsigned int)
 .text.analog_read_average_millivolts
                0x00001862        0x6 c:/winavr-20100110/bin/../lib/gcc/avr/4.3.3/../../../../avr/lib\libpololu_atmega168.a(OrangutanAnalog.o)
                0x00001862                analog_read_average_millivolts
 .text._ZN15OrangutanAnalog26conversionResultMillivoltsEv
                0x00001868       0x22 c:/winavr-20100110/bin/../lib/gcc/avr/4.3.3/../../../../avr/lib\libpololu_atmega168.a(OrangutanAnalog.o)
                0x00001868                OrangutanAnalog::conversionResultMillivolts()
 .text._ZN15OrangutanAnalog14readMillivoltsEh
                0x0000188a       0x14 c:/winavr-20100110/bin/../lib/gcc/avr/4.3.3/../../../../avr/lib\libpololu_atmega168.a(OrangutanAnalog.o)
                0x0000188a                OrangutanAnalog::readMillivolts(unsigned char)
 .text.analog_read_millivolts
                0x0000189e        0x6 c:/winavr-20100110/bin/../lib/gcc/avr/4.3.3/../../../../avr/lib\libpololu_atmega168.a(OrangutanAnalog.o)
                0x0000189e                analog_read_millivolts
 .text.analog_conversion_result_millivolts
                0x000018a4        0x6 c:/winavr-20100110/bin/../lib/gcc/avr/4.3.3/../../../../avr/lib\libpololu_atmega168.a(OrangutanAnalog.o)
                0x000018a4                analog_conversion_result_millivolts
 .text.read_trimpot_millivolts
                0x000018aa       0x10 c:/winavr-20100110/bin/../lib/gcc/avr/4.3.3/../../../../avr/lib\libpololu_atmega168.a(OrangutanAnalog.o)
                0x000018aa                read_trimpot_millivolts
 .text.to_millivolts
                0x000018ba        0x6 c:/winavr-20100110/bin/../lib/gcc/avr/4.3.3/../../../../avr/lib\libpololu_atmega168.a(OrangutanAnalog.o)
                0x000018ba                to_millivolts
 .text._ZN15OrangutanAnalog16readTemperatureFEv
                0x000018c0       0x56 c:/winavr-20100110/bin/../lib/gcc/avr/4.3.3/../../../../avr/lib\libpololu_atmega168.a(OrangutanAnalog.o)
                0x000018c0                OrangutanAnalog::readTemperatureF()
 .text.read_temperature_f
                0x00001916        0x6 c:/winavr-20100110/bin/../lib/gcc/avr/4.3.3/../../../../avr/lib\libpololu_atmega168.a(OrangutanAnalog.o)
                0x00001916                read_temperature_f
 .text._ZN15OrangutanAnalog16readTemperatureCEv
                0x0000191c       0x58 c:/winavr-20100110/bin/../lib/gcc/avr/4.3.3/../../../../avr/lib\libpololu_atmega168.a(OrangutanAnalog.o)
                0x0000191c                OrangutanAnalog::readTemperatureC()
 .text.read_temperature_c
                0x00001974        0x6 c:/winavr-20100110/bin/../lib/gcc/avr/4.3.3/../../../../avr/lib\libpololu_atmega168.a(OrangutanAnalog.o)
                0x00001974                read_temperature_c
 .text._ZN15OrangutanAnalog25readBatteryMillivolts_3piEv
                0x0000197a       0x4a c:/winavr-20100110/bin/../lib/gcc/avr/4.3.3/../../../../avr/lib\libpololu_atmega168.a(OrangutanAnalog.o)
                0x0000197a                OrangutanAnalog::readBatteryMillivolts_3pi()
 .text.read_battery_millivolts_3pi
                0x000019c4        0x6 c:/winavr-20100110/bin/../lib/gcc/avr/4.3.3/../../../../avr/lib\libpololu_atmega168.a(OrangutanAnalog.o)
                0x000019c4                read_battery_millivolts_3pi
 .text._ZN15OrangutanAnalog24readBatteryMillivolts_SVEv
                0x000019ca       0x42 c:/winavr-20100110/bin/../lib/gcc/avr/4.3.3/../../../../avr/lib\libpololu_atmega168.a(OrangutanAnalog.o)
                0x000019ca                OrangutanAnalog::readBatteryMillivolts_SV()
 .text.read_battery_millivolts_sv168
                0x00001a0c        0x6 c:/winavr-20100110/bin/../lib/gcc/avr/4.3.3/../../../../avr/lib\libpololu_atmega168.a(OrangutanAnalog.o)
                0x00001a0c                read_battery_millivolts_sv168
 .text.read_battery_millivolts_sv
                0x00001a12        0x6 c:/winavr-20100110/bin/../lib/gcc/avr/4.3.3/../../../../avr/lib\libpololu_atmega168.a(OrangutanAnalog.o)
                0x00001a12                read_battery_millivolts_sv
 .text._ZN15OrangutanBuzzerC2Ev
                0x00001a18        0x2 c:/winavr-20100110/bin/../lib/gcc/avr/4.3.3/../../../../avr/lib\libpololu_atmega168.a(OrangutanBuzzer.o)
                0x00001a18                OrangutanBuzzer::OrangutanBuzzer()
 .text._ZN15OrangutanBuzzerC1Ev
                0x00001a1a        0x2 c:/winavr-20100110/bin/../lib/gcc/avr/4.3.3/../../../../avr/lib\libpololu_atmega168.a(OrangutanBuzzer.o)
                0x00001a1a                OrangutanBuzzer::OrangutanBuzzer()
 .text.is_playing
                0x00001a1c       0x1c c:/winavr-20100110/bin/../lib/gcc/avr/4.3.3/../../../../avr/lib\libpololu_atmega168.a(OrangutanBuzzer.o)
                0x00001a1c                is_playing
 .text._ZN15OrangutanBuzzer5init2Ev
                0x00001a38       0x2e c:/winavr-20100110/bin/../lib/gcc/avr/4.3.3/../../../../avr/lib\libpololu_atmega168.a(OrangutanBuzzer.o)
                0x00001a38                OrangutanBuzzer::init2()
 .text._ZN15OrangutanBuzzer13playFrequencyEjjh
                0x00001a66      0x16a c:/winavr-20100110/bin/../lib/gcc/avr/4.3.3/../../../../avr/lib\libpololu_atmega168.a(OrangutanBuzzer.o)
                0x00001a66                OrangutanBuzzer::playFrequency(unsigned int, unsigned int, unsigned char)
 .text.play_frequency
                0x00001bd0        0x6 c:/winavr-20100110/bin/../lib/gcc/avr/4.3.3/../../../../avr/lib\libpololu_atmega168.a(OrangutanBuzzer.o)
                0x00001bd0                play_frequency
 .text._ZN15OrangutanBuzzer8playNoteEhjh
                0x00001bd6       0xf0 c:/winavr-20100110/bin/../lib/gcc/avr/4.3.3/../../../../avr/lib\libpololu_atmega168.a(OrangutanBuzzer.o)
                0x00001bd6                OrangutanBuzzer::playNote(unsigned char, unsigned int, unsigned char)
 .text.play_note
                0x00001cc6        0x6 c:/winavr-20100110/bin/../lib/gcc/avr/4.3.3/../../../../avr/lib\libpololu_atmega168.a(OrangutanBuzzer.o)
                0x00001cc6                play_note
 .text._ZN15OrangutanBuzzer9isPlayingEv
                0x00001ccc       0x1c c:/winavr-20100110/bin/../lib/gcc/avr/4.3.3/../../../../avr/lib\libpololu_atmega168.a(OrangutanBuzzer.o)
                0x00001ccc                OrangutanBuzzer::isPlaying()
 .text._ZN15OrangutanBuzzer11stopPlayingEv
                0x00001ce8       0x34 c:/winavr-20100110/bin/../lib/gcc/avr/4.3.3/../../../../avr/lib\libpololu_atmega168.a(OrangutanBuzzer.o)
                0x00001ce8                OrangutanBuzzer::stopPlaying()
 .text.stop_playing
                0x00001d1c        0x6 c:/winavr-20100110/bin/../lib/gcc/avr/4.3.3/../../../../avr/lib\libpololu_atmega168.a(OrangutanBuzzer.o)
                0x00001d1c                stop_playing
 .text._ZL16currentCharacterv
                0x00001d22       0x3e c:/winavr-20100110/bin/../lib/gcc/avr/4.3.3/../../../../avr/lib\libpololu_atmega168.a(OrangutanBuzzer.o)
 .text._ZL9getNumberv
                0x00001d60       0x5a c:/winavr-20100110/bin/../lib/gcc/avr/4.3.3/../../../../avr/lib\libpololu_atmega168.a(OrangutanBuzzer.o)
 .text._ZL8nextNotev
                0x00001dba      0x3f6 c:/winavr-20100110/bin/../lib/gcc/avr/4.3.3/../../../../avr/lib\libpololu_atmega168.a(OrangutanBuzzer.o)
 .text._ZN15OrangutanBuzzer20playFromProgramSpaceEPKc
                0x000021b0       0x1c c:/winavr-20100110/bin/../lib/gcc/avr/4.3.3/../../../../avr/lib\libpololu_atmega168.a(OrangutanBuzzer.o)
                0x000021b0                OrangutanBuzzer::playFromProgramSpace(char const*)
 .text.play_from_program_space
                0x000021cc        0x6 c:/winavr-20100110/bin/../lib/gcc/avr/4.3.3/../../../../avr/lib\libpololu_atmega168.a(OrangutanBuzzer.o)
                0x000021cc                play_from_program_space
 .text._ZN15OrangutanBuzzer4playEPKc
                0x000021d2       0x1a c:/winavr-20100110/bin/../lib/gcc/avr/4.3.3/../../../../avr/lib\libpololu_atmega168.a(OrangutanBuzzer.o)
                0x000021d2                OrangutanBuzzer::play(char const*)
 .text.play     0x000021ec        0x6 c:/winavr-20100110/bin/../lib/gcc/avr/4.3.3/../../../../avr/lib\libpololu_atmega168.a(OrangutanBuzzer.o)
                0x000021ec                play
 .text.__vector_13
                0x000021f2       0x9e c:/winavr-20100110/bin/../lib/gcc/avr/4.3.3/../../../../avr/lib\libpololu_atmega168.a(OrangutanBuzzer.o)
                0x000021f2                __vector_13
 .text._ZN15OrangutanBuzzer9playCheckEv
                0x00002290       0x36 c:/winavr-20100110/bin/../lib/gcc/avr/4.3.3/../../../../avr/lib\libpololu_atmega168.a(OrangutanBuzzer.o)
                0x00002290                OrangutanBuzzer::playCheck()
 .text._ZN15OrangutanBuzzer8playModeEh
                0x000022c6        0xe c:/winavr-20100110/bin/../lib/gcc/avr/4.3.3/../../../../avr/lib\libpololu_atmega168.a(OrangutanBuzzer.o)
                0x000022c6                OrangutanBuzzer::playMode(unsigned char)
 .text.play_mode
                0x000022d4        0x6 c:/winavr-20100110/bin/../lib/gcc/avr/4.3.3/../../../../avr/lib\libpololu_atmega168.a(OrangutanBuzzer.o)
                0x000022d4                play_mode
 .text.play_check
                0x000022da        0x6 c:/winavr-20100110/bin/../lib/gcc/avr/4.3.3/../../../../avr/lib\libpololu_atmega168.a(OrangutanBuzzer.o)
                0x000022da                play_check
 .text._ZN12OrangutanLCDC2Ev
                0x000022e0        0x2 c:/winavr-20100110/bin/../lib/gcc/avr/4.3.3/../../../../avr/lib\libpololu_atmega168.a(OrangutanLCD.o)
                0x000022e0                OrangutanLCD::OrangutanLCD()
 .text._ZN12OrangutanLCDC1Ev
                0x000022e2        0x2 c:/winavr-20100110/bin/../lib/gcc/avr/4.3.3/../../../../avr/lib\libpololu_atmega168.a(OrangutanLCD.o)
                0x000022e2                OrangutanLCD::OrangutanLCD()
 .text.void_getchar
                0x000022e4        0x6 c:/winavr-20100110/bin/../lib/gcc/avr/4.3.3/../../../../avr/lib\libpololu_atmega168.a(OrangutanLCD.o)
                0x000022e4                void_getchar
 .text._ZN12OrangutanLCD8busyWaitEv
                0x000022ea       0x98 c:/winavr-20100110/bin/../lib/gcc/avr/4.3.3/../../../../avr/lib\libpololu_atmega168.a(OrangutanLCD.o)
                0x000022ea                OrangutanLCD::busyWait()
 .text._ZN12OrangutanLCD8sendDataEh
                0x00002382       0x64 c:/winavr-20100110/bin/../lib/gcc/avr/4.3.3/../../../../avr/lib\libpololu_atmega168.a(OrangutanLCD.o)
                0x00002382                OrangutanLCD::sendData(unsigned char)
 .text._ZN12OrangutanLCD10initPrintfEv
                0x000023e6       0x8a c:/winavr-20100110/bin/../lib/gcc/avr/4.3.3/../../../../avr/lib\libpololu_atmega168.a(OrangutanLCD.o)
                0x000023e6                OrangutanLCD::initPrintf()
 .text._ZN12OrangutanLCD10initPrintfEhh
                0x00002470        0xe c:/winavr-20100110/bin/../lib/gcc/avr/4.3.3/../../../../avr/lib\libpololu_atmega168.a(OrangutanLCD.o)
                0x00002470                OrangutanLCD::initPrintf(unsigned char, unsigned char)
 .text.lcd_init_printf_with_dimensions
                0x0000247e        0xe c:/winavr-20100110/bin/../lib/gcc/avr/4.3.3/../../../../avr/lib\libpololu_atmega168.a(OrangutanLCD.o)
                0x0000247e                lcd_init_printf_with_dimensions
 .text.lcd_init_printf
                0x0000248c        0x6 c:/winavr-20100110/bin/../lib/gcc/avr/4.3.3/../../../../avr/lib\libpololu_atmega168.a(OrangutanLCD.o)
                0x0000248c                lcd_init_printf
 .text._ZN12OrangutanLCD5init2Ev
                0x00002492       0x7e c:/winavr-20100110/bin/../lib/gcc/avr/4.3.3/../../../../avr/lib\libpololu_atmega168.a(OrangutanLCD.o)
                0x00002492                OrangutanLCD::init2()
 .text._ZN12OrangutanLCD4initEv
                0x00002510       0x14 c:/winavr-20100110/bin/../lib/gcc/avr/4.3.3/../../../../avr/lib\libpololu_atmega168.a(OrangutanLCD.o)
                0x00002510                OrangutanLCD::init()
 .text._ZN12OrangutanLCD4sendEhhh
                0x00002524       0x68 c:/winavr-20100110/bin/../lib/gcc/avr/4.3.3/../../../../avr/lib\libpololu_atmega168.a(OrangutanLCD.o)
                0x00002524                OrangutanLCD::send(unsigned char, unsigned char, unsigned char)
 .text._ZN12OrangutanLCD8send_cmdEh
                0x0000258c        0xa c:/winavr-20100110/bin/../lib/gcc/avr/4.3.3/../../../../avr/lib\libpololu_atmega168.a(OrangutanLCD.o)
                0x0000258c                OrangutanLCD::send_cmd(unsigned char)
 .text._ZN12OrangutanLCD10moveCursorEhh
                0x00002596       0x24 c:/winavr-20100110/bin/../lib/gcc/avr/4.3.3/../../../../avr/lib\libpololu_atmega168.a(OrangutanLCD.o)
                0x00002596                OrangutanLCD::moveCursor(unsigned char, unsigned char)
 .text.lcd_move_cursor
                0x000025ba        0x6 c:/winavr-20100110/bin/../lib/gcc/avr/4.3.3/../../../../avr/lib\libpololu_atmega168.a(OrangutanLCD.o)
                0x000025ba                lcd_move_cursor
 .text._ZN12OrangutanLCD10hideCursorEv
                0x000025c0        0x8 c:/winavr-20100110/bin/../lib/gcc/avr/4.3.3/../../../../avr/lib\libpololu_atmega168.a(OrangutanLCD.o)
                0x000025c0                OrangutanLCD::hideCursor()
 .text.lcd_hide_cursor
                0x000025c8        0x6 c:/winavr-20100110/bin/../lib/gcc/avr/4.3.3/../../../../avr/lib\libpololu_atmega168.a(OrangutanLCD.o)
                0x000025c8                lcd_hide_cursor
 .text._ZN12OrangutanLCD10showCursorEh
                0x000025ce       0x10 c:/winavr-20100110/bin/../lib/gcc/avr/4.3.3/../../../../avr/lib\libpololu_atmega168.a(OrangutanLCD.o)
                0x000025ce                OrangutanLCD::showCursor(unsigned char)
 .text.lcd_show_cursor
                0x000025de        0x6 c:/winavr-20100110/bin/../lib/gcc/avr/4.3.3/../../../../avr/lib\libpololu_atmega168.a(OrangutanLCD.o)
                0x000025de                lcd_show_cursor
 .text._ZN12OrangutanLCD6gotoXYEhh
                0x000025e4       0x3e c:/winavr-20100110/bin/../lib/gcc/avr/4.3.3/../../../../avr/lib\libpololu_atmega168.a(OrangutanLCD.o)
                0x000025e4                OrangutanLCD::gotoXY(unsigned char, unsigned char)
 .text.lcd_goto_xy
                0x00002622        0x6 c:/winavr-20100110/bin/../lib/gcc/avr/4.3.3/../../../../avr/lib\libpololu_atmega168.a(OrangutanLCD.o)
                0x00002622                lcd_goto_xy
 .text._ZN12OrangutanLCD5clearEv
                0x00002628       0x5a c:/winavr-20100110/bin/../lib/gcc/avr/4.3.3/../../../../avr/lib\libpololu_atmega168.a(OrangutanLCD.o)
                0x00002628                OrangutanLCD::clear()
 .text.clear    0x00002682        0x6 c:/winavr-20100110/bin/../lib/gcc/avr/4.3.3/../../../../avr/lib\libpololu_atmega168.a(OrangutanLCD.o)
                0x00002682                clear
 .text._ZN12OrangutanLCD9send_dataEh
                0x00002688        0xa c:/winavr-20100110/bin/../lib/gcc/avr/4.3.3/../../../../avr/lib\libpololu_atmega168.a(OrangutanLCD.o)
                0x00002688                OrangutanLCD::send_data(unsigned char)
 .text._ZN12OrangutanLCD11printBinaryEh
                0x00002692       0x3a c:/winavr-20100110/bin/../lib/gcc/avr/4.3.3/../../../../avr/lib\libpololu_atmega168.a(OrangutanLCD.o)
                0x00002692                OrangutanLCD::printBinary(unsigned char)
 .text.print_binary
                0x000026cc        0x6 c:/winavr-20100110/bin/../lib/gcc/avr/4.3.3/../../../../avr/lib\libpololu_atmega168.a(OrangutanLCD.o)
                0x000026cc                print_binary
 .text._ZN12OrangutanLCD14printHexNibbleEh
                0x000026d2       0x10 c:/winavr-20100110/bin/../lib/gcc/avr/4.3.3/../../../../avr/lib\libpololu_atmega168.a(OrangutanLCD.o)
                0x000026d2                OrangutanLCD::printHexNibble(unsigned char)
 .text._ZN12OrangutanLCD8printHexEh
                0x000026e2       0x18 c:/winavr-20100110/bin/../lib/gcc/avr/4.3.3/../../../../avr/lib\libpololu_atmega168.a(OrangutanLCD.o)
                0x000026e2                OrangutanLCD::printHex(unsigned char)
 .text._ZN12OrangutanLCD8printHexEj
                0x000026fa       0x14 c:/winavr-20100110/bin/../lib/gcc/avr/4.3.3/../../../../avr/lib\libpololu_atmega168.a(OrangutanLCD.o)
                0x000026fa                OrangutanLCD::printHex(unsigned int)
 .text.print_hex
                0x0000270e        0x6 c:/winavr-20100110/bin/../lib/gcc/avr/4.3.3/../../../../avr/lib\libpololu_atmega168.a(OrangutanLCD.o)
                0x0000270e                print_hex
 .text.print_hex_byte
                0x00002714        0x6 c:/winavr-20100110/bin/../lib/gcc/avr/4.3.3/../../../../avr/lib\libpololu_atmega168.a(OrangutanLCD.o)
                0x00002714                print_hex_byte
 .text._ZN12OrangutanLCD5printEm
                0x0000271a       0xc0 c:/winavr-20100110/bin/../lib/gcc/avr/4.3.3/../../../../avr/lib\libpololu_atmega168.a(OrangutanLCD.o)
                0x0000271a                OrangutanLCD::print(unsigned long)
 .text.print_unsigned_long
                0x000027da        0x6 c:/winavr-20100110/bin/../lib/gcc/avr/4.3.3/../../../../avr/lib\libpololu_atmega168.a(OrangutanLCD.o)
                0x000027da                print_unsigned_long
 .text._ZN12OrangutanLCD5printEl
                0x000027e0       0x38 c:/winavr-20100110/bin/../lib/gcc/avr/4.3.3/../../../../avr/lib\libpololu_atmega168.a(OrangutanLCD.o)
                0x000027e0                OrangutanLCD::print(long)
 .text.print_long
                0x00002818        0x6 c:/winavr-20100110/bin/../lib/gcc/avr/4.3.3/../../../../avr/lib\libpololu_atmega168.a(OrangutanLCD.o)
                0x00002818                print_long
 .text._ZN12OrangutanLCD21printFromProgramSpaceEPKc
                0x0000281e       0x1c c:/winavr-20100110/bin/../lib/gcc/avr/4.3.3/../../../../avr/lib\libpololu_atmega168.a(OrangutanLCD.o)
                0x0000281e                OrangutanLCD::printFromProgramSpace(char const*)
 .text.print_from_program_space
                0x0000283a        0x6 c:/winavr-20100110/bin/../lib/gcc/avr/4.3.3/../../../../avr/lib\libpololu_atmega168.a(OrangutanLCD.o)
                0x0000283a                print_from_program_space
 .text._ZN12OrangutanLCD5printEPKc
                0x00002840       0x1a c:/winavr-20100110/bin/../lib/gcc/avr/4.3.3/../../../../avr/lib\libpololu_atmega168.a(OrangutanLCD.o)
                0x00002840                OrangutanLCD::print(char const*)
 .text.print    0x0000285a        0x6 c:/winavr-20100110/bin/../lib/gcc/avr/4.3.3/../../../../avr/lib\libpololu_atmega168.a(OrangutanLCD.o)
                0x0000285a                print
 .text._ZN12OrangutanLCD5printEc
                0x00002860        0x6 c:/winavr-20100110/bin/../lib/gcc/avr/4.3.3/../../../../avr/lib\libpololu_atmega168.a(OrangutanLCD.o)
                0x00002860                OrangutanLCD::print(char)
 .text.print_character
                0x00002866        0x6 c:/winavr-20100110/bin/../lib/gcc/avr/4.3.3/../../../../avr/lib\libpololu_atmega168.a(OrangutanLCD.o)
                0x00002866                print_character
 .text.lcd_putchar
                0x0000286c      0x23a c:/winavr-20100110/bin/../lib/gcc/avr/4.3.3/../../../../avr/lib\libpololu_atmega168.a(OrangutanLCD.o)
                0x0000286c                lcd_putchar
 .text._ZN12OrangutanLCD19loadCustomCharacterEPKch
                0x00002aa6       0x4c c:/winavr-20100110/bin/../lib/gcc/avr/4.3.3/../../../../avr/lib\libpololu_atmega168.a(OrangutanLCD.o)
                0x00002aa6                OrangutanLCD::loadCustomCharacter(char const*, unsigned char)
 .text.lcd_load_custom_character
                0x00002af2        0x6 c:/winavr-20100110/bin/../lib/gcc/avr/4.3.3/../../../../avr/lib\libpololu_atmega168.a(OrangutanLCD.o)
                0x00002af2                lcd_load_custom_character
 .text._ZN12OrangutanLCD13send_4bit_cmdEh
                0x00002af8        0xa c:/winavr-20100110/bin/../lib/gcc/avr/4.3.3/../../../../avr/lib\libpololu_atmega168.a(OrangutanLCD.o)
                0x00002af8                OrangutanLCD::send_4bit_cmd(unsigned char)
 .text._ZN12OrangutanLCD6scrollEhhj
                0x00002b02       0x34 c:/winavr-20100110/bin/../lib/gcc/avr/4.3.3/../../../../avr/lib\libpololu_atmega168.a(OrangutanLCD.o)
                0x00002b02                OrangutanLCD::scroll(unsigned char, unsigned char, unsigned int)
 .text.lcd_scroll
                0x00002b36        0x6 c:/winavr-20100110/bin/../lib/gcc/avr/4.3.3/../../../../avr/lib\libpololu_atmega168.a(OrangutanLCD.o)
                0x00002b36                lcd_scroll
 .text._ZN16OrangutanDigital9setOutputEhh
                0x00002b3c       0x98 c:/winavr-20100110/bin/../lib/gcc/avr/4.3.3/../../../../avr/lib\libpololu_atmega168.a(OrangutanMotors.o)
                0x00002b3c                OrangutanDigital::setOutput(unsigned char, unsigned char)
 .text._ZN15OrangutanMotorsC2Ev
                0x00002bd4        0x2 c:/winavr-20100110/bin/../lib/gcc/avr/4.3.3/../../../../avr/lib\libpololu_atmega168.a(OrangutanMotors.o)
                0x00002bd4                OrangutanMotors::OrangutanMotors()
 .text._ZN15OrangutanMotorsC1Ev
                0x00002bd6        0x2 c:/winavr-20100110/bin/../lib/gcc/avr/4.3.3/../../../../avr/lib\libpololu_atmega168.a(OrangutanMotors.o)
                0x00002bd6                OrangutanMotors::OrangutanMotors()
 .text._ZN15OrangutanMotors5init2Ev
                0x00002bd8       0x50 c:/winavr-20100110/bin/../lib/gcc/avr/4.3.3/../../../../avr/lib\libpololu_atmega168.a(OrangutanMotors.o)
                0x00002bd8                OrangutanMotors::init2()
 .text._ZN15OrangutanMotors4initEv
                0x00002c28       0x14 c:/winavr-20100110/bin/../lib/gcc/avr/4.3.3/../../../../avr/lib\libpololu_atmega168.a(OrangutanMotors.o)
                0x00002c28                OrangutanMotors::init()
 .text._ZN15OrangutanMotors10setM1SpeedEi
                0x00002c3c       0x3c c:/winavr-20100110/bin/../lib/gcc/avr/4.3.3/../../../../avr/lib\libpololu_atmega168.a(OrangutanMotors.o)
                0x00002c3c                OrangutanMotors::setM1Speed(int)
 .text.set_m1_speed
                0x00002c78        0x6 c:/winavr-20100110/bin/../lib/gcc/avr/4.3.3/../../../../avr/lib\libpololu_atmega168.a(OrangutanMotors.o)
                0x00002c78                set_m1_speed
 .text._ZN15OrangutanMotors10setM2SpeedEi
                0x00002c7e       0x44 c:/winavr-20100110/bin/../lib/gcc/avr/4.3.3/../../../../avr/lib\libpololu_atmega168.a(OrangutanMotors.o)
                0x00002c7e                OrangutanMotors::setM2Speed(int)
 .text.set_m2_speed
                0x00002cc2        0x6 c:/winavr-20100110/bin/../lib/gcc/avr/4.3.3/../../../../avr/lib\libpololu_atmega168.a(OrangutanMotors.o)
                0x00002cc2                set_m2_speed
 .text._ZN15OrangutanMotors9setSpeedsEii
                0x00002cc8       0x16 c:/winavr-20100110/bin/../lib/gcc/avr/4.3.3/../../../../avr/lib\libpololu_atmega168.a(OrangutanMotors.o)
                0x00002cc8                OrangutanMotors::setSpeeds(int, int)
 .text.set_motors
                0x00002cde        0x6 c:/winavr-20100110/bin/../lib/gcc/avr/4.3.3/../../../../avr/lib\libpololu_atmega168.a(OrangutanMotors.o)
                0x00002cde                set_motors
 .text._ZN20OrangutanPushbuttonsC2Ev
                0x00002ce4        0x2 c:/winavr-20100110/bin/../lib/gcc/avr/4.3.3/../../../../avr/lib\libpololu_atmega168.a(OrangutanPushbuttons.o)
                0x00002ce4                OrangutanPushbuttons::OrangutanPushbuttons()
 .text._ZN20OrangutanPushbuttonsC1Ev
                0x00002ce6        0x2 c:/winavr-20100110/bin/../lib/gcc/avr/4.3.3/../../../../avr/lib\libpololu_atmega168.a(OrangutanPushbuttons.o)
                0x00002ce6                OrangutanPushbuttons::OrangutanPushbuttons()
 .text._ZN20OrangutanPushbuttons4initEv
                0x00002ce8       0x2e c:/winavr-20100110/bin/../lib/gcc/avr/4.3.3/../../../../avr/lib\libpololu_atmega168.a(OrangutanPushbuttons.o)
                0x00002ce8                OrangutanPushbuttons::init()
 .text._ZN20OrangutanPushbuttons5init2Ev
                0x00002d16       0x20 c:/winavr-20100110/bin/../lib/gcc/avr/4.3.3/../../../../avr/lib\libpololu_atmega168.a(OrangutanPushbuttons.o)
                0x00002d16                OrangutanPushbuttons::init2()
 .text._ZN20OrangutanPushbuttons9isPressedEh
                0x00002d36       0x12 c:/winavr-20100110/bin/../lib/gcc/avr/4.3.3/../../../../avr/lib\libpololu_atmega168.a(OrangutanPushbuttons.o)
                0x00002d36                OrangutanPushbuttons::isPressed(unsigned char)
 .text.button_is_pressed
                0x00002d48        0x6 c:/winavr-20100110/bin/../lib/gcc/avr/4.3.3/../../../../avr/lib\libpololu_atmega168.a(OrangutanPushbuttons.o)
                0x00002d48                button_is_pressed
 .text._ZN20OrangutanPushbuttons25getSingleDebouncedReleaseEh
                0x00002d4e      0x15a c:/winavr-20100110/bin/../lib/gcc/avr/4.3.3/../../../../avr/lib\libpololu_atmega168.a(OrangutanPushbuttons.o)
                0x00002d4e                OrangutanPushbuttons::getSingleDebouncedRelease(unsigned char)
 .text.get_single_debounced_button_release
                0x00002ea8        0x6 c:/winavr-20100110/bin/../lib/gcc/avr/4.3.3/../../../../avr/lib\libpololu_atmega168.a(OrangutanPushbuttons.o)
                0x00002ea8                get_single_debounced_button_release
 .text._ZN20OrangutanPushbuttons23getSingleDebouncedPressEh
                0x00002eae      0x15c c:/winavr-20100110/bin/../lib/gcc/avr/4.3.3/../../../../avr/lib\libpololu_atmega168.a(OrangutanPushbuttons.o)
                0x00002eae                OrangutanPushbuttons::getSingleDebouncedPress(unsigned char)
 .text.get_single_debounced_button_press
                0x0000300a        0x6 c:/winavr-20100110/bin/../lib/gcc/avr/4.3.3/../../../../avr/lib\libpololu_atmega168.a(OrangutanPushbuttons.o)
                0x0000300a                get_single_debounced_button_press
 .text._ZN20OrangutanPushbuttons14waitForReleaseEh
                0x00003010       0x3c c:/winavr-20100110/bin/../lib/gcc/avr/4.3.3/../../../../avr/lib\libpololu_atmega168.a(OrangutanPushbuttons.o)
                0x00003010                OrangutanPushbuttons::waitForRelease(unsigned char)
 .text.wait_for_button_release
                0x0000304c        0x6 c:/winavr-20100110/bin/../lib/gcc/avr/4.3.3/../../../../avr/lib\libpololu_atmega168.a(OrangutanPushbuttons.o)
                0x0000304c                wait_for_button_release
 .text._ZN20OrangutanPushbuttons12waitForPressEh
                0x00003052       0x46 c:/winavr-20100110/bin/../lib/gcc/avr/4.3.3/../../../../avr/lib\libpololu_atmega168.a(OrangutanPushbuttons.o)
                0x00003052                OrangutanPushbuttons::waitForPress(unsigned char)
 .text._ZN20OrangutanPushbuttons13waitForButtonEh
                0x00003098       0x12 c:/winavr-20100110/bin/../lib/gcc/avr/4.3.3/../../../../avr/lib\libpololu_atmega168.a(OrangutanPushbuttons.o)
                0x00003098                OrangutanPushbuttons::waitForButton(unsigned char)
 .text.wait_for_button
                0x000030aa        0x6 c:/winavr-20100110/bin/../lib/gcc/avr/4.3.3/../../../../avr/lib\libpololu_atmega168.a(OrangutanPushbuttons.o)
                0x000030aa                wait_for_button
 .text.wait_for_button_press
                0x000030b0        0x6 c:/winavr-20100110/bin/../lib/gcc/avr/4.3.3/../../../../avr/lib\libpololu_atmega168.a(OrangutanPushbuttons.o)
                0x000030b0                wait_for_button_press
 .text._ZN18OrangutanResourcesC2Ev
                0x000030b6        0x2 c:/winavr-20100110/bin/../lib/gcc/avr/4.3.3/../../../../avr/lib\libpololu_atmega168.a(OrangutanResources.o)
                0x000030b6                OrangutanResources::OrangutanResources()
 .text._ZN18OrangutanResourcesC1Ev
                0x000030b8        0x2 c:/winavr-20100110/bin/../lib/gcc/avr/4.3.3/../../../../avr/lib\libpololu_atmega168.a(OrangutanResources.o)
                0x000030b8                OrangutanResources::OrangutanResources()
 .text._ZN18OrangutanResources10getFreeRAMEv
                0x000030ba       0x38 c:/winavr-20100110/bin/../lib/gcc/avr/4.3.3/../../../../avr/lib\libpololu_atmega168.a(OrangutanResources.o)
                0x000030ba                OrangutanResources::getFreeRAM()
 .text.get_free_ram
                0x000030f2        0x6 c:/winavr-20100110/bin/../lib/gcc/avr/4.3.3/../../../../avr/lib\libpololu_atmega168.a(OrangutanResources.o)
                0x000030f2                get_free_ram
 .text.__vector_9
                0x000030f8       0x74 c:/winavr-20100110/bin/../lib/gcc/avr/4.3.3/../../../../avr/lib\libpololu_atmega168.a(OrangutanTime.o)
                0x000030f8                __vector_9
 .text.delay_ms
                0x0000316c       0x1e c:/winavr-20100110/bin/../lib/gcc/avr/4.3.3/../../../../avr/lib\libpololu_atmega168.a(OrangutanTime.o)
                0x0000316c                delay_ms
 .text._ZN13OrangutanTime19ticksToMicrosecondsEm
                0x0000318a       0x22 c:/winavr-20100110/bin/../lib/gcc/avr/4.3.3/../../../../avr/lib\libpololu_atmega168.a(OrangutanTime.o)
                0x0000318a                OrangutanTime::ticksToMicroseconds(unsigned long)
 .text.ticks_to_microseconds
                0x000031ac        0x6 c:/winavr-20100110/bin/../lib/gcc/avr/4.3.3/../../../../avr/lib\libpololu_atmega168.a(OrangutanTime.o)
                0x000031ac                ticks_to_microseconds
 .text._ZN13OrangutanTime17delayMillisecondsEj
                0x000031b2       0x1e c:/winavr-20100110/bin/../lib/gcc/avr/4.3.3/../../../../avr/lib\libpololu_atmega168.a(OrangutanTime.o)
                0x000031b2                OrangutanTime::delayMilliseconds(unsigned int)
 .text._ZN13OrangutanTime5init2Ev
                0x000031d0       0x30 c:/winavr-20100110/bin/../lib/gcc/avr/4.3.3/../../../../avr/lib\libpololu_atmega168.a(OrangutanTime.o)
                0x000031d0                OrangutanTime::init2()
 .text._ZN13OrangutanTime4initEv
                0x00003200       0x14 c:/winavr-20100110/bin/../lib/gcc/avr/4.3.3/../../../../avr/lib\libpololu_atmega168.a(OrangutanTime.o)
                0x00003200                OrangutanTime::init()
 .text._ZN13OrangutanTime2msEv
                0x00003214       0x2a c:/winavr-20100110/bin/../lib/gcc/avr/4.3.3/../../../../avr/lib\libpololu_atmega168.a(OrangutanTime.o)
                0x00003214                OrangutanTime::ms()
 .text.get_ms   0x0000323e        0x6 c:/winavr-20100110/bin/../lib/gcc/avr/4.3.3/../../../../avr/lib\libpololu_atmega168.a(OrangutanTime.o)
                0x0000323e                get_ms
 .text._ZN13OrangutanTime5ticksEv
                0x00003244       0x6a c:/winavr-20100110/bin/../lib/gcc/avr/4.3.3/../../../../avr/lib\libpololu_atmega168.a(OrangutanTime.o)
                0x00003244                OrangutanTime::ticks()
 .text.get_ticks
                0x000032ae        0x6 c:/winavr-20100110/bin/../lib/gcc/avr/4.3.3/../../../../avr/lib\libpololu_atmega168.a(OrangutanTime.o)
                0x000032ae                get_ticks
 .text._ZN13OrangutanTime5resetEv
                0x000032b4       0x2e c:/winavr-20100110/bin/../lib/gcc/avr/4.3.3/../../../../avr/lib\libpololu_atmega168.a(OrangutanTime.o)
                0x000032b4                OrangutanTime::reset()
 .text.time_reset
                0x000032e2        0x6 c:/winavr-20100110/bin/../lib/gcc/avr/4.3.3/../../../../avr/lib\libpololu_atmega168.a(OrangutanTime.o)
                0x000032e2                time_reset
 .text.libgcc   0x000032e8       0x3e c:/winavr-20100110/bin/../lib/gcc/avr/4.3.3/avr5\libgcc.a(_mulsi3.o)
                0x000032e8                __mulsi3
 .text.libgcc   0x00003326       0x18 c:/winavr-20100110/bin/../lib/gcc/avr/4.3.3/avr5\libgcc.a(_udivmodqi4.o)
                0x00003326                __udivmodqi4
 .text.libgcc   0x0000333e       0x28 c:/winavr-20100110/bin/../lib/gcc/avr/4.3.3/avr5\libgcc.a(_udivmodhi4.o)
                0x0000333e                __udivmodhi4
 .text.libgcc   0x00003366       0x26 c:/winavr-20100110/bin/../lib/gcc/avr/4.3.3/avr5\libgcc.a(_divmodhi4.o)
                0x00003366                __divmodhi4
                0x00003366                _div
 .text.libgcc   0x0000338c       0x44 c:/winavr-20100110/bin/../lib/gcc/avr/4.3.3/avr5\libgcc.a(_udivmodsi4.o)
                0x0000338c                __udivmodsi4
 .text.libgcc   0x000033d0       0x36 c:/winavr-20100110/bin/../lib/gcc/avr/4.3.3/avr5\libgcc.a(_divmodsi4.o)
                0x000033d0                __divmodsi4
 .text.libgcc   0x00003406       0x38 c:/winavr-20100110/bin/../lib/gcc/avr/4.3.3/avr5\libgcc.a(_prologue.o)
                0x00003406                __prologue_saves__
 .text.libgcc   0x0000343e       0x36 c:/winavr-20100110/bin/../lib/gcc/avr/4.3.3/avr5\libgcc.a(_epilogue.o)
                0x0000343e                __epilogue_restores__
 .text.libgcc   0x00003474        0x0 c:/winavr-20100110/bin/../lib/gcc/avr/4.3.3/avr5\libgcc.a(_exit.o)
 .text.libgcc   0x00003474        0xc c:/winavr-20100110/bin/../lib/gcc/avr/4.3.3/avr5\libgcc.a(_tablejump.o)
                0x00003478                __tablejump__
                0x00003474                __tablejump2__
 .text.libgcc   0x00003480        0x0 c:/winavr-20100110/bin/../lib/gcc/avr/4.3.3/avr5\libgcc.a(_copy_data.o)
 .text.libgcc   0x00003480        0x0 c:/winavr-20100110/bin/../lib/gcc/avr/4.3.3/avr5\libgcc.a(_clear_bss.o)
 .text.avr-libc
                0x00003480      0x20a c:/winavr-20100110/bin/../lib/gcc/avr/4.3.3/../../../../avr/lib/avr5\libc.a(malloc.o)
                0x00003480                malloc
                0x000035da                free
 .text.avr-libc
                0x0000368a       0x98 c:/winavr-20100110/bin/../lib/gcc/avr/4.3.3/../../../../avr/lib/avr5\libc.a(fdevopen.o)
                0x0000368a                fdevopen
 .text.avr-libc
                0x00003722       0x38 c:/winavr-20100110/bin/../lib/gcc/avr/4.3.3/../../../../avr/lib/avr5\libc.a(calloc.o)
                0x00003722                calloc
 .text.avr-libc
                0x0000375a        0xe c:/winavr-20100110/bin/../lib/gcc/avr/4.3.3/../../../../avr/lib/avr5\libc.a(memset.o)
                0x0000375a                memset
                0x00003768                . = ALIGN (0x2)
 *(.fini9)
 .fini9         0x00003768        0x0 c:/winavr-20100110/bin/../lib/gcc/avr/4.3.3/avr5\libgcc.a(_exit.o)
                0x00003768                exit
                0x00003768                _exit
 *(.fini9)
 *(.fini8)
 *(.fini8)
 *(.fini7)
 *(.fini7)
 *(.fini6)
 *(.fini6)
 *(.fini5)
 *(.fini5)
 *(.fini4)
 *(.fini4)
 *(.fini3)
 *(.fini3)
 *(.fini2)
 *(.fini2)
 *(.fini1)
 *(.fini1)
 *(.fini0)
 .fini0         0x00003768        0x4 c:/winavr-20100110/bin/../lib/gcc/avr/4.3.3/avr5\libgcc.a(_exit.o)
 *(.fini0)
                0x0000376c                _etext = .

.data           0x00800100      0x178 load address 0x0000376c
                0x00800100                PROVIDE (__data_start, .)
 *(.data)
 .data          0x00800100        0x0 c:/winavr-20100110/bin/../lib/gcc/avr/4.3.3/../../../../avr/lib/avr5/crtm168.o
 .data          0x00800100       0x5b maze-solver.o
 .data          0x0080015b        0x2 c:/winavr-20100110/bin/../lib/gcc/avr/4.3.3/../../../../avr/lib\libpololu_atmega168.a(OrangutanAnalog.o)
 .data          0x0080015d        0x9 c:/winavr-20100110/bin/../lib/gcc/avr/4.3.3/../../../../avr/lib\libpololu_atmega168.a(OrangutanBuzzer.o)
 .data          0x00800166        0x2 c:/winavr-20100110/bin/../lib/gcc/avr/4.3.3/../../../../avr/lib\libpololu_atmega168.a(OrangutanLCD.o)
                0x00800167                numLCDCols
                0x00800166                numLCDRows
 .data          0x00800168        0x0 c:/winavr-20100110/bin/../lib/gcc/avr/4.3.3/../../../../avr/lib\libpololu_atmega168.a(OrangutanMotors.o)
 .data          0x00800168        0x0 c:/winavr-20100110/bin/../lib/gcc/avr/4.3.3/../../../../avr/lib\libpololu_atmega168.a(OrangutanPushbuttons.o)
 .data          0x00800168        0x1 c:/winavr-20100110/bin/../lib/gcc/avr/4.3.3/../../../../avr/lib\libpololu_atmega168.a(OrangutanResources.o)
                0x00800168                buzzerFinished
 .data          0x00800169        0x0 c:/winavr-20100110/bin/../lib/gcc/avr/4.3.3/../../../../avr/lib\libpololu_atmega168.a(OrangutanTime.o)
 .data          0x00800169        0x0 c:/winavr-20100110/bin/../lib/gcc/avr/4.3.3/avr5\libgcc.a(_mulsi3.o)
 .data          0x00800169        0x0 c:/winavr-20100110/bin/../lib/gcc/avr/4.3.3/avr5\libgcc.a(_udivmodqi4.o)
 .data          0x00800169        0x0 c:/winavr-20100110/bin/../lib/gcc/avr/4.3.3/avr5\libgcc.a(_udivmodhi4.o)
 .data          0x00800169        0x0 c:/winavr-20100110/bin/../lib/gcc/avr/4.3.3/avr5\libgcc.a(_divmodhi4.o)
 .data          0x00800169        0x0 c:/winavr-20100110/bin/../lib/gcc/avr/4.3.3/avr5\libgcc.a(_udivmodsi4.o)
 .data          0x00800169        0x0 c:/winavr-20100110/bin/../lib/gcc/avr/4.3.3/avr5\libgcc.a(_divmodsi4.o)
 .data          0x00800169        0x0 c:/winavr-20100110/bin/../lib/gcc/avr/4.3.3/avr5\libgcc.a(_prologue.o)
 .data          0x00800169        0x0 c:/winavr-20100110/bin/../lib/gcc/avr/4.3.3/avr5\libgcc.a(_epilogue.o)
 .data          0x00800169        0x0 c:/winavr-20100110/bin/../lib/gcc/avr/4.3.3/avr5\libgcc.a(_exit.o)
 .data          0x00800169        0x0 c:/winavr-20100110/bin/../lib/gcc/avr/4.3.3/avr5\libgcc.a(_tablejump.o)
 .data          0x00800169        0x0 c:/winavr-20100110/bin/../lib/gcc/avr/4.3.3/avr5\libgcc.a(_copy_data.o)
 .data          0x00800169        0x0 c:/winavr-20100110/bin/../lib/gcc/avr/4.3.3/avr5\libgcc.a(_clear_bss.o)
 .data          0x00800169        0x0 c:/winavr-20100110/bin/../lib/gcc/avr/4.3.3/avr5\libgcc.a(_addsub_sf.o)
 .data          0x00800169        0x0 c:/winavr-20100110/bin/../lib/gcc/avr/4.3.3/avr5\libgcc.a(_mul_sf.o)
 .data          0x00800169        0x0 c:/winavr-20100110/bin/../lib/gcc/avr/4.3.3/avr5\libgcc.a(_div_sf.o)
 .data          0x00800169        0x0 c:/winavr-20100110/bin/../lib/gcc/avr/4.3.3/avr5\libgcc.a(_gt_sf.o)
 .data          0x00800169        0x0 c:/winavr-20100110/bin/../lib/gcc/avr/4.3.3/avr5\libgcc.a(_lt_sf.o)
 .data          0x00800169        0x0 c:/winavr-20100110/bin/../lib/gcc/avr/4.3.3/avr5\libgcc.a(_si_to_sf.o)
 .data          0x00800169        0x0 c:/winavr-20100110/bin/../lib/gcc/avr/4.3.3/avr5\libgcc.a(_sf_to_si.o)
 .data          0x00800169        0x8 c:/winavr-20100110/bin/../lib/gcc/avr/4.3.3/avr5\libgcc.a(_thenan_sf.o)
                0x00800169                __thenan_sf
 .data          0x00800171        0x0 c:/winavr-20100110/bin/../lib/gcc/avr/4.3.3/avr5\libgcc.a(_clzsi2.o)
 .data          0x00800171        0x0 c:/winavr-20100110/bin/../lib/gcc/avr/4.3.3/avr5\libgcc.a(_pack_sf.o)
 .data          0x00800171        0x0 c:/winavr-20100110/bin/../lib/gcc/avr/4.3.3/avr5\libgcc.a(_unpack_sf.o)
 .data          0x00800171        0x0 c:/winavr-20100110/bin/../lib/gcc/avr/4.3.3/avr5\libgcc.a(_fpcmp_parts_sf.o)
 .data          0x00800171      0x100 c:/winavr-20100110/bin/../lib/gcc/avr/4.3.3/avr5\libgcc.a(_clz.o)
                0x00800171                __clz_tab
 .data          0x00800271        0x6 c:/winavr-20100110/bin/../lib/gcc/avr/4.3.3/../../../../avr/lib/avr5\libc.a(malloc.o)
                0x00800273                __malloc_heap_start
                0x00800275                __malloc_heap_end
                0x00800271                __malloc_margin
 .data          0x00800277        0x0 c:/winavr-20100110/bin/../lib/gcc/avr/4.3.3/../../../../avr/lib/avr5\libc.a(fdevopen.o)
 .data          0x00800277        0x0 c:/winavr-20100110/bin/../lib/gcc/avr/4.3.3/../../../../avr/lib/avr5\libc.a(iob.o)
 .data          0x00800277        0x0 c:/winavr-20100110/bin/../lib/gcc/avr/4.3.3/../../../../avr/lib/avr5\libc.a(calloc.o)
 .data          0x00800277        0x0 c:/winavr-20100110/bin/../lib/gcc/avr/4.3.3/../../../../avr/lib/avr5\libc.a(memset.o)
 *(.data*)
 *(.rodata)
 *(.rodata*)
 *(.gnu.linkonce.d*)
                0x00800278                . = ALIGN (0x2)
 *fill*         0x00800277        0x1 00
                0x00800278                _edata = .
                0x00800278                PROVIDE (__data_end, .)

.bss            0x00800278       0x35
                0x00800278                PROVIDE (__bss_start, .)
 *(.bss)
 .bss           0x00800278        0x0 c:/winavr-20100110/bin/../lib/gcc/avr/4.3.3/../../../../avr/lib/avr5/crtm168.o
 .bss           0x00800278        0x0 maze-solver.o
 .bss           0x00800278        0x0 c:/winavr-20100110/bin/../lib/gcc/avr/4.3.3/../../../../avr/lib\libpololu_atmega168.a(OrangutanAnalog.o)
 .bss           0x00800278        0x6 c:/winavr-20100110/bin/../lib/gcc/avr/4.3.3/../../../../avr/lib\libpololu_atmega168.a(OrangutanBuzzer.o)
 .bss           0x0080027e        0x9 c:/winavr-20100110/bin/../lib/gcc/avr/4.3.3/../../../../avr/lib\libpololu_atmega168.a(OrangutanLCD.o)
                0x0080027e                printf_chars
                0x00800282                lcdTimeout
                0x00800281                col
                0x00800286                OrangutanLCD::init()::initialized
                0x00800280                row
 .bss           0x00800287        0x1 c:/winavr-20100110/bin/../lib/gcc/avr/4.3.3/../../../../avr/lib\libpololu_atmega168.a(OrangutanMotors.o)
                0x00800287                OrangutanMotors::init()::initialized
 .bss           0x00800288        0xd c:/winavr-20100110/bin/../lib/gcc/avr/4.3.3/../../../../avr/lib\libpololu_atmega168.a(OrangutanPushbuttons.o)
                0x00800288                OrangutanPushbuttons::init()::initialized
 .bss           0x00800295        0x3 c:/winavr-20100110/bin/../lib/gcc/avr/4.3.3/../../../../avr/lib\libpololu_atmega168.a(OrangutanResources.o)
                0x00800295                buzzerInitialized
                0x00800296                buzzerSequence
 .bss           0x00800298        0xb c:/winavr-20100110/bin/../lib/gcc/avr/4.3.3/../../../../avr/lib\libpololu_atmega168.a(OrangutanTime.o)
                0x008002a2                OrangutanTime::init()::initialized
                0x00800298                tickCount
                0x0080029c                msCounter
                0x008002a0                us_over_10
 .bss           0x008002a3        0x0 c:/winavr-20100110/bin/../lib/gcc/avr/4.3.3/avr5\libgcc.a(_mulsi3.o)
 .bss           0x008002a3        0x0 c:/winavr-20100110/bin/../lib/gcc/avr/4.3.3/avr5\libgcc.a(_udivmodqi4.o)
 .bss           0x008002a3        0x0 c:/winavr-20100110/bin/../lib/gcc/avr/4.3.3/avr5\libgcc.a(_udivmodhi4.o)
 .bss           0x008002a3        0x0 c:/winavr-20100110/bin/../lib/gcc/avr/4.3.3/avr5\libgcc.a(_divmodhi4.o)
 .bss           0x008002a3        0x0 c:/winavr-20100110/bin/../lib/gcc/avr/4.3.3/avr5\libgcc.a(_udivmodsi4.o)
 .bss           0x008002a3        0x0 c:/winavr-20100110/bin/../lib/gcc/avr/4.3.3/avr5\libgcc.a(_divmodsi4.o)
 .bss           0x008002a3        0x0 c:/winavr-20100110/bin/../lib/gcc/avr/4.3.3/avr5\libgcc.a(_prologue.o)
 .bss           0x008002a3        0x0 c:/winavr-20100110/bin/../lib/gcc/avr/4.3.3/avr5\libgcc.a(_epilogue.o)
 .bss           0x008002a3        0x0 c:/winavr-20100110/bin/../lib/gcc/avr/4.3.3/avr5\libgcc.a(_exit.o)
 .bss           0x008002a3        0x0 c:/winavr-20100110/bin/../lib/gcc/avr/4.3.3/avr5\libgcc.a(_tablejump.o)
 .bss           0x008002a3        0x0 c:/winavr-20100110/bin/../lib/gcc/avr/4.3.3/avr5\libgcc.a(_copy_data.o)
 .bss           0x008002a3        0x0 c:/winavr-20100110/bin/../lib/gcc/avr/4.3.3/avr5\libgcc.a(_clear_bss.o)
 .bss           0x008002a3        0x0 c:/winavr-20100110/bin/../lib/gcc/avr/4.3.3/avr5\libgcc.a(_addsub_sf.o)
 .bss           0x008002a3        0x0 c:/winavr-20100110/bin/../lib/gcc/avr/4.3.3/avr5\libgcc.a(_mul_sf.o)
 .bss           0x008002a3        0x0 c:/winavr-20100110/bin/../lib/gcc/avr/4.3.3/avr5\libgcc.a(_div_sf.o)
 .bss           0x008002a3        0x0 c:/winavr-20100110/bin/../lib/gcc/avr/4.3.3/avr5\libgcc.a(_gt_sf.o)
 .bss           0x008002a3        0x0 c:/winavr-20100110/bin/../lib/gcc/avr/4.3.3/avr5\libgcc.a(_lt_sf.o)
 .bss           0x008002a3        0x0 c:/winavr-20100110/bin/../lib/gcc/avr/4.3.3/avr5\libgcc.a(_si_to_sf.o)
 .bss           0x008002a3        0x0 c:/winavr-20100110/bin/../lib/gcc/avr/4.3.3/avr5\libgcc.a(_sf_to_si.o)
 .bss           0x008002a3        0x0 c:/winavr-20100110/bin/../lib/gcc/avr/4.3.3/avr5\libgcc.a(_thenan_sf.o)
 .bss           0x008002a3        0x0 c:/winavr-20100110/bin/../lib/gcc/avr/4.3.3/avr5\libgcc.a(_clzsi2.o)
 .bss           0x008002a3        0x0 c:/winavr-20100110/bin/../lib/gcc/avr/4.3.3/avr5\libgcc.a(_pack_sf.o)
 .bss           0x008002a3        0x0 c:/winavr-20100110/bin/../lib/gcc/avr/4.3.3/avr5\libgcc.a(_unpack_sf.o)
 .bss           0x008002a3        0x0 c:/winavr-20100110/bin/../lib/gcc/avr/4.3.3/avr5\libgcc.a(_fpcmp_parts_sf.o)
 .bss           0x008002a3        0x0 c:/winavr-20100110/bin/../lib/gcc/avr/4.3.3/avr5\libgcc.a(_clz.o)
 .bss           0x008002a3        0x0 c:/winavr-20100110/bin/../lib/gcc/avr/4.3.3/../../../../avr/lib/avr5\libc.a(malloc.o)
 .bss           0x008002a3        0x0 c:/winavr-20100110/bin/../lib/gcc/avr/4.3.3/../../../../avr/lib/avr5\libc.a(fdevopen.o)
 .bss           0x008002a3        0x0 c:/winavr-20100110/bin/../lib/gcc/avr/4.3.3/../../../../avr/lib/avr5\libc.a(iob.o)
 .bss           0x008002a3        0x0 c:/winavr-20100110/bin/../lib/gcc/avr/4.3.3/../../../../avr/lib/avr5\libc.a(calloc.o)
 .bss           0x008002a3        0x0 c:/winavr-20100110/bin/../lib/gcc/avr/4.3.3/../../../../avr/lib/avr5\libc.a(memset.o)
 *(.bss*)
 *(COMMON)
 COMMON         0x008002a3        0x4 c:/winavr-20100110/bin/../lib/gcc/avr/4.3.3/../../../../avr/lib/avr5\libc.a(malloc.o)
                0x008002a3                __brkval
                0x008002a5                __flp
 COMMON         0x008002a7        0x6 c:/winavr-20100110/bin/../lib/gcc/avr/4.3.3/../../../../avr/lib/avr5\libc.a(iob.o)
                0x008002a7                __iob
                0x008002ad                PROVIDE (__bss_end, .)
                0x0000376c                __data_load_start = LOADADDR (.data)
                0x000038e4                __data_load_end = (__data_load_start + SIZEOF (.data))

.noinit         0x008002ad        0x0
                0x008002ad                PROVIDE (__noinit_start, .)
 *(.noinit*)
                0x008002ad                PROVIDE (__noinit_end, .)
                0x008002ad                _end = .
                0x008002ad                PROVIDE (__heap_start, .)

.eeprom         0x00810000        0x0
 *(.eeprom*)
                0x00810000                __eeprom_end = .

.fuse
 *(.fuse)
 *(.lfuse)
 *(.hfuse)
 *(.efuse)

.lock
 *(.lock*)

.signature
 *(.signature*)

.stab
 *(.stab)

.stabstr
 *(.stabstr)

.stab.excl
 *(.stab.excl)

.stab.exclstr
 *(.stab.exclstr)

.stab.index
 *(.stab.index)

.stab.indexstr
 *(.stab.indexstr)

.comment
 *(.comment)

.debug
 *(.debug)

.line
 *(.line)

.debug_srcinfo
 *(.debug_srcinfo)

.debug_sfnames
 *(.debug_sfnames)

.debug_aranges  0x00000000      0x6c0
 *(.debug_aranges)
 .debug_aranges
                0x00000000       0x20 maze-solver.o
 .debug_aranges
                0x00000020      0x120 c:/winavr-20100110/bin/../lib/gcc/avr/4.3.3/../../../../avr/lib\libpololu_atmega168.a(OrangutanAnalog.o)
 .debug_aranges
                0x00000140       0xd0 c:/winavr-20100110/bin/../lib/gcc/avr/4.3.3/../../../../avr/lib\libpololu_atmega168.a(OrangutanBuzzer.o)
 .debug_aranges
                0x00000210      0x190 c:/winavr-20100110/bin/../lib/gcc/avr/4.3.3/../../../../avr/lib\libpololu_atmega168.a(OrangutanLCD.o)
 .debug_aranges
                0x000003a0       0x70 c:/winavr-20100110/bin/../lib/gcc/avr/4.3.3/../../../../avr/lib\libpololu_atmega168.a(OrangutanMotors.o)
 .debug_aranges
                0x00000410       0x98 c:/winavr-20100110/bin/../lib/gcc/avr/4.3.3/../../../../avr/lib\libpololu_atmega168.a(OrangutanPushbuttons.o)
 .debug_aranges
                0x000004a8       0x38 c:/winavr-20100110/bin/../lib/gcc/avr/4.3.3/../../../../avr/lib\libpololu_atmega168.a(OrangutanResources.o)
 .debug_aranges
                0x000004e0       0x80 c:/winavr-20100110/bin/../lib/gcc/avr/4.3.3/../../../../avr/lib\libpololu_atmega168.a(OrangutanTime.o)
 .debug_aranges
                0x00000560       0x20 c:/winavr-20100110/bin/../lib/gcc/avr/4.3.3/avr5\libgcc.a(_addsub_sf.o)
 .debug_aranges
                0x00000580       0x20 c:/winavr-20100110/bin/../lib/gcc/avr/4.3.3/avr5\libgcc.a(_mul_sf.o)
 .debug_aranges
                0x000005a0       0x20 c:/winavr-20100110/bin/../lib/gcc/avr/4.3.3/avr5\libgcc.a(_div_sf.o)
 .debug_aranges
                0x000005c0       0x20 c:/winavr-20100110/bin/../lib/gcc/avr/4.3.3/avr5\libgcc.a(_gt_sf.o)
 .debug_aranges
                0x000005e0       0x20 c:/winavr-20100110/bin/../lib/gcc/avr/4.3.3/avr5\libgcc.a(_lt_sf.o)
 .debug_aranges
                0x00000600       0x20 c:/winavr-20100110/bin/../lib/gcc/avr/4.3.3/avr5\libgcc.a(_si_to_sf.o)
 .debug_aranges
                0x00000620       0x20 c:/winavr-20100110/bin/../lib/gcc/avr/4.3.3/avr5\libgcc.a(_sf_to_si.o)
 .debug_aranges
                0x00000640       0x20 c:/winavr-20100110/bin/../lib/gcc/avr/4.3.3/avr5\libgcc.a(_clzsi2.o)
 .debug_aranges
                0x00000660       0x20 c:/winavr-20100110/bin/../lib/gcc/avr/4.3.3/avr5\libgcc.a(_pack_sf.o)
 .debug_aranges
                0x00000680       0x20 c:/winavr-20100110/bin/../lib/gcc/avr/4.3.3/avr5\libgcc.a(_unpack_sf.o)
 .debug_aranges
                0x000006a0       0x20 c:/winavr-20100110/bin/../lib/gcc/avr/4.3.3/avr5\libgcc.a(_fpcmp_parts_sf.o)

.debug_pubnames
                0x00000000     0x1478
 *(.debug_pubnames)
 .debug_pubnames
                0x00000000      0x17b maze-solver.o
 .debug_pubnames
                0x0000017b      0x44b c:/winavr-20100110/bin/../lib/gcc/avr/4.3.3/../../../../avr/lib\libpololu_atmega168.a(OrangutanAnalog.o)
 .debug_pubnames
                0x000005c6      0x20c c:/winavr-20100110/bin/../lib/gcc/avr/4.3.3/../../../../avr/lib\libpololu_atmega168.a(OrangutanBuzzer.o)
 .debug_pubnames
                0x000007d2      0x4ef c:/winavr-20100110/bin/../lib/gcc/avr/4.3.3/../../../../avr/lib\libpololu_atmega168.a(OrangutanLCD.o)
 .debug_pubnames
                0x00000cc1      0x151 c:/winavr-20100110/bin/../lib/gcc/avr/4.3.3/../../../../avr/lib\libpololu_atmega168.a(OrangutanMotors.o)
 .debug_pubnames
                0x00000e12      0x26f c:/winavr-20100110/bin/../lib/gcc/avr/4.3.3/../../../../avr/lib\libpololu_atmega168.a(OrangutanPushbuttons.o)
 .debug_pubnames
                0x00001081       0xd8 c:/winavr-20100110/bin/../lib/gcc/avr/4.3.3/../../../../avr/lib\libpololu_atmega168.a(OrangutanResources.o)
 .debug_pubnames
                0x00001159      0x170 c:/winavr-20100110/bin/../lib/gcc/avr/4.3.3/../../../../avr/lib\libpololu_atmega168.a(OrangutanTime.o)
 .debug_pubnames
                0x000012c9       0x2c c:/winavr-20100110/bin/../lib/gcc/avr/4.3.3/avr5\libgcc.a(_addsub_sf.o)
 .debug_pubnames
                0x000012f5       0x1f c:/winavr-20100110/bin/../lib/gcc/avr/4.3.3/avr5\libgcc.a(_mul_sf.o)
 .debug_pubnames
                0x00001314       0x1f c:/winavr-20100110/bin/../lib/gcc/avr/4.3.3/avr5\libgcc.a(_div_sf.o)
 .debug_pubnames
                0x00001333       0x1e c:/winavr-20100110/bin/../lib/gcc/avr/4.3.3/avr5\libgcc.a(_gt_sf.o)
 .debug_pubnames
                0x00001351       0x1e c:/winavr-20100110/bin/../lib/gcc/avr/4.3.3/avr5\libgcc.a(_lt_sf.o)
 .debug_pubnames
                0x0000136f       0x22 c:/winavr-20100110/bin/../lib/gcc/avr/4.3.3/avr5\libgcc.a(_si_to_sf.o)
 .debug_pubnames
                0x00001391       0x20 c:/winavr-20100110/bin/../lib/gcc/avr/4.3.3/avr5\libgcc.a(_sf_to_si.o)
 .debug_pubnames
                0x000013b1       0x22 c:/winavr-20100110/bin/../lib/gcc/avr/4.3.3/avr5\libgcc.a(_thenan_sf.o)
 .debug_pubnames
                0x000013d3       0x1f c:/winavr-20100110/bin/../lib/gcc/avr/4.3.3/avr5\libgcc.a(_clzsi2.o)
 .debug_pubnames
                0x000013f2       0x1f c:/winavr-20100110/bin/../lib/gcc/avr/4.3.3/avr5\libgcc.a(_pack_sf.o)
 .debug_pubnames
                0x00001411       0x21 c:/winavr-20100110/bin/../lib/gcc/avr/4.3.3/avr5\libgcc.a(_unpack_sf.o)
 .debug_pubnames
                0x00001432       0x26 c:/winavr-20100110/bin/../lib/gcc/avr/4.3.3/avr5\libgcc.a(_fpcmp_parts_sf.o)
 .debug_pubnames
                0x00001458       0x20 c:/winavr-20100110/bin/../lib/gcc/avr/4.3.3/avr5\libgcc.a(_clz.o)

.debug_info     0x00000000     0x5883
 *(.debug_info)
 .debug_info    0x00000000      0x69e maze-solver.o
 .debug_info    0x0000069e      0xa33 c:/winavr-20100110/bin/../lib/gcc/avr/4.3.3/../../../../avr/lib\libpololu_atmega168.a(OrangutanAnalog.o)
 .debug_info    0x000010d1      0x71d c:/winavr-20100110/bin/../lib/gcc/avr/4.3.3/../../../../avr/lib\libpololu_atmega168.a(OrangutanBuzzer.o)
 .debug_info    0x000017ee     0x10a0 c:/winavr-20100110/bin/../lib/gcc/avr/4.3.3/../../../../avr/lib\libpololu_atmega168.a(OrangutanLCD.o)
 .debug_info    0x0000288e      0x463 c:/winavr-20100110/bin/../lib/gcc/avr/4.3.3/../../../../avr/lib\libpololu_atmega168.a(OrangutanMotors.o)
 .debug_info    0x00002cf1      0x5b7 c:/winavr-20100110/bin/../lib/gcc/avr/4.3.3/../../../../avr/lib\libpololu_atmega168.a(OrangutanPushbuttons.o)
 .debug_info    0x000032a8      0x1bb c:/winavr-20100110/bin/../lib/gcc/avr/4.3.3/../../../../avr/lib\libpololu_atmega168.a(OrangutanResources.o)
 .debug_info    0x00003463      0x344 c:/winavr-20100110/bin/../lib/gcc/avr/4.3.3/../../../../avr/lib\libpololu_atmega168.a(OrangutanTime.o)
 .debug_info    0x000037a7      0x47a c:/winavr-20100110/bin/../lib/gcc/avr/4.3.3/avr5\libgcc.a(_addsub_sf.o)
 .debug_info    0x00003c21      0x485 c:/winavr-20100110/bin/../lib/gcc/avr/4.3.3/avr5\libgcc.a(_mul_sf.o)
 .debug_info    0x000040a6      0x3fc c:/winavr-20100110/bin/../lib/gcc/avr/4.3.3/avr5\libgcc.a(_div_sf.o)
 .debug_info    0x000044a2      0x27f c:/winavr-20100110/bin/../lib/gcc/avr/4.3.3/avr5\libgcc.a(_gt_sf.o)
 .debug_info    0x00004721      0x27f c:/winavr-20100110/bin/../lib/gcc/avr/4.3.3/avr5\libgcc.a(_lt_sf.o)
 .debug_info    0x000049a0      0x207 c:/winavr-20100110/bin/../lib/gcc/avr/4.3.3/avr5\libgcc.a(_si_to_sf.o)
 .debug_info    0x00004ba7      0x2b0 c:/winavr-20100110/bin/../lib/gcc/avr/4.3.3/avr5\libgcc.a(_sf_to_si.o)
 .debug_info    0x00004e57      0x12c c:/winavr-20100110/bin/../lib/gcc/avr/4.3.3/avr5\libgcc.a(_thenan_sf.o)
 .debug_info    0x00004f83      0x117 c:/winavr-20100110/bin/../lib/gcc/avr/4.3.3/avr5\libgcc.a(_clzsi2.o)
 .debug_info    0x0000509a      0x2df c:/winavr-20100110/bin/../lib/gcc/avr/4.3.3/avr5\libgcc.a(_pack_sf.o)
 .debug_info    0x00005379      0x251 c:/winavr-20100110/bin/../lib/gcc/avr/4.3.3/avr5\libgcc.a(_unpack_sf.o)
 .debug_info    0x000055ca      0x210 c:/winavr-20100110/bin/../lib/gcc/avr/4.3.3/avr5\libgcc.a(_fpcmp_parts_sf.o)
 .debug_info    0x000057da       0xa9 c:/winavr-20100110/bin/../lib/gcc/avr/4.3.3/avr5\libgcc.a(_clz.o)
 *(.gnu.linkonce.wi.*)

.debug_abbrev   0x00000000     0x23df
 *(.debug_abbrev)
 .debug_abbrev  0x00000000      0x1ba maze-solver.o
 .debug_abbrev  0x000001ba      0x26d c:/winavr-20100110/bin/../lib/gcc/avr/4.3.3/../../../../avr/lib\libpololu_atmega168.a(OrangutanAnalog.o)
 .debug_abbrev  0x00000427      0x2cd c:/winavr-20100110/bin/../lib/gcc/avr/4.3.3/../../../../avr/lib\libpololu_atmega168.a(OrangutanBuzzer.o)
 .debug_abbrev  0x000006f4      0x3fc c:/winavr-20100110/bin/../lib/gcc/avr/4.3.3/../../../../avr/lib\libpololu_atmega168.a(OrangutanLCD.o)
 .debug_abbrev  0x00000af0      0x225 c:/winavr-20100110/bin/../lib/gcc/avr/4.3.3/../../../../avr/lib\libpololu_atmega168.a(OrangutanMotors.o)
 .debug_abbrev  0x00000d15      0x1f2 c:/winavr-20100110/bin/../lib/gcc/avr/4.3.3/../../../../avr/lib\libpololu_atmega168.a(OrangutanPushbuttons.o)
 .debug_abbrev  0x00000f07      0x124 c:/winavr-20100110/bin/../lib/gcc/avr/4.3.3/../../../../avr/lib\libpololu_atmega168.a(OrangutanResources.o)
 .debug_abbrev  0x0000102b      0x1f4 c:/winavr-20100110/bin/../lib/gcc/avr/4.3.3/../../../../avr/lib\libpololu_atmega168.a(OrangutanTime.o)
 .debug_abbrev  0x0000121f      0x1ea c:/winavr-20100110/bin/../lib/gcc/avr/4.3.3/avr5\libgcc.a(_addsub_sf.o)
 .debug_abbrev  0x00001409      0x21b c:/winavr-20100110/bin/../lib/gcc/avr/4.3.3/avr5\libgcc.a(_mul_sf.o)
 .debug_abbrev  0x00001624      0x216 c:/winavr-20100110/bin/../lib/gcc/avr/4.3.3/avr5\libgcc.a(_div_sf.o)
 .debug_abbrev  0x0000183a      0x15a c:/winavr-20100110/bin/../lib/gcc/avr/4.3.3/avr5\libgcc.a(_gt_sf.o)
 .debug_abbrev  0x00001994      0x15a c:/winavr-20100110/bin/../lib/gcc/avr/4.3.3/avr5\libgcc.a(_lt_sf.o)
 .debug_abbrev  0x00001aee      0x148 c:/winavr-20100110/bin/../lib/gcc/avr/4.3.3/avr5\libgcc.a(_si_to_sf.o)
 .debug_abbrev  0x00001c36      0x17f c:/winavr-20100110/bin/../lib/gcc/avr/4.3.3/avr5\libgcc.a(_sf_to_si.o)
 .debug_abbrev  0x00001db5       0xad c:/winavr-20100110/bin/../lib/gcc/avr/4.3.3/avr5\libgcc.a(_thenan_sf.o)
 .debug_abbrev  0x00001e62       0xc4 c:/winavr-20100110/bin/../lib/gcc/avr/4.3.3/avr5\libgcc.a(_clzsi2.o)
 .debug_abbrev  0x00001f26      0x1c0 c:/winavr-20100110/bin/../lib/gcc/avr/4.3.3/avr5\libgcc.a(_pack_sf.o)
 .debug_abbrev  0x000020e6      0x154 c:/winavr-20100110/bin/../lib/gcc/avr/4.3.3/avr5\libgcc.a(_unpack_sf.o)
 .debug_abbrev  0x0000223a      0x13b c:/winavr-20100110/bin/../lib/gcc/avr/4.3.3/avr5\libgcc.a(_fpcmp_parts_sf.o)
 .debug_abbrev  0x00002375       0x6a c:/winavr-20100110/bin/../lib/gcc/avr/4.3.3/avr5\libgcc.a(_clz.o)

.debug_line     0x00000000     0x418d
 *(.debug_line)
 .debug_line    0x00000000      0x716 maze-solver.o
 .debug_line    0x00000716      0x819 c:/winavr-20100110/bin/../lib/gcc/avr/4.3.3/../../../../avr/lib\libpololu_atmega168.a(OrangutanAnalog.o)
 .debug_line    0x00000f2f      0x82b c:/winavr-20100110/bin/../lib/gcc/avr/4.3.3/../../../../avr/lib\libpololu_atmega168.a(OrangutanBuzzer.o)
 .debug_line    0x0000175a      0xcd6 c:/winavr-20100110/bin/../lib/gcc/avr/4.3.3/../../../../avr/lib\libpololu_atmega168.a(OrangutanLCD.o)
 .debug_line    0x00002430      0x3a0 c:/winavr-20100110/bin/../lib/gcc/avr/4.3.3/../../../../avr/lib\libpololu_atmega168.a(OrangutanMotors.o)
 .debug_line    0x000027d0      0x534 c:/winavr-20100110/bin/../lib/gcc/avr/4.3.3/../../../../avr/lib\libpololu_atmega168.a(OrangutanPushbuttons.o)
 .debug_line    0x00002d04      0x132 c:/winavr-20100110/bin/../lib/gcc/avr/4.3.3/../../../../avr/lib\libpololu_atmega168.a(OrangutanResources.o)
 .debug_line    0x00002e36      0x2f9 c:/winavr-20100110/bin/../lib/gcc/avr/4.3.3/../../../../avr/lib\libpololu_atmega168.a(OrangutanTime.o)
 .debug_line    0x0000312f      0x2af c:/winavr-20100110/bin/../lib/gcc/avr/4.3.3/avr5\libgcc.a(_addsub_sf.o)
 .debug_line    0x000033de      0x239 c:/winavr-20100110/bin/../lib/gcc/avr/4.3.3/avr5\libgcc.a(_mul_sf.o)
 .debug_line    0x00003617      0x1d5 c:/winavr-20100110/bin/../lib/gcc/avr/4.3.3/avr5\libgcc.a(_div_sf.o)
 .debug_line    0x000037ec       0xd3 c:/winavr-20100110/bin/../lib/gcc/avr/4.3.3/avr5\libgcc.a(_gt_sf.o)
 .debug_line    0x000038bf       0xd3 c:/winavr-20100110/bin/../lib/gcc/avr/4.3.3/avr5\libgcc.a(_lt_sf.o)
 .debug_line    0x00003992      0x135 c:/winavr-20100110/bin/../lib/gcc/avr/4.3.3/avr5\libgcc.a(_si_to_sf.o)
 .debug_line    0x00003ac7      0x109 c:/winavr-20100110/bin/../lib/gcc/avr/4.3.3/avr5\libgcc.a(_sf_to_si.o)
 .debug_line    0x00003bd0       0x90 c:/winavr-20100110/bin/../lib/gcc/avr/4.3.3/avr5\libgcc.a(_thenan_sf.o)
 .debug_line    0x00003c60       0xa5 c:/winavr-20100110/bin/../lib/gcc/avr/4.3.3/avr5\libgcc.a(_clzsi2.o)
 .debug_line    0x00003d05      0x18a c:/winavr-20100110/bin/../lib/gcc/avr/4.3.3/avr5\libgcc.a(_pack_sf.o)
 .debug_line    0x00003e8f      0x14b c:/winavr-20100110/bin/../lib/gcc/avr/4.3.3/avr5\libgcc.a(_unpack_sf.o)
 .debug_line    0x00003fda      0x137 c:/winavr-20100110/bin/../lib/gcc/avr/4.3.3/avr5\libgcc.a(_fpcmp_parts_sf.o)
 .debug_line    0x00004111       0x7c c:/winavr-20100110/bin/../lib/gcc/avr/4.3.3/avr5\libgcc.a(_clz.o)

.debug_frame    0x00000000      0xc80
 *(.debug_frame)
 .debug_frame   0x00000000      0x160 maze-solver.o
 .debug_frame   0x00000160      0x220 c:/winavr-20100110/bin/../lib/gcc/avr/4.3.3/../../../../avr/lib\libpololu_atmega168.a(OrangutanAnalog.o)
 .debug_frame   0x00000380      0x180 c:/winavr-20100110/bin/../lib/gcc/avr/4.3.3/../../../../avr/lib\libpololu_atmega168.a(OrangutanBuzzer.o)
 .debug_frame   0x00000500      0x300 c:/winavr-20100110/bin/../lib/gcc/avr/4.3.3/../../../../avr/lib\libpololu_atmega168.a(OrangutanLCD.o)
 .debug_frame   0x00000800       0xc0 c:/winavr-20100110/bin/../lib/gcc/avr/4.3.3/../../../../avr/lib\libpololu_atmega168.a(OrangutanMotors.o)
 .debug_frame   0x000008c0      0x110 c:/winavr-20100110/bin/../lib/gcc/avr/4.3.3/../../../../avr/lib\libpololu_atmega168.a(OrangutanPushbuttons.o)
 .debug_frame   0x000009d0       0x50 c:/winavr-20100110/bin/../lib/gcc/avr/4.3.3/../../../../avr/lib\libpololu_atmega168.a(OrangutanResources.o)
 .debug_frame   0x00000a20       0xe0 c:/winavr-20100110/bin/../lib/gcc/avr/4.3.3/../../../../avr/lib\libpololu_atmega168.a(OrangutanTime.o)
 .debug_frame   0x00000b00       0x40 c:/winavr-20100110/bin/../lib/gcc/avr/4.3.3/avr5\libgcc.a(_addsub_sf.o)
 .debug_frame   0x00000b40       0x20 c:/winavr-20100110/bin/../lib/gcc/avr/4.3.3/avr5\libgcc.a(_mul_sf.o)
 .debug_frame   0x00000b60       0x20 c:/winavr-20100110/bin/../lib/gcc/avr/4.3.3/avr5\libgcc.a(_div_sf.o)
 .debug_frame   0x00000b80       0x20 c:/winavr-20100110/bin/../lib/gcc/avr/4.3.3/avr5\libgcc.a(_gt_sf.o)
 .debug_frame   0x00000ba0       0x20 c:/winavr-20100110/bin/../lib/gcc/avr/4.3.3/avr5\libgcc.a(_lt_sf.o)
 .debug_frame   0x00000bc0       0x20 c:/winavr-20100110/bin/../lib/gcc/avr/4.3.3/avr5\libgcc.a(_si_to_sf.o)
 .debug_frame   0x00000be0       0x20 c:/winavr-20100110/bin/../lib/gcc/avr/4.3.3/avr5\libgcc.a(_sf_to_si.o)
 .debug_frame   0x00000c00       0x20 c:/winavr-20100110/bin/../lib/gcc/avr/4.3.3/avr5\libgcc.a(_clzsi2.o)
 .debug_frame   0x00000c20       0x20 c:/winavr-20100110/bin/../lib/gcc/avr/4.3.3/avr5\libgcc.a(_pack_sf.o)
 .debug_frame   0x00000c40       0x20 c:/winavr-20100110/bin/../lib/gcc/avr/4.3.3/avr5\libgcc.a(_unpack_sf.o)
 .debug_frame   0x00000c60       0x20 c:/winavr-20100110/bin/../lib/gcc/avr/4.3.3/avr5\libgcc.a(_fpcmp_parts_sf.o)

.debug_str      0x00000000     0x205a
 *(.debug_str)
 .debug_str     0x00000000      0x24f maze-solver.o
                                0x2c0 (size before relaxing)
 .debug_str     0x0000024f      0x72e c:/winavr-20100110/bin/../lib/gcc/avr/4.3.3/../../../../avr/lib\libpololu_atmega168.a(OrangutanAnalog.o)
                                0x7c7 (size before relaxing)
 .debug_str     0x0000097d      0x3f2 c:/winavr-20100110/bin/../lib/gcc/avr/4.3.3/../../../../avr/lib\libpololu_atmega168.a(OrangutanBuzzer.o)
                                0x4f0 (size before relaxing)
 .debug_str     0x00000d6f      0x74c c:/winavr-20100110/bin/../lib/gcc/avr/4.3.3/../../../../avr/lib\libpololu_atmega168.a(OrangutanLCD.o)
                                0x89e (size before relaxing)
 .debug_str     0x000014bb      0x2c6 c:/winavr-20100110/bin/../lib/gcc/avr/4.3.3/../../../../avr/lib\libpololu_atmega168.a(OrangutanMotors.o)
                                0x3ca (size before relaxing)
 .debug_str     0x00001781      0x339 c:/winavr-20100110/bin/../lib/gcc/avr/4.3.3/../../../../avr/lib\libpololu_atmega168.a(OrangutanPushbuttons.o)
                                0x4a4 (size before relaxing)
 .debug_str     0x00001aba      0x133 c:/winavr-20100110/bin/../lib/gcc/avr/4.3.3/../../../../avr/lib\libpololu_atmega168.a(OrangutanResources.o)
                                0x247 (size before relaxing)
 .debug_str     0x00001bed      0x1d4 c:/winavr-20100110/bin/../lib/gcc/avr/4.3.3/../../../../avr/lib\libpololu_atmega168.a(OrangutanTime.o)
                                0x339 (size before relaxing)
 .debug_str     0x00001dc1      0x17e c:/winavr-20100110/bin/../lib/gcc/avr/4.3.3/avr5\libgcc.a(_addsub_sf.o)
                                0x206 (size before relaxing)
 .debug_str     0x00001f3f       0x27 c:/winavr-20100110/bin/../lib/gcc/avr/4.3.3/avr5\libgcc.a(_mul_sf.o)
                                0x1bf (size before relaxing)
 .debug_str     0x00001f66       0x35 c:/winavr-20100110/bin/../lib/gcc/avr/4.3.3/avr5\libgcc.a(_div_sf.o)
                                0x1c8 (size before relaxing)
 .debug_str     0x00001f9b        0x8 c:/winavr-20100110/bin/../lib/gcc/avr/4.3.3/avr5\libgcc.a(_gt_sf.o)
                                0x195 (size before relaxing)
 .debug_str     0x00001fa3        0x8 c:/winavr-20100110/bin/../lib/gcc/avr/4.3.3/avr5\libgcc.a(_lt_sf.o)
                                0x195 (size before relaxing)
 .debug_str     0x00001fab       0x1e c:/winavr-20100110/bin/../lib/gcc/avr/4.3.3/avr5\libgcc.a(_si_to_sf.o)
                                0x17b (size before relaxing)
 .debug_str     0x00001fc9        0xa c:/winavr-20100110/bin/../lib/gcc/avr/4.3.3/avr5\libgcc.a(_sf_to_si.o)
                                0x19e (size before relaxing)
 .debug_str     0x00000000      0x103 c:/winavr-20100110/bin/../lib/gcc/avr/4.3.3/avr5\libgcc.a(_thenan_sf.o)
 .debug_str     0x00001fd3       0x5c c:/winavr-20100110/bin/../lib/gcc/avr/4.3.3/avr5\libgcc.a(_clzsi2.o)
                                0x111 (size before relaxing)
 .debug_str     0x0000202f       0x10 c:/winavr-20100110/bin/../lib/gcc/avr/4.3.3/avr5\libgcc.a(_pack_sf.o)
                                0x19d (size before relaxing)
 .debug_str     0x0000203f        0xb c:/winavr-20100110/bin/../lib/gcc/avr/4.3.3/avr5\libgcc.a(_unpack_sf.o)
                                0x17f (size before relaxing)
 .debug_str     0x0000204a       0x10 c:/winavr-20100110/bin/../lib/gcc/avr/4.3.3/avr5\libgcc.a(_fpcmp_parts_sf.o)
                                0x163 (size before relaxing)
 .debug_str     0x00000000       0xf4 c:/winavr-20100110/bin/../lib/gcc/avr/4.3.3/avr5\libgcc.a(_clz.o)

.debug_loc      0x00000000     0x27ab
 *(.debug_loc)
 .debug_loc     0x00000000      0x69d maze-solver.o
 .debug_loc     0x0000069d      0x22a c:/winavr-20100110/bin/../lib/gcc/avr/4.3.3/../../../../avr/lib\libpololu_atmega168.a(OrangutanAnalog.o)
 .debug_loc     0x000008c7      0x6c8 c:/winavr-20100110/bin/../lib/gcc/avr/4.3.3/../../../../avr/lib\libpololu_atmega168.a(OrangutanBuzzer.o)
 .debug_loc     0x00000f8f      0x832 c:/winavr-20100110/bin/../lib/gcc/avr/4.3.3/../../../../avr/lib\libpololu_atmega168.a(OrangutanLCD.o)
 .debug_loc     0x000017c1      0x1f0 c:/winavr-20100110/bin/../lib/gcc/avr/4.3.3/../../../../avr/lib\libpololu_atmega168.a(OrangutanMotors.o)
 .debug_loc     0x000019b1      0x40e c:/winavr-20100110/bin/../lib/gcc/avr/4.3.3/../../../../avr/lib\libpololu_atmega168.a(OrangutanPushbuttons.o)
 .debug_loc     0x00001dbf       0x8e c:/winavr-20100110/bin/../lib/gcc/avr/4.3.3/../../../../avr/lib\libpololu_atmega168.a(OrangutanTime.o)
 .debug_loc     0x00001e4d      0x32a c:/winavr-20100110/bin/../lib/gcc/avr/4.3.3/avr5\libgcc.a(_addsub_sf.o)
 .debug_loc     0x00002177      0x104 c:/winavr-20100110/bin/../lib/gcc/avr/4.3.3/avr5\libgcc.a(_mul_sf.o)
 .debug_loc     0x0000227b       0xc0 c:/winavr-20100110/bin/../lib/gcc/avr/4.3.3/avr5\libgcc.a(_div_sf.o)
 .debug_loc     0x0000233b       0x3c c:/winavr-20100110/bin/../lib/gcc/avr/4.3.3/avr5\libgcc.a(_gt_sf.o)
 .debug_loc     0x00002377       0x3c c:/winavr-20100110/bin/../lib/gcc/avr/4.3.3/avr5\libgcc.a(_lt_sf.o)
 .debug_loc     0x000023b3       0xac c:/winavr-20100110/bin/../lib/gcc/avr/4.3.3/avr5\libgcc.a(_si_to_sf.o)
 .debug_loc     0x0000245f       0x7e c:/winavr-20100110/bin/../lib/gcc/avr/4.3.3/avr5\libgcc.a(_sf_to_si.o)
 .debug_loc     0x000024dd       0x94 c:/winavr-20100110/bin/../lib/gcc/avr/4.3.3/avr5\libgcc.a(_clzsi2.o)
 .debug_loc     0x00002571      0x13e c:/winavr-20100110/bin/../lib/gcc/avr/4.3.3/avr5\libgcc.a(_pack_sf.o)
 .debug_loc     0x000026af       0xac c:/winavr-20100110/bin/../lib/gcc/avr/4.3.3/avr5\libgcc.a(_unpack_sf.o)
 .debug_loc     0x0000275b       0x50 c:/winavr-20100110/bin/../lib/gcc/avr/4.3.3/avr5\libgcc.a(_fpcmp_parts_sf.o)

.debug_macinfo
 *(.debug_macinfo)
OUTPUT(maze-solver.elf elf32-avr)
LOAD linker stubs

.debug_ranges   0x00000000      0x588
 .debug_ranges  0x00000000       0x30 maze-solver.o
 .debug_ranges  0x00000030      0x118 c:/winavr-20100110/bin/../lib/gcc/avr/4.3.3/../../../../avr/lib\libpololu_atmega168.a(OrangutanAnalog.o)
 .debug_ranges  0x00000148       0xc8 c:/winavr-20100110/bin/../lib/gcc/avr/4.3.3/../../../../avr/lib\libpololu_atmega168.a(OrangutanBuzzer.o)
 .debug_ranges  0x00000210      0x188 c:/winavr-20100110/bin/../lib/gcc/avr/4.3.3/../../../../avr/lib\libpololu_atmega168.a(OrangutanLCD.o)
 .debug_ranges  0x00000398       0x68 c:/winavr-20100110/bin/../lib/gcc/avr/4.3.3/../../../../avr/lib\libpololu_atmega168.a(OrangutanMotors.o)
 .debug_ranges  0x00000400       0x90 c:/winavr-20100110/bin/../lib/gcc/avr/4.3.3/../../../../avr/lib\libpololu_atmega168.a(OrangutanPushbuttons.o)
 .debug_ranges  0x00000490       0x30 c:/winavr-20100110/bin/../lib/gcc/avr/4.3.3/../../../../avr/lib\libpololu_atmega168.a(OrangutanResources.o)
 .debug_ranges  0x000004c0       0x78 c:/winavr-20100110/bin/../lib/gcc/avr/4.3.3/../../../../avr/lib\libpololu_atmega168.a(OrangutanTime.o)
 .debug_ranges  0x00000538       0x50 c:/winavr-20100110/bin/../lib/gcc/avr/4.3.3/avr5\libgcc.a(_mul_sf.o)
