Archive member included because of file (symbol)

c:/winavr-20100110/bin/../lib/gcc/avr/4.3.3/../../../../avr/lib\libpololu_atmega168.a(OrangutanAnalog.o)
                              bomb-squad.o (analog_read)
c:/winavr-20100110/bin/../lib/gcc/avr/4.3.3/../../../../avr/lib\libpololu_atmega168.a(OrangutanBuzzer.o)
                              bomb-squad.o (play_frequency)
c:/winavr-20100110/bin/../lib/gcc/avr/4.3.3/../../../../avr/lib\libpololu_atmega168.a(OrangutanLCD.o)
                              bomb-squad.o (lcd_goto_xy)
c:/winavr-20100110/bin/../lib/gcc/avr/4.3.3/../../../../avr/lib\libpololu_atmega168.a(OrangutanMotors.o)
                              bomb-squad.o (set_motors)
c:/winavr-20100110/bin/../lib/gcc/avr/4.3.3/../../../../avr/lib\libpololu_atmega168.a(OrangutanPushbuttons.o)
                              bomb-squad.o (button_is_pressed)
c:/winavr-20100110/bin/../lib/gcc/avr/4.3.3/../../../../avr/lib\libpololu_atmega168.a(OrangutanResources.o)
                              c:/winavr-20100110/bin/../lib/gcc/avr/4.3.3/../../../../avr/lib\libpololu_atmega168.a(OrangutanBuzzer.o) (buzzerInitialized)
c:/winavr-20100110/bin/../lib/gcc/avr/4.3.3/../../../../avr/lib\libpololu_atmega168.a(OrangutanTime.o)
                              bomb-squad.o (delay_ms)
c:/winavr-20100110/bin/../lib/gcc/avr/4.3.3/../../../../avr/lib\libpololu_atmega168.a(Pololu3pi.o)
                              bomb-squad.o (read_line)
c:/winavr-20100110/bin/../lib/gcc/avr/4.3.3/../../../../avr/lib\libpololu_atmega168.a(PololuQTRSensors.o)
                              c:/winavr-20100110/bin/../lib/gcc/avr/4.3.3/../../../../avr/lib\libpololu_atmega168.a(Pololu3pi.o) (PololuQTRSensors::emittersOff())
c:/winavr-20100110/bin/../lib/gcc/avr/4.3.3/avr5\libgcc.a(_mulsi3.o)
                              c:/winavr-20100110/bin/../lib/gcc/avr/4.3.3/../../../../avr/lib\libpololu_atmega168.a(OrangutanAnalog.o) (__mulsi3)
c:/winavr-20100110/bin/../lib/gcc/avr/4.3.3/avr5\libgcc.a(_udivmodqi4.o)
                              c:/winavr-20100110/bin/../lib/gcc/avr/4.3.3/../../../../avr/lib\libpololu_atmega168.a(OrangutanBuzzer.o) (__udivmodqi4)
c:/winavr-20100110/bin/../lib/gcc/avr/4.3.3/avr5\libgcc.a(_udivmodhi4.o)
                              c:/winavr-20100110/bin/../lib/gcc/avr/4.3.3/../../../../avr/lib\libpololu_atmega168.a(OrangutanAnalog.o) (__udivmodhi4)
c:/winavr-20100110/bin/../lib/gcc/avr/4.3.3/avr5\libgcc.a(_divmodhi4.o)
                              c:/winavr-20100110/bin/../lib/gcc/avr/4.3.3/../../../../avr/lib\libpololu_atmega168.a(OrangutanAnalog.o) (__divmodhi4)
c:/winavr-20100110/bin/../lib/gcc/avr/4.3.3/avr5\libgcc.a(_udivmodsi4.o)
                              c:/winavr-20100110/bin/../lib/gcc/avr/4.3.3/../../../../avr/lib\libpololu_atmega168.a(OrangutanAnalog.o) (__udivmodsi4)
c:/winavr-20100110/bin/../lib/gcc/avr/4.3.3/avr5\libgcc.a(_divmodsi4.o)
                              c:/winavr-20100110/bin/../lib/gcc/avr/4.3.3/../../../../avr/lib\libpololu_atmega168.a(OrangutanBuzzer.o) (__divmodsi4)
c:/winavr-20100110/bin/../lib/gcc/avr/4.3.3/avr5\libgcc.a(_prologue.o)
                              c:/winavr-20100110/bin/../lib/gcc/avr/4.3.3/../../../../avr/lib\libpololu_atmega168.a(OrangutanBuzzer.o) (__prologue_saves__)
c:/winavr-20100110/bin/../lib/gcc/avr/4.3.3/avr5\libgcc.a(_epilogue.o)
                              c:/winavr-20100110/bin/../lib/gcc/avr/4.3.3/../../../../avr/lib\libpololu_atmega168.a(OrangutanAnalog.o) (__epilogue_restores__)
c:/winavr-20100110/bin/../lib/gcc/avr/4.3.3/avr5\libgcc.a(_exit.o)
                              c:/winavr-20100110/bin/../lib/gcc/avr/4.3.3/../../../../avr/lib/avr5/crtm168.o (exit)
c:/winavr-20100110/bin/../lib/gcc/avr/4.3.3/avr5\libgcc.a(_tablejump.o)
                              c:/winavr-20100110/bin/../lib/gcc/avr/4.3.3/../../../../avr/lib\libpololu_atmega168.a(OrangutanBuzzer.o) (__tablejump2__)
c:/winavr-20100110/bin/../lib/gcc/avr/4.3.3/avr5\libgcc.a(_copy_data.o)
                              bomb-squad.o (__do_copy_data)
c:/winavr-20100110/bin/../lib/gcc/avr/4.3.3/avr5\libgcc.a(_clear_bss.o)
                              c:/winavr-20100110/bin/../lib/gcc/avr/4.3.3/../../../../avr/lib\libpololu_atmega168.a(OrangutanBuzzer.o) (__do_clear_bss)
c:/winavr-20100110/bin/../lib/gcc/avr/4.3.3/avr5\libgcc.a(_ctors.o)
                              c:/winavr-20100110/bin/../lib/gcc/avr/4.3.3/../../../../avr/lib\libpololu_atmega168.a(Pololu3pi.o) (__do_global_ctors)
c:/winavr-20100110/bin/../lib/gcc/avr/4.3.3/avr5\libgcc.a(_dtors.o)
                              c:/winavr-20100110/bin/../lib/gcc/avr/4.3.3/../../../../avr/lib\libpololu_atmega168.a(Pololu3pi.o) (__do_global_dtors)
c:/winavr-20100110/bin/../lib/gcc/avr/4.3.3/avr5\libgcc.a(_mul_sf.o)
                              bomb-squad.o (__mulsf3)
c:/winavr-20100110/bin/../lib/gcc/avr/4.3.3/avr5\libgcc.a(_div_sf.o)
                              bomb-squad.o (__divsf3)
[...]
Memory Configuration

Name             Origin             Length             Attributes
text             0x00000000         0x00020000         xr
data             0x00800060         0x0000ffa0         rw !x
eeprom           0x00810000         0x00010000         rw !x
fuse             0x00820000         0x00000400         rw !x
lock             0x00830000         0x00000400         rw !x
signature        0x00840000         0x00000400         rw !x
*default*        0x00000000         0xffffffff

Linker script and memory map

Address of section .data set to 0x800100
LOAD c:/winavr-20100110/bin/../lib/gcc/avr/4.3.3/../../../../avr/lib/avr5/crtm168.o
LOAD bomb-squad.o
LOAD c:/winavr-20100110/bin/../lib/gcc/avr/4.3.3/../../../../avr/lib\libpololu_atmega168.a
LOAD c:/winavr-20100110/bin/../lib/gcc/avr/4.3.3/avr5\libgcc.a
LOAD c:/winavr-20100110/bin/../lib/gcc/avr/4.3.3/../../../../avr/lib/avr5\libc.a
LOAD c:/winavr-20100110/bin/../lib/gcc/avr/4.3.3/avr5\libgcc.a

.hash
 *(.hash)

.dynsym
 *(.dynsym)

.dynstr
 *(.dynstr)

.gnu.version
 *(.gnu.version)

.gnu.version_d
 *(.gnu.version_d)

.gnu.version_r
 *(.gnu.version_r)

.rel.init
 *(.rel.init)

.rela.init
 *(.rela.init)

.rel.text
 *(.rel.text)
 *(.rel.text.*)
 *(.rel.gnu.linkonce.t*)

.rela.text
 *(.rela.text)
 *(.rela.text.*)
 *(.rela.gnu.linkonce.t*)

.rel.fini
 *(.rel.fini)

.rela.fini
 *(.rela.fini)

.rel.rodata
 *(.rel.rodata)
 *(.rel.rodata.*)
 *(.rel.gnu.linkonce.r*)

.rela.rodata
 *(.rela.rodata)
 *(.rela.rodata.*)
 *(.rela.gnu.linkonce.r*)

.rel.data
 *(.rel.data)
 *(.rel.data.*)
 *(.rel.gnu.linkonce.d*)

.rela.data
 *(.rela.data)
 *(.rela.data.*)
 *(.rela.gnu.linkonce.d*)

.rel.ctors
 *(.rel.ctors)

.rela.ctors
 *(.rela.ctors)

.rel.dtors
 *(.rel.dtors)

.rela.dtors
 *(.rela.dtors)

.rel.got
 *(.rel.got)

.rela.got
 *(.rela.got)

.rel.bss
 *(.rel.bss)

.rela.bss
 *(.rela.bss)

.rel.plt
 *(.rel.plt)

.rela.plt
 *(.rela.plt)

.text           0x00000000     0x3c0c
 *(.vectors)
 .vectors       0x00000000       0x68 c:/winavr-20100110/bin/../lib/gcc/avr/4.3.3/../../../../avr/lib/avr5/crtm168.o
                0x00000000                __vectors
                0x00000000                __vector_default
 *(.vectors)
 *(.progmem.gcc*)
 .progmem.gcc_sw_table
                0x00000068       0x18 c:/winavr-20100110/bin/../lib/gcc/avr/4.3.3/../../../../avr/lib\libpololu_atmega168.a(OrangutanBuzzer.o)
 *(.progmem*)
                0x00000080                . = ALIGN (0x2)
                0x00000080                __trampolines_start = .
 *(.trampolines)
 .trampolines   0x00000080        0x0 linker stubs
 *(.trampolines*)
                0x00000080                __trampolines_end = .
 *(.jumptables)
 *(.jumptables*)
 *(.lowtext)
 *(.lowtext*)
                0x00000080                __ctors_start = .
 *(.ctors)
 .ctors         0x00000080        0x2 c:/winavr-20100110/bin/../lib/gcc/avr/4.3.3/../../../../avr/lib\libpololu_atmega168.a(Pololu3pi.o)
                0x00000082                __ctors_end = .
                0x00000082                __dtors_start = .
 *(.dtors)
 .dtors         0x00000082        0x2 c:/winavr-20100110/bin/../lib/gcc/avr/4.3.3/../../../../avr/lib\libpololu_atmega168.a(Pololu3pi.o)
                0x00000084                __dtors_end = .
 SORT(*)(.ctors)
 SORT(*)(.dtors)
 *(.init0)
 .init0         0x00000084        0x0 c:/winavr-20100110/bin/../lib/gcc/avr/4.3.3/../../../../avr/lib/avr5/crtm168.o
                0x00000084                __init
 *(.init0)
 *(.init1)
 *(.init1)
 *(.init2)
 .init2         0x00000084        0xc c:/winavr-20100110/bin/../lib/gcc/avr/4.3.3/../../../../avr/lib/avr5/crtm168.o
 *(.init2)
 *(.init3)
 *(.init3)
 *(.init4)
 .init4         0x00000090       0x16 c:/winavr-20100110/bin/../lib/gcc/avr/4.3.3/avr5\libgcc.a(_copy_data.o)
                0x00000090                __do_copy_data
 .init4         0x000000a6       0x10 c:/winavr-20100110/bin/../lib/gcc/avr/4.3.3/avr5\libgcc.a(_clear_bss.o)
                0x000000a6                __do_clear_bss
 *(.init4)
 *(.init5)
 *(.init5)
 *(.init6)
 .init6         0x000000b6       0x16 c:/winavr-20100110/bin/../lib/gcc/avr/4.3.3/avr5\libgcc.a(_ctors.o)
                0x000000b6                __do_global_ctors
 *(.init6)
 *(.init7)
 *(.init7)
 *(.init8)
 *(.init8)
 *(.init9)
 .init9         0x000000cc        0x8 c:/winavr-20100110/bin/../lib/gcc/avr/4.3.3/../../../../avr/lib/avr5/crtm168.o
 *(.init9)
 *(.text)
 .text          0x000000d4        0x4 c:/winavr-20100110/bin/../lib/gcc/avr/4.3.3/../../../../avr/lib/avr5/crtm168.o
                0x000000d4                __vector_22
                0x000000d4                __vector_1
                0x000000d4                __vector_24
                0x000000d4                __vector_12
                0x000000d4                __bad_interrupt
                0x000000d4                __vector_6
                0x000000d4                __vector_3
                0x000000d4                __vector_23
                0x000000d4                __vector_25
                0x000000d4                __vector_11
                0x000000d4                __vector_17
                0x000000d4                __vector_19
                0x000000d4                __vector_7
                0x000000d4                __vector_5
                0x000000d4                __vector_4
                0x000000d4                __vector_2
                0x000000d4                __vector_21
                0x000000d4                __vector_15
                0x000000d4                __vector_8
                0x000000d4                __vector_14
                0x000000d4                __vector_10
                0x000000d4                __vector_16
                0x000000d4                __vector_18
                0x000000d4                __vector_20
 .text          0x000000d8      0x302 bomb-squad.o
                0x000000d8                turn_right
                0x0000015e                turn_left
                0x000001e6                wait_with_message
                0x0000025a                main
 .text          0x000003da        0x0 c:/winavr-20100110/bin/../lib/gcc/avr/4.3.3/../../../../avr/lib\libpololu_atmega168.a(OrangutanAnalog.o)
 .text          0x000003da        0x0 c:/winavr-20100110/bin/../lib/gcc/avr/4.3.3/../../../../avr/lib\libpololu_atmega168.a(OrangutanBuzzer.o)
 .text          0x000003da        0x0 c:/winavr-20100110/bin/../lib/gcc/avr/4.3.3/../../../../avr/lib\libpololu_atmega168.a(OrangutanLCD.o)
 .text          0x000003da        0x0 c:/winavr-20100110/bin/../lib/gcc/avr/4.3.3/../../../../avr/lib\libpololu_atmega168.a(OrangutanMotors.o)
 .text          0x000003da        0x0 c:/winavr-20100110/bin/../lib/gcc/avr/4.3.3/../../../../avr/lib\libpololu_atmega168.a(OrangutanPushbuttons.o)
 .text          0x000003da        0x0 c:/winavr-20100110/bin/../lib/gcc/avr/4.3.3/../../../../avr/lib\libpololu_atmega168.a(OrangutanResources.o)
 .text          0x000003da        0x0 c:/winavr-20100110/bin/../lib/gcc/avr/4.3.3/../../../../avr/lib\libpololu_atmega168.a(OrangutanTime.o)
 .text          0x000003da        0x0 c:/winavr-20100110/bin/../lib/gcc/avr/4.3.3/../../../../avr/lib\libpololu_atmega168.a(Pololu3pi.o)
 .text          0x000003da        0x0 c:/winavr-20100110/bin/../lib/gcc/avr/4.3.3/../../../../avr/lib\libpololu_atmega168.a(PololuQTRSensors.o)
 .text          0x000003da        0x0 c:/winavr-20100110/bin/../lib/gcc/avr/4.3.3/avr5\libgcc.a(_mulsi3.o)
 .text          0x000003da        0x0 c:/winavr-20100110/bin/../lib/gcc/avr/4.3.3/avr5\libgcc.a(_udivmodqi4.o)
 .text          0x000003da        0x0 c:/winavr-20100110/bin/../lib/gcc/avr/4.3.3/avr5\libgcc.a(_udivmodhi4.o)
 .text          0x000003da        0x0 c:/winavr-20100110/bin/../lib/gcc/avr/4.3.3/avr5\libgcc.a(_divmodhi4.o)
 .text          0x000003da        0x0 c:/winavr-20100110/bin/../lib/gcc/avr/4.3.3/avr5\libgcc.a(_udivmodsi4.o)
 .text          0x000003da        0x0 c:/winavr-20100110/bin/../lib/gcc/avr/4.3.3/avr5\libgcc.a(_divmodsi4.o)
 .text          0x000003da        0x0 c:/winavr-20100110/bin/../lib/gcc/avr/4.3.3/avr5\libgcc.a(_prologue.o)
 .text          0x000003da        0x0 c:/winavr-20100110/bin/../lib/gcc/avr/4.3.3/avr5\libgcc.a(_epilogue.o)
 .text          0x000003da        0x0 c:/winavr-20100110/bin/../lib/gcc/avr/4.3.3/avr5\libgcc.a(_exit.o)
 .text          0x000003da        0x0 c:/winavr-20100110/bin/../lib/gcc/avr/4.3.3/avr5\libgcc.a(_tablejump.o)
 .text          0x000003da        0x0 c:/winavr-20100110/bin/../lib/gcc/avr/4.3.3/avr5\libgcc.a(_copy_data.o)
 .text          0x000003da        0x0 c:/winavr-20100110/bin/../lib/gcc/avr/4.3.3/avr5\libgcc.a(_clear_bss.o)
 .text          0x000003da        0x0 c:/winavr-20100110/bin/../lib/gcc/avr/4.3.3/avr5\libgcc.a(_ctors.o)
 .text          0x000003da        0x0 c:/winavr-20100110/bin/../lib/gcc/avr/4.3.3/avr5\libgcc.a(_dtors.o)
 .text          0x000003da      0x1f4 c:/winavr-20100110/bin/../lib/gcc/avr/4.3.3/avr5\libgcc.a(_mul_sf.o)
                0x000003da                __mulsf3
 .text          0x000005ce      0x158 c:/winavr-20100110/bin/../lib/gcc/avr/4.3.3/avr5\libgcc.a(_div_sf.o)
                0x000005ce                __divsf3
 .text          0x00000726       0xbc c:/winavr-20100110/bin/../lib/gcc/avr/4.3.3/avr5\libgcc.a(_si_to_sf.o)
                0x00000726                __floatsisf
 .text          0x000007e2       0xa8 c:/winavr-20100110/bin/../lib/gcc/avr/4.3.3/avr5\libgcc.a(_sf_to_si.o)
                0x000007e2                __fixsfsi
 .text          0x0000088a        0x0 c:/winavr-20100110/bin/../lib/gcc/avr/4.3.3/avr5\libgcc.a(_thenan_sf.o)
 .text          0x0000088a       0x9e c:/winavr-20100110/bin/../lib/gcc/avr/4.3.3/avr5\libgcc.a(_clzsi2.o)
                0x0000088a                __clzsi2
 .text          0x00000928      0x1aa c:/winavr-20100110/bin/../lib/gcc/avr/4.3.3/avr5\libgcc.a(_pack_sf.o)
                0x00000928                __pack_f
 .text          0x00000ad2       0xf0 c:/winavr-20100110/bin/../lib/gcc/avr/4.3.3/avr5\libgcc.a(_unpack_sf.o)
                0x00000ad2                __unpack_f
 .text          0x00000bc2        0x0 c:/winavr-20100110/bin/../lib/gcc/avr/4.3.3/avr5\libgcc.a(_clz.o)
 .text          0x00000bc2        0x0 c:/winavr-20100110/bin/../lib/gcc/avr/4.3.3/../../../../avr/lib/avr5\libc.a(malloc.o)
 .text          0x00000bc2        0x0 c:/winavr-20100110/bin/../lib/gcc/avr/4.3.3/../../../../avr/lib/avr5\libc.a(fdevopen.o)
 .text          0x00000bc2        0x0 c:/winavr-20100110/bin/../lib/gcc/avr/4.3.3/../../../../avr/lib/avr5\libc.a(iob.o)
 .text          0x00000bc2        0x0 c:/winavr-20100110/bin/../lib/gcc/avr/4.3.3/../../../../avr/lib/avr5\libc.a(calloc.o)
 .text          0x00000bc2        0x0 c:/winavr-20100110/bin/../lib/gcc/avr/4.3.3/../../../../avr/lib/avr5\libc.a(memset.o)
                0x00000bc2                . = ALIGN (0x2)
 *(.text.*)
 .text.analog_conversion_result
                0x00000bc2       0x1e c:/winavr-20100110/bin/../lib/gcc/avr/4.3.3/../../../../avr/lib\libpololu_atmega168.a(OrangutanAnalog.o)
                0x00000bc2                analog_conversion_result
 .text.set_millivolt_calibration
                0x00000be0        0xa c:/winavr-20100110/bin/../lib/gcc/avr/4.3.3/../../../../avr/lib\libpololu_atmega168.a(OrangutanAnalog.o)
                0x00000be0                set_millivolt_calibration
 .text._ZN15OrangutanAnalogC2Ev
                0x00000bea        0x2 c:/winavr-20100110/bin/../lib/gcc/avr/4.3.3/../../../../avr/lib\libpololu_atmega168.a(OrangutanAnalog.o)
                0x00000bea                OrangutanAnalog::OrangutanAnalog()
 .text._ZN15OrangutanAnalogC1Ev
                0x00000bec        0x2 c:/winavr-20100110/bin/../lib/gcc/avr/4.3.3/../../../../avr/lib\libpololu_atmega168.a(OrangutanAnalog.o)
                0x00000bec                OrangutanAnalog::OrangutanAnalog()
 .text._ZN15OrangutanAnalog16conversionResultEv
                0x00000bee       0x1e c:/winavr-20100110/bin/../lib/gcc/avr/4.3.3/../../../../avr/lib\libpololu_atmega168.a(OrangutanAnalog.o)
                0x00000bee                OrangutanAnalog::conversionResult()
 .text._ZN15OrangutanAnalog15startConversionEhh
                0x00000c0c       0x34 c:/winavr-20100110/bin/../lib/gcc/avr/4.3.3/../../../../avr/lib\libpololu_atmega168.a(OrangutanAnalog.o)
                0x00000c0c                OrangutanAnalog::startConversion(unsigned char, unsigned char)
 .text.start_analog_conversion
                0x00000c40        0x8 c:/winavr-20100110/bin/../lib/gcc/avr/4.3.3/../../../../avr/lib\libpololu_atmega168.a(OrangutanAnalog.o)
                0x00000c40                start_analog_conversion
 .text._ZN15OrangutanAnalog4readEh
                0x00000c48       0x2c c:/winavr-20100110/bin/../lib/gcc/avr/4.3.3/../../../../avr/lib\libpololu_atmega168.a(OrangutanAnalog.o)
                0x00000c48                OrangutanAnalog::read(unsigned char)
 .text.analog_read
                0x00000c74        0x6 c:/winavr-20100110/bin/../lib/gcc/avr/4.3.3/../../../../avr/lib\libpololu_atmega168.a(OrangutanAnalog.o)
                0x00000c74                analog_read
 .text._ZN15OrangutanAnalog11readAverageEhj
                0x00000c7a       0xa2 c:/winavr-20100110/bin/../lib/gcc/avr/4.3.3/../../../../avr/lib\libpololu_atmega168.a(OrangutanAnalog.o)
                0x00000c7a                OrangutanAnalog::readAverage(unsigned char, unsigned int)
 .text.read_trimpot
                0x00000d1c        0xc c:/winavr-20100110/bin/../lib/gcc/avr/4.3.3/../../../../avr/lib\libpololu_atmega168.a(OrangutanAnalog.o)
                0x00000d1c                read_trimpot
 .text.analog_read_average
                0x00000d28        0x6 c:/winavr-20100110/bin/../lib/gcc/avr/4.3.3/../../../../avr/lib\libpololu_atmega168.a(OrangutanAnalog.o)
                0x00000d28                analog_read_average
 .text._ZN15OrangutanAnalog23setMillivoltCalibrationEj
                0x00000d2e        0xa c:/winavr-20100110/bin/../lib/gcc/avr/4.3.3/../../../../avr/lib\libpololu_atmega168.a(OrangutanAnalog.o)
                0x00000d2e                OrangutanAnalog::setMillivoltCalibration(unsigned int)
 .text._ZN15OrangutanAnalog17readVCCMillivoltsEv
                0x00000d38       0x5c c:/winavr-20100110/bin/../lib/gcc/avr/4.3.3/../../../../avr/lib\libpololu_atmega168.a(OrangutanAnalog.o)
                0x00000d38                OrangutanAnalog::readVCCMillivolts()
 .text.read_vcc_millivolts
                0x00000d94        0x6 c:/winavr-20100110/bin/../lib/gcc/avr/4.3.3/../../../../avr/lib\libpololu_atmega168.a(OrangutanAnalog.o)
                0x00000d94                read_vcc_millivolts
 .text._ZN15OrangutanAnalog12toMillivoltsEj
                0x00000d9a       0x56 c:/winavr-20100110/bin/../lib/gcc/avr/4.3.3/../../../../avr/lib\libpololu_atmega168.a(OrangutanAnalog.o)
                0x00000d9a                OrangutanAnalog::toMillivolts(unsigned int)
 .text._ZN15OrangutanAnalog21readAverageMillivoltsEhj
                0x00000df0        0xa c:/winavr-20100110/bin/../lib/gcc/avr/4.3.3/../../../../avr/lib\libpololu_atmega168.a(OrangutanAnalog.o)
                0x00000df0                OrangutanAnalog::readAverageMillivolts(unsigned char, unsigned int)
 .text.analog_read_average_millivolts
                0x00000dfa        0x6 c:/winavr-20100110/bin/../lib/gcc/avr/4.3.3/../../../../avr/lib\libpololu_atmega168.a(OrangutanAnalog.o)
                0x00000dfa                analog_read_average_millivolts
 .text._ZN15OrangutanAnalog26conversionResultMillivoltsEv
                0x00000e00       0x22 c:/winavr-20100110/bin/../lib/gcc/avr/4.3.3/../../../../avr/lib\libpololu_atmega168.a(OrangutanAnalog.o)
                0x00000e00                OrangutanAnalog::conversionResultMillivolts()
 .text._ZN15OrangutanAnalog14readMillivoltsEh
                0x00000e22       0x14 c:/winavr-20100110/bin/../lib/gcc/avr/4.3.3/../../../../avr/lib\libpololu_atmega168.a(OrangutanAnalog.o)
                0x00000e22                OrangutanAnalog::readMillivolts(unsigned char)
 .text.analog_read_millivolts
                0x00000e36        0x6 c:/winavr-20100110/bin/../lib/gcc/avr/4.3.3/../../../../avr/lib\libpololu_atmega168.a(OrangutanAnalog.o)
                0x00000e36                analog_read_millivolts
 .text.analog_conversion_result_millivolts
                0x00000e3c        0x6 c:/winavr-20100110/bin/../lib/gcc/avr/4.3.3/../../../../avr/lib\libpololu_atmega168.a(OrangutanAnalog.o)
                0x00000e3c                analog_conversion_result_millivolts
 .text.read_trimpot_millivolts
                0x00000e42       0x10 c:/winavr-20100110/bin/../lib/gcc/avr/4.3.3/../../../../avr/lib\libpololu_atmega168.a(OrangutanAnalog.o)
                0x00000e42                read_trimpot_millivolts
 .text.to_millivolts
                0x00000e52        0x6 c:/winavr-20100110/bin/../lib/gcc/avr/4.3.3/../../../../avr/lib\libpololu_atmega168.a(OrangutanAnalog.o)
                0x00000e52                to_millivolts
 .text._ZN15OrangutanAnalog16readTemperatureFEv
                0x00000e58       0x56 c:/winavr-20100110/bin/../lib/gcc/avr/4.3.3/../../../../avr/lib\libpololu_atmega168.a(OrangutanAnalog.o)
                0x00000e58                OrangutanAnalog::readTemperatureF()
 .text.read_temperature_f
                0x00000eae        0x6 c:/winavr-20100110/bin/../lib/gcc/avr/4.3.3/../../../../avr/lib\libpololu_atmega168.a(OrangutanAnalog.o)
                0x00000eae                read_temperature_f
 .text._ZN15OrangutanAnalog16readTemperatureCEv
                0x00000eb4       0x58 c:/winavr-20100110/bin/../lib/gcc/avr/4.3.3/../../../../avr/lib\libpololu_atmega168.a(OrangutanAnalog.o)
                0x00000eb4                OrangutanAnalog::readTemperatureC()
 .text.read_temperature_c
                0x00000f0c        0x6 c:/winavr-20100110/bin/../lib/gcc/avr/4.3.3/../../../../avr/lib\libpololu_atmega168.a(OrangutanAnalog.o)
                0x00000f0c                read_temperature_c
 .text._ZN15OrangutanAnalog25readBatteryMillivolts_3piEv
                0x00000f12       0x4a c:/winavr-20100110/bin/../lib/gcc/avr/4.3.3/../../../../avr/lib\libpololu_atmega168.a(OrangutanAnalog.o)
                0x00000f12                OrangutanAnalog::readBatteryMillivolts_3pi()
 .text.read_battery_millivolts_3pi
                0x00000f5c        0x6 c:/winavr-20100110/bin/../lib/gcc/avr/4.3.3/../../../../avr/lib\libpololu_atmega168.a(OrangutanAnalog.o)
                0x00000f5c                read_battery_millivolts_3pi
 .text._ZN15OrangutanAnalog24readBatteryMillivolts_SVEv
                0x00000f62       0x42 c:/winavr-20100110/bin/../lib/gcc/avr/4.3.3/../../../../avr/lib\libpololu_atmega168.a(OrangutanAnalog.o)
                0x00000f62                OrangutanAnalog::readBatteryMillivolts_SV()
 .text.read_battery_millivolts_sv168
                0x00000fa4        0x6 c:/winavr-20100110/bin/../lib/gcc/avr/4.3.3/../../../../avr/lib\libpololu_atmega168.a(OrangutanAnalog.o)
                0x00000fa4                read_battery_millivolts_sv168
 .text.read_battery_millivolts_sv
                0x00000faa        0x6 c:/winavr-20100110/bin/../lib/gcc/avr/4.3.3/../../../../avr/lib\libpololu_atmega168.a(OrangutanAnalog.o)
                0x00000faa                read_battery_millivolts_sv
 .text._ZN15OrangutanBuzzerC2Ev
                0x00000fb0        0x2 c:/winavr-20100110/bin/../lib/gcc/avr/4.3.3/../../../../avr/lib\libpololu_atmega168.a(OrangutanBuzzer.o)
                0x00000fb0                OrangutanBuzzer::OrangutanBuzzer()
 .text._ZN15OrangutanBuzzerC1Ev
                0x00000fb2        0x2 c:/winavr-20100110/bin/../lib/gcc/avr/4.3.3/../../../../avr/lib\libpololu_atmega168.a(OrangutanBuzzer.o)
                0x00000fb2                OrangutanBuzzer::OrangutanBuzzer()
 .text.is_playing
                0x00000fb4       0x1c c:/winavr-20100110/bin/../lib/gcc/avr/4.3.3/../../../../avr/lib\libpololu_atmega168.a(OrangutanBuzzer.o)
                0x00000fb4                is_playing
 .text._ZN15OrangutanBuzzer5init2Ev
                0x00000fd0       0x2e c:/winavr-20100110/bin/../lib/gcc/avr/4.3.3/../../../../avr/lib\libpololu_atmega168.a(OrangutanBuzzer.o)
                0x00000fd0                OrangutanBuzzer::init2()
 .text._ZN15OrangutanBuzzer13playFrequencyEjjh
                0x00000ffe      0x16a c:/winavr-20100110/bin/../lib/gcc/avr/4.3.3/../../../../avr/lib\libpololu_atmega168.a(OrangutanBuzzer.o)
                0x00000ffe                OrangutanBuzzer::playFrequency(unsigned int, unsigned int, unsigned char)
 .text.play_frequency
                0x00001168        0x6 c:/winavr-20100110/bin/../lib/gcc/avr/4.3.3/../../../../avr/lib\libpololu_atmega168.a(OrangutanBuzzer.o)
                0x00001168                play_frequency
 .text._ZN15OrangutanBuzzer8playNoteEhjh
                0x0000116e       0xf0 c:/winavr-20100110/bin/../lib/gcc/avr/4.3.3/../../../../avr/lib\libpololu_atmega168.a(OrangutanBuzzer.o)
                0x0000116e                OrangutanBuzzer::playNote(unsigned char, unsigned int, unsigned char)
 .text.play_note
                0x0000125e        0x6 c:/winavr-20100110/bin/../lib/gcc/avr/4.3.3/../../../../avr/lib\libpololu_atmega168.a(OrangutanBuzzer.o)
                0x0000125e                play_note
 .text._ZN15OrangutanBuzzer9isPlayingEv
                0x00001264       0x1c c:/winavr-20100110/bin/../lib/gcc/avr/4.3.3/../../../../avr/lib\libpololu_atmega168.a(OrangutanBuzzer.o)
                0x00001264                OrangutanBuzzer::isPlaying()
 .text._ZN15OrangutanBuzzer11stopPlayingEv
                0x00001280       0x34 c:/winavr-20100110/bin/../lib/gcc/avr/4.3.3/../../../../avr/lib\libpololu_atmega168.a(OrangutanBuzzer.o)
                0x00001280                OrangutanBuzzer::stopPlaying()
 .text.stop_playing
                0x000012b4        0x6 c:/winavr-20100110/bin/../lib/gcc/avr/4.3.3/../../../../avr/lib\libpololu_atmega168.a(OrangutanBuzzer.o)
                0x000012b4                stop_playing
 .text._ZL16currentCharacterv
                0x000012ba       0x3e c:/winavr-20100110/bin/../lib/gcc/avr/4.3.3/../../../../avr/lib\libpololu_atmega168.a(OrangutanBuzzer.o)
 .text._ZL9getNumberv
                0x000012f8       0x5a c:/winavr-20100110/bin/../lib/gcc/avr/4.3.3/../../../../avr/lib\libpololu_atmega168.a(OrangutanBuzzer.o)
 .text._ZL8nextNotev
                0x00001352      0x3f6 c:/winavr-20100110/bin/../lib/gcc/avr/4.3.3/../../../../avr/lib\libpololu_atmega168.a(OrangutanBuzzer.o)
 .text._ZN15OrangutanBuzzer20playFromProgramSpaceEPKc
                0x00001748       0x1c c:/winavr-20100110/bin/../lib/gcc/avr/4.3.3/../../../../avr/lib\libpololu_atmega168.a(OrangutanBuzzer.o)
                0x00001748                OrangutanBuzzer::playFromProgramSpace(char const*)
 .text.play_from_program_space
                0x00001764        0x6 c:/winavr-20100110/bin/../lib/gcc/avr/4.3.3/../../../../avr/lib\libpololu_atmega168.a(OrangutanBuzzer.o)
                0x00001764                play_from_program_space
 .text._ZN15OrangutanBuzzer4playEPKc
                0x0000176a       0x1a c:/winavr-20100110/bin/../lib/gcc/avr/4.3.3/../../../../avr/lib\libpololu_atmega168.a(OrangutanBuzzer.o)
                0x0000176a                OrangutanBuzzer::play(char const*)
 .text.play     0x00001784        0x6 c:/winavr-20100110/bin/../lib/gcc/avr/4.3.3/../../../../avr/lib\libpololu_atmega168.a(OrangutanBuzzer.o)
                0x00001784                play
 .text.__vector_13
                0x0000178a       0x9e c:/winavr-20100110/bin/../lib/gcc/avr/4.3.3/../../../../avr/lib\libpololu_atmega168.a(OrangutanBuzzer.o)
                0x0000178a                __vector_13
 .text._ZN15OrangutanBuzzer9playCheckEv
                0x00001828       0x36 c:/winavr-20100110/bin/../lib/gcc/avr/4.3.3/../../../../avr/lib\libpololu_atmega168.a(OrangutanBuzzer.o)
                0x00001828                OrangutanBuzzer::playCheck()
 .text._ZN15OrangutanBuzzer8playModeEh
                0x0000185e        0xe c:/winavr-20100110/bin/../lib/gcc/avr/4.3.3/../../../../avr/lib\libpololu_atmega168.a(OrangutanBuzzer.o)
                0x0000185e                OrangutanBuzzer::playMode(unsigned char)
 .text.play_mode
                0x0000186c        0x6 c:/winavr-20100110/bin/../lib/gcc/avr/4.3.3/../../../../avr/lib\libpololu_atmega168.a(OrangutanBuzzer.o)
                0x0000186c                play_mode
 .text.play_check
                0x00001872        0x6 c:/winavr-20100110/bin/../lib/gcc/avr/4.3.3/../../../../avr/lib\libpololu_atmega168.a(OrangutanBuzzer.o)
                0x00001872                play_check
 .text._ZN12OrangutanLCDC2Ev
                0x00001878        0x2 c:/winavr-20100110/bin/../lib/gcc/avr/4.3.3/../../../../avr/lib\libpololu_atmega168.a(OrangutanLCD.o)
                0x00001878                OrangutanLCD::OrangutanLCD()
 .text._ZN12OrangutanLCDC1Ev
                0x0000187a        0x2 c:/winavr-20100110/bin/../lib/gcc/avr/4.3.3/../../../../avr/lib\libpololu_atmega168.a(OrangutanLCD.o)
                0x0000187a                OrangutanLCD::OrangutanLCD()
 .text.void_getchar
                0x0000187c        0x6 c:/winavr-20100110/bin/../lib/gcc/avr/4.3.3/../../../../avr/lib\libpololu_atmega168.a(OrangutanLCD.o)
                0x0000187c                void_getchar
 .text._ZN12OrangutanLCD8busyWaitEv
                0x00001882       0x98 c:/winavr-20100110/bin/../lib/gcc/avr/4.3.3/../../../../avr/lib\libpololu_atmega168.a(OrangutanLCD.o)
                0x00001882                OrangutanLCD::busyWait()
 .text._ZN12OrangutanLCD8sendDataEh
                0x0000191a       0x64 c:/winavr-20100110/bin/../lib/gcc/avr/4.3.3/../../../../avr/lib\libpololu_atmega168.a(OrangutanLCD.o)
                0x0000191a                OrangutanLCD::sendData(unsigned char)
 .text._ZN12OrangutanLCD10initPrintfEv
                0x0000197e       0x8a c:/winavr-20100110/bin/../lib/gcc/avr/4.3.3/../../../../avr/lib\libpololu_atmega168.a(OrangutanLCD.o)
                0x0000197e                OrangutanLCD::initPrintf()
 .text._ZN12OrangutanLCD10initPrintfEhh
                0x00001a08        0xe c:/winavr-20100110/bin/../lib/gcc/avr/4.3.3/../../../../avr/lib\libpololu_atmega168.a(OrangutanLCD.o)
                0x00001a08                OrangutanLCD::initPrintf(unsigned char, unsigned char)
 .text.lcd_init_printf_with_dimensions
                0x00001a16        0xe c:/winavr-20100110/bin/../lib/gcc/avr/4.3.3/../../../../avr/lib\libpololu_atmega168.a(OrangutanLCD.o)
                0x00001a16                lcd_init_printf_with_dimensions
 .text.lcd_init_printf
                0x00001a24        0x6 c:/winavr-20100110/bin/../lib/gcc/avr/4.3.3/../../../../avr/lib\libpololu_atmega168.a(OrangutanLCD.o)
                0x00001a24                lcd_init_printf
 .text._ZN12OrangutanLCD5init2Ev
                0x00001a2a       0x7e c:/winavr-20100110/bin/../lib/gcc/avr/4.3.3/../../../../avr/lib\libpololu_atmega168.a(OrangutanLCD.o)
                0x00001a2a                OrangutanLCD::init2()
 .text._ZN12OrangutanLCD4initEv
                0x00001aa8       0x14 c:/winavr-20100110/bin/../lib/gcc/avr/4.3.3/../../../../avr/lib\libpololu_atmega168.a(OrangutanLCD.o)
                0x00001aa8                OrangutanLCD::init()
 .text._ZN12OrangutanLCD4sendEhhh
                0x00001abc       0x68 c:/winavr-20100110/bin/../lib/gcc/avr/4.3.3/../../../../avr/lib\libpololu_atmega168.a(OrangutanLCD.o)
                0x00001abc                OrangutanLCD::send(unsigned char, unsigned char, unsigned char)
 .text._ZN12OrangutanLCD8send_cmdEh
                0x00001b24        0xa c:/winavr-20100110/bin/../lib/gcc/avr/4.3.3/../../../../avr/lib\libpololu_atmega168.a(OrangutanLCD.o)
                0x00001b24                OrangutanLCD::send_cmd(unsigned char)
 .text._ZN12OrangutanLCD10moveCursorEhh
                0x00001b2e       0x24 c:/winavr-20100110/bin/../lib/gcc/avr/4.3.3/../../../../avr/lib\libpololu_atmega168.a(OrangutanLCD.o)
                0x00001b2e                OrangutanLCD::moveCursor(unsigned char, unsigned char)
 .text.lcd_move_cursor
                0x00001b52        0x6 c:/winavr-20100110/bin/../lib/gcc/avr/4.3.3/../../../../avr/lib\libpololu_atmega168.a(OrangutanLCD.o)
                0x00001b52                lcd_move_cursor
 .text._ZN12OrangutanLCD10hideCursorEv
                0x00001b58        0x8 c:/winavr-20100110/bin/../lib/gcc/avr/4.3.3/../../../../avr/lib\libpololu_atmega168.a(OrangutanLCD.o)
                0x00001b58                OrangutanLCD::hideCursor()
 .text.lcd_hide_cursor
                0x00001b60        0x6 c:/winavr-20100110/bin/../lib/gcc/avr/4.3.3/../../../../avr/lib\libpololu_atmega168.a(OrangutanLCD.o)
                0x00001b60                lcd_hide_cursor
 .text._ZN12OrangutanLCD10showCursorEh
                0x00001b66       0x10 c:/winavr-20100110/bin/../lib/gcc/avr/4.3.3/../../../../avr/lib\libpololu_atmega168.a(OrangutanLCD.o)
                0x00001b66                OrangutanLCD::showCursor(unsigned char)
 .text.lcd_show_cursor
                0x00001b76        0x6 c:/winavr-20100110/bin/../lib/gcc/avr/4.3.3/../../../../avr/lib\libpololu_atmega168.a(OrangutanLCD.o)
                0x00001b76                lcd_show_cursor
 .text._ZN12OrangutanLCD6gotoXYEhh
                0x00001b7c       0x3e c:/winavr-20100110/bin/../lib/gcc/avr/4.3.3/../../../../avr/lib\libpololu_atmega168.a(OrangutanLCD.o)
                0x00001b7c                OrangutanLCD::gotoXY(unsigned char, unsigned char)
 .text.lcd_goto_xy
                0x00001bba        0x6 c:/winavr-20100110/bin/../lib/gcc/avr/4.3.3/../../../../avr/lib\libpololu_atmega168.a(OrangutanLCD.o)
                0x00001bba                lcd_goto_xy
 .text._ZN12OrangutanLCD5clearEv
                0x00001bc0       0x5a c:/winavr-20100110/bin/../lib/gcc/avr/4.3.3/../../../../avr/lib\libpololu_atmega168.a(OrangutanLCD.o)
                0x00001bc0                OrangutanLCD::clear()
 .text.clear    0x00001c1a        0x6 c:/winavr-20100110/bin/../lib/gcc/avr/4.3.3/../../../../avr/lib\libpololu_atmega168.a(OrangutanLCD.o)
                0x00001c1a                clear
 .text._ZN12OrangutanLCD9send_dataEh
                0x00001c20        0xa c:/winavr-20100110/bin/../lib/gcc/avr/4.3.3/../../../../avr/lib\libpololu_atmega168.a(OrangutanLCD.o)
                0x00001c20                OrangutanLCD::send_data(unsigned char)
 .text._ZN12OrangutanLCD11printBinaryEh
                0x00001c2a       0x3a c:/winavr-20100110/bin/../lib/gcc/avr/4.3.3/../../../../avr/lib\libpololu_atmega168.a(OrangutanLCD.o)
                0x00001c2a                OrangutanLCD::printBinary(unsigned char)
 .text.print_binary
                0x00001c64        0x6 c:/winavr-20100110/bin/../lib/gcc/avr/4.3.3/../../../../avr/lib\libpololu_atmega168.a(OrangutanLCD.o)
                0x00001c64                print_binary
 .text._ZN12OrangutanLCD14printHexNibbleEh
                0x00001c6a       0x10 c:/winavr-20100110/bin/../lib/gcc/avr/4.3.3/../../../../avr/lib\libpololu_atmega168.a(OrangutanLCD.o)
                0x00001c6a                OrangutanLCD::printHexNibble(unsigned char)
 .text._ZN12OrangutanLCD8printHexEh
                0x00001c7a       0x18 c:/winavr-20100110/bin/../lib/gcc/avr/4.3.3/../../../../avr/lib\libpololu_atmega168.a(OrangutanLCD.o)
                0x00001c7a                OrangutanLCD::printHex(unsigned char)
 .text._ZN12OrangutanLCD8printHexEj
                0x00001c92       0x14 c:/winavr-20100110/bin/../lib/gcc/avr/4.3.3/../../../../avr/lib\libpololu_atmega168.a(OrangutanLCD.o)
                0x00001c92                OrangutanLCD::printHex(unsigned int)
 .text.print_hex
                0x00001ca6        0x6 c:/winavr-20100110/bin/../lib/gcc/avr/4.3.3/../../../../avr/lib\libpololu_atmega168.a(OrangutanLCD.o)
                0x00001ca6                print_hex
 .text.print_hex_byte
                0x00001cac        0x6 c:/winavr-20100110/bin/../lib/gcc/avr/4.3.3/../../../../avr/lib\libpololu_atmega168.a(OrangutanLCD.o)
                0x00001cac                print_hex_byte
 .text._ZN12OrangutanLCD5printEm
                0x00001cb2       0xc0 c:/winavr-20100110/bin/../lib/gcc/avr/4.3.3/../../../../avr/lib\libpololu_atmega168.a(OrangutanLCD.o)
                0x00001cb2                OrangutanLCD::print(unsigned long)
 .text.print_unsigned_long
                0x00001d72        0x6 c:/winavr-20100110/bin/../lib/gcc/avr/4.3.3/../../../../avr/lib\libpololu_atmega168.a(OrangutanLCD.o)
                0x00001d72                print_unsigned_long
 .text._ZN12OrangutanLCD5printEl
                0x00001d78       0x38 c:/winavr-20100110/bin/../lib/gcc/avr/4.3.3/../../../../avr/lib\libpololu_atmega168.a(OrangutanLCD.o)
                0x00001d78                OrangutanLCD::print(long)
 .text.print_long
                0x00001db0        0x6 c:/winavr-20100110/bin/../lib/gcc/avr/4.3.3/../../../../avr/lib\libpololu_atmega168.a(OrangutanLCD.o)
                0x00001db0                print_long
 .text._ZN12OrangutanLCD21printFromProgramSpaceEPKc
                0x00001db6       0x1c c:/winavr-20100110/bin/../lib/gcc/avr/4.3.3/../../../../avr/lib\libpololu_atmega168.a(OrangutanLCD.o)
                0x00001db6                OrangutanLCD::printFromProgramSpace(char const*)
 .text.print_from_program_space
                0x00001dd2        0x6 c:/winavr-20100110/bin/../lib/gcc/avr/4.3.3/../../../../avr/lib\libpololu_atmega168.a(OrangutanLCD.o)
                0x00001dd2                print_from_program_space
 .text._ZN12OrangutanLCD5printEPKc
                0x00001dd8       0x1a c:/winavr-20100110/bin/../lib/gcc/avr/4.3.3/../../../../avr/lib\libpololu_atmega168.a(OrangutanLCD.o)
                0x00001dd8                OrangutanLCD::print(char const*)
 .text.print    0x00001df2        0x6 c:/winavr-20100110/bin/../lib/gcc/avr/4.3.3/../../../../avr/lib\libpololu_atmega168.a(OrangutanLCD.o)
                0x00001df2                print
 .text._ZN12OrangutanLCD5printEc
                0x00001df8        0x6 c:/winavr-20100110/bin/../lib/gcc/avr/4.3.3/../../../../avr/lib\libpololu_atmega168.a(OrangutanLCD.o)
                0x00001df8                OrangutanLCD::print(char)
 .text.print_character
                0x00001dfe        0x6 c:/winavr-20100110/bin/../lib/gcc/avr/4.3.3/../../../../avr/lib\libpololu_atmega168.a(OrangutanLCD.o)
                0x00001dfe                print_character
 .text.lcd_putchar
                0x00001e04      0x23a c:/winavr-20100110/bin/../lib/gcc/avr/4.3.3/../../../../avr/lib\libpololu_atmega168.a(OrangutanLCD.o)
                0x00001e04                lcd_putchar
 .text._ZN12OrangutanLCD19loadCustomCharacterEPKch
                0x0000203e       0x4c c:/winavr-20100110/bin/../lib/gcc/avr/4.3.3/../../../../avr/lib\libpololu_atmega168.a(OrangutanLCD.o)
                0x0000203e                OrangutanLCD::loadCustomCharacter(char const*, unsigned char)
 .text.lcd_load_custom_character
                0x0000208a        0x6 c:/winavr-20100110/bin/../lib/gcc/avr/4.3.3/../../../../avr/lib\libpololu_atmega168.a(OrangutanLCD.o)
                0x0000208a                lcd_load_custom_character
 .text._ZN12OrangutanLCD13send_4bit_cmdEh
                0x00002090        0xa c:/winavr-20100110/bin/../lib/gcc/avr/4.3.3/../../../../avr/lib\libpololu_atmega168.a(OrangutanLCD.o)
                0x00002090                OrangutanLCD::send_4bit_cmd(unsigned char)
 .text._ZN12OrangutanLCD6scrollEhhj
                0x0000209a       0x34 c:/winavr-20100110/bin/../lib/gcc/avr/4.3.3/../../../../avr/lib\libpololu_atmega168.a(OrangutanLCD.o)
                0x0000209a                OrangutanLCD::scroll(unsigned char, unsigned char, unsigned int)
 .text.lcd_scroll
                0x000020ce        0x6 c:/winavr-20100110/bin/../lib/gcc/avr/4.3.3/../../../../avr/lib\libpololu_atmega168.a(OrangutanLCD.o)
                0x000020ce                lcd_scroll
 .text._ZN16OrangutanDigital9setOutputEhh
                0x000020d4       0x98 c:/winavr-20100110/bin/../lib/gcc/avr/4.3.3/../../../../avr/lib\libpololu_atmega168.a(OrangutanMotors.o)
                0x000020d4                OrangutanDigital::setOutput(unsigned char, unsigned char)
 .text._ZN15OrangutanMotorsC2Ev
                0x0000216c        0x2 c:/winavr-20100110/bin/../lib/gcc/avr/4.3.3/../../../../avr/lib\libpololu_atmega168.a(OrangutanMotors.o)
                0x0000216c                OrangutanMotors::OrangutanMotors()
 .text._ZN15OrangutanMotorsC1Ev
                0x0000216e        0x2 c:/winavr-20100110/bin/../lib/gcc/avr/4.3.3/../../../../avr/lib\libpololu_atmega168.a(OrangutanMotors.o)
                0x0000216e                OrangutanMotors::OrangutanMotors()
 .text._ZN15OrangutanMotors5init2Ev
                0x00002170       0x50 c:/winavr-20100110/bin/../lib/gcc/avr/4.3.3/../../../../avr/lib\libpololu_atmega168.a(OrangutanMotors.o)
                0x00002170                OrangutanMotors::init2()
 .text._ZN15OrangutanMotors4initEv
                0x000021c0       0x14 c:/winavr-20100110/bin/../lib/gcc/avr/4.3.3/../../../../avr/lib\libpololu_atmega168.a(OrangutanMotors.o)
                0x000021c0                OrangutanMotors::init()
 .text._ZN15OrangutanMotors10setM1SpeedEi
                0x000021d4       0x3c c:/winavr-20100110/bin/../lib/gcc/avr/4.3.3/../../../../avr/lib\libpololu_atmega168.a(OrangutanMotors.o)
                0x000021d4                OrangutanMotors::setM1Speed(int)
 .text.set_m1_speed
                0x00002210        0x6 c:/winavr-20100110/bin/../lib/gcc/avr/4.3.3/../../../../avr/lib\libpololu_atmega168.a(OrangutanMotors.o)
                0x00002210                set_m1_speed
 .text._ZN15OrangutanMotors10setM2SpeedEi
                0x00002216       0x44 c:/winavr-20100110/bin/../lib/gcc/avr/4.3.3/../../../../avr/lib\libpololu_atmega168.a(OrangutanMotors.o)
                0x00002216                OrangutanMotors::setM2Speed(int)
 .text.set_m2_speed
                0x0000225a        0x6 c:/winavr-20100110/bin/../lib/gcc/avr/4.3.3/../../../../avr/lib\libpololu_atmega168.a(OrangutanMotors.o)
                0x0000225a                set_m2_speed
 .text._ZN15OrangutanMotors9setSpeedsEii
                0x00002260       0x16 c:/winavr-20100110/bin/../lib/gcc/avr/4.3.3/../../../../avr/lib\libpololu_atmega168.a(OrangutanMotors.o)
                0x00002260                OrangutanMotors::setSpeeds(int, int)
 .text.set_motors
                0x00002276        0x6 c:/winavr-20100110/bin/../lib/gcc/avr/4.3.3/../../../../avr/lib\libpololu_atmega168.a(OrangutanMotors.o)
                0x00002276                set_motors
 .text._ZN20OrangutanPushbuttonsC2Ev
                0x0000227c        0x2 c:/winavr-20100110/bin/../lib/gcc/avr/4.3.3/../../../../avr/lib\libpololu_atmega168.a(OrangutanPushbuttons.o)
                0x0000227c                OrangutanPushbuttons::OrangutanPushbuttons()
 .text._ZN20OrangutanPushbuttonsC1Ev
                0x0000227e        0x2 c:/winavr-20100110/bin/../lib/gcc/avr/4.3.3/../../../../avr/lib\libpololu_atmega168.a(OrangutanPushbuttons.o)
                0x0000227e                OrangutanPushbuttons::OrangutanPushbuttons()
 .text._ZN20OrangutanPushbuttons4initEv
                0x00002280       0x2e c:/winavr-20100110/bin/../lib/gcc/avr/4.3.3/../../../../avr/lib\libpololu_atmega168.a(OrangutanPushbuttons.o)
                0x00002280                OrangutanPushbuttons::init()
 .text._ZN20OrangutanPushbuttons5init2Ev
                0x000022ae       0x20 c:/winavr-20100110/bin/../lib/gcc/avr/4.3.3/../../../../avr/lib\libpololu_atmega168.a(OrangutanPushbuttons.o)
                0x000022ae                OrangutanPushbuttons::init2()
 .text._ZN20OrangutanPushbuttons9isPressedEh
                0x000022ce       0x12 c:/winavr-20100110/bin/../lib/gcc/avr/4.3.3/../../../../avr/lib\libpololu_atmega168.a(OrangutanPushbuttons.o)
                0x000022ce                OrangutanPushbuttons::isPressed(unsigned char)
 .text.button_is_pressed
                0x000022e0        0x6 c:/winavr-20100110/bin/../lib/gcc/avr/4.3.3/../../../../avr/lib\libpololu_atmega168.a(OrangutanPushbuttons.o)
                0x000022e0                button_is_pressed
 .text._ZN20OrangutanPushbuttons25getSingleDebouncedReleaseEh
                0x000022e6      0x15a c:/winavr-20100110/bin/../lib/gcc/avr/4.3.3/../../../../avr/lib\libpololu_atmega168.a(OrangutanPushbuttons.o)
                0x000022e6                OrangutanPushbuttons::getSingleDebouncedRelease(unsigned char)
 .text.get_single_debounced_button_release
                0x00002440        0x6 c:/winavr-20100110/bin/../lib/gcc/avr/4.3.3/../../../../avr/lib\libpololu_atmega168.a(OrangutanPushbuttons.o)
                0x00002440                get_single_debounced_button_release
 .text._ZN20OrangutanPushbuttons23getSingleDebouncedPressEh
                0x00002446      0x15c c:/winavr-20100110/bin/../lib/gcc/avr/4.3.3/../../../../avr/lib\libpololu_atmega168.a(OrangutanPushbuttons.o)
                0x00002446                OrangutanPushbuttons::getSingleDebouncedPress(unsigned char)
 .text.get_single_debounced_button_press
                0x000025a2        0x6 c:/winavr-20100110/bin/../lib/gcc/avr/4.3.3/../../../../avr/lib\libpololu_atmega168.a(OrangutanPushbuttons.o)
                0x000025a2                get_single_debounced_button_press
 .text._ZN20OrangutanPushbuttons14waitForReleaseEh
                0x000025a8       0x3c c:/winavr-20100110/bin/../lib/gcc/avr/4.3.3/../../../../avr/lib\libpololu_atmega168.a(OrangutanPushbuttons.o)
                0x000025a8                OrangutanPushbuttons::waitForRelease(unsigned char)
 .text.wait_for_button_release
                0x000025e4        0x6 c:/winavr-20100110/bin/../lib/gcc/avr/4.3.3/../../../../avr/lib\libpololu_atmega168.a(OrangutanPushbuttons.o)
                0x000025e4                wait_for_button_release
 .text._ZN20OrangutanPushbuttons12waitForPressEh
                0x000025ea       0x46 c:/winavr-20100110/bin/../lib/gcc/avr/4.3.3/../../../../avr/lib\libpololu_atmega168.a(OrangutanPushbuttons.o)
                0x000025ea                OrangutanPushbuttons::waitForPress(unsigned char)
 .text._ZN20OrangutanPushbuttons13waitForButtonEh
                0x00002630       0x12 c:/winavr-20100110/bin/../lib/gcc/avr/4.3.3/../../../../avr/lib\libpololu_atmega168.a(OrangutanPushbuttons.o)
                0x00002630                OrangutanPushbuttons::waitForButton(unsigned char)
 .text.wait_for_button
                0x00002642        0x6 c:/winavr-20100110/bin/../lib/gcc/avr/4.3.3/../../../../avr/lib\libpololu_atmega168.a(OrangutanPushbuttons.o)
                0x00002642                wait_for_button
 .text.wait_for_button_press
                0x00002648        0x6 c:/winavr-20100110/bin/../lib/gcc/avr/4.3.3/../../../../avr/lib\libpololu_atmega168.a(OrangutanPushbuttons.o)
                0x00002648                wait_for_button_press
 .text._ZN18OrangutanResourcesC2Ev
                0x0000264e        0x2 c:/winavr-20100110/bin/../lib/gcc/avr/4.3.3/../../../../avr/lib\libpololu_atmega168.a(OrangutanResources.o)
                0x0000264e                OrangutanResources::OrangutanResources()
 .text._ZN18OrangutanResourcesC1Ev
                0x00002650        0x2 c:/winavr-20100110/bin/../lib/gcc/avr/4.3.3/../../../../avr/lib\libpololu_atmega168.a(OrangutanResources.o)
                0x00002650                OrangutanResources::OrangutanResources()
 .text._ZN18OrangutanResources10getFreeRAMEv
                0x00002652       0x38 c:/winavr-20100110/bin/../lib/gcc/avr/4.3.3/../../../../avr/lib\libpololu_atmega168.a(OrangutanResources.o)
                0x00002652                OrangutanResources::getFreeRAM()
 .text.get_free_ram
                0x0000268a        0x6 c:/winavr-20100110/bin/../lib/gcc/avr/4.3.3/../../../../avr/lib\libpololu_atmega168.a(OrangutanResources.o)
                0x0000268a                get_free_ram
 .text.__vector_9
                0x00002690       0x74 c:/winavr-20100110/bin/../lib/gcc/avr/4.3.3/../../../../avr/lib\libpololu_atmega168.a(OrangutanTime.o)
                0x00002690                __vector_9
 .text.delay_ms
                0x00002704       0x1e c:/winavr-20100110/bin/../lib/gcc/avr/4.3.3/../../../../avr/lib\libpololu_atmega168.a(OrangutanTime.o)
                0x00002704                delay_ms
 .text._ZN13OrangutanTime19ticksToMicrosecondsEm
                0x00002722       0x22 c:/winavr-20100110/bin/../lib/gcc/avr/4.3.3/../../../../avr/lib\libpololu_atmega168.a(OrangutanTime.o)
                0x00002722                OrangutanTime::ticksToMicroseconds(unsigned long)
 .text.ticks_to_microseconds
                0x00002744        0x6 c:/winavr-20100110/bin/../lib/gcc/avr/4.3.3/../../../../avr/lib\libpololu_atmega168.a(OrangutanTime.o)
                0x00002744                ticks_to_microseconds
 .text._ZN13OrangutanTime17delayMillisecondsEj
                0x0000274a       0x1e c:/winavr-20100110/bin/../lib/gcc/avr/4.3.3/../../../../avr/lib\libpololu_atmega168.a(OrangutanTime.o)
                0x0000274a                OrangutanTime::delayMilliseconds(unsigned int)
 .text._ZN13OrangutanTime5init2Ev
                0x00002768       0x30 c:/winavr-20100110/bin/../lib/gcc/avr/4.3.3/../../../../avr/lib\libpololu_atmega168.a(OrangutanTime.o)
                0x00002768                OrangutanTime::init2()
 .text._ZN13OrangutanTime4initEv
                0x00002798       0x14 c:/winavr-20100110/bin/../lib/gcc/avr/4.3.3/../../../../avr/lib\libpololu_atmega168.a(OrangutanTime.o)
                0x00002798                OrangutanTime::init()
 .text._ZN13OrangutanTime2msEv
                0x000027ac       0x2a c:/winavr-20100110/bin/../lib/gcc/avr/4.3.3/../../../../avr/lib\libpololu_atmega168.a(OrangutanTime.o)
                0x000027ac                OrangutanTime::ms()
 .text.get_ms   0x000027d6        0x6 c:/winavr-20100110/bin/../lib/gcc/avr/4.3.3/../../../../avr/lib\libpololu_atmega168.a(OrangutanTime.o)
                0x000027d6                get_ms
 .text._ZN13OrangutanTime5ticksEv
                0x000027dc       0x6a c:/winavr-20100110/bin/../lib/gcc/avr/4.3.3/../../../../avr/lib\libpololu_atmega168.a(OrangutanTime.o)
                0x000027dc                OrangutanTime::ticks()
 .text.get_ticks
                0x00002846        0x6 c:/winavr-20100110/bin/../lib/gcc/avr/4.3.3/../../../../avr/lib\libpololu_atmega168.a(OrangutanTime.o)
                0x00002846                get_ticks
 .text._ZN13OrangutanTime5resetEv
                0x0000284c       0x2e c:/winavr-20100110/bin/../lib/gcc/avr/4.3.3/../../../../avr/lib\libpololu_atmega168.a(OrangutanTime.o)
                0x0000284c                OrangutanTime::reset()
 .text.time_reset
                0x0000287a        0x6 c:/winavr-20100110/bin/../lib/gcc/avr/4.3.3/../../../../avr/lib\libpololu_atmega168.a(OrangutanTime.o)
                0x0000287a                time_reset
 .text.get_line_sensors_calibrated_minimum_on
                0x00002880        0xa c:/winavr-20100110/bin/../lib/gcc/avr/4.3.3/../../../../avr/lib\libpololu_atmega168.a(Pololu3pi.o)
                0x00002880                get_line_sensors_calibrated_minimum_on
 .text.get_line_sensors_calibrated_maximum_on
                0x0000288a        0xa c:/winavr-20100110/bin/../lib/gcc/avr/4.3.3/../../../../avr/lib\libpololu_atmega168.a(Pololu3pi.o)
                0x0000288a                get_line_sensors_calibrated_maximum_on
 .text.get_line_sensors_calibrated_minimum_off
                0x00002894        0xa c:/winavr-20100110/bin/../lib/gcc/avr/4.3.3/../../../../avr/lib\libpololu_atmega168.a(Pololu3pi.o)
                0x00002894                get_line_sensors_calibrated_minimum_off
 .text.get_line_sensors_calibrated_maximum_off
                0x0000289e        0xa c:/winavr-20100110/bin/../lib/gcc/avr/4.3.3/../../../../avr/lib\libpololu_atmega168.a(Pololu3pi.o)
                0x0000289e                get_line_sensors_calibrated_maximum_off
 .text._ZN9Pololu3pi33getLineSensorsCalibratedMinimumOnEv
                0x000028a8        0xa c:/winavr-20100110/bin/../lib/gcc/avr/4.3.3/../../../../avr/lib\libpololu_atmega168.a(Pololu3pi.o)
                0x000028a8                Pololu3pi::getLineSensorsCalibratedMinimumOn()
 .text._ZN9Pololu3pi33getLineSensorsCalibratedMaximumOnEv
                0x000028b2        0xa c:/winavr-20100110/bin/../lib/gcc/avr/4.3.3/../../../../avr/lib\libpololu_atmega168.a(Pololu3pi.o)
                0x000028b2                Pololu3pi::getLineSensorsCalibratedMaximumOn()
 .text._ZN9Pololu3pi34getLineSensorsCalibratedMinimumOffEv
                0x000028bc        0xa c:/winavr-20100110/bin/../lib/gcc/avr/4.3.3/../../../../avr/lib\libpololu_atmega168.a(Pololu3pi.o)
                0x000028bc                Pololu3pi::getLineSensorsCalibratedMinimumOff()
 .text._ZN9Pololu3pi34getLineSensorsCalibratedMaximumOffEv
                0x000028c6        0xa c:/winavr-20100110/bin/../lib/gcc/avr/4.3.3/../../../../avr/lib\libpololu_atmega168.a(Pololu3pi.o)
                0x000028c6                Pololu3pi::getLineSensorsCalibratedMaximumOff()
 .text._GLOBAL__I_pololu_3pi_init
                0x000028d0        0x2 c:/winavr-20100110/bin/../lib/gcc/avr/4.3.3/../../../../avr/lib\libpololu_atmega168.a(Pololu3pi.o)
 .text._GLOBAL__D_pololu_3pi_init
                0x000028d2        0xa c:/winavr-20100110/bin/../lib/gcc/avr/4.3.3/../../../../avr/lib\libpololu_atmega168.a(Pololu3pi.o)
 .text._ZN9Pololu3pi8readLineEPjhh
                0x000028dc        0xa c:/winavr-20100110/bin/../lib/gcc/avr/4.3.3/../../../../avr/lib\libpololu_atmega168.a(Pololu3pi.o)
                0x000028dc                Pololu3pi::readLine(unsigned int*, unsigned char, unsigned char)
 .text.read_line_white
                0x000028e6       0x12 c:/winavr-20100110/bin/../lib/gcc/avr/4.3.3/../../../../avr/lib\libpololu_atmega168.a(Pololu3pi.o)
                0x000028e6                read_line_white
 .text.read_line
                0x000028f8       0x12 c:/winavr-20100110/bin/../lib/gcc/avr/4.3.3/../../../../avr/lib\libpololu_atmega168.a(Pololu3pi.o)
                0x000028f8                read_line
 .text._ZN9Pololu3pi25readLineSensorsCalibratedEPjh
                0x0000290a        0xa c:/winavr-20100110/bin/../lib/gcc/avr/4.3.3/../../../../avr/lib\libpololu_atmega168.a(Pololu3pi.o)
                0x0000290a                Pololu3pi::readLineSensorsCalibrated(unsigned int*, unsigned char)
 .text.read_line_sensors_calibrated
                0x00002914       0x10 c:/winavr-20100110/bin/../lib/gcc/avr/4.3.3/../../../../avr/lib\libpololu_atmega168.a(Pololu3pi.o)
                0x00002914                read_line_sensors_calibrated
 .text._ZN9Pololu3pi20calibrateLineSensorsEh
                0x00002924        0xa c:/winavr-20100110/bin/../lib/gcc/avr/4.3.3/../../../../avr/lib\libpololu_atmega168.a(Pololu3pi.o)
                0x00002924                Pololu3pi::calibrateLineSensors(unsigned char)
 .text.calibrate_line_sensors
                0x0000292e        0xc c:/winavr-20100110/bin/../lib/gcc/avr/4.3.3/../../../../avr/lib\libpololu_atmega168.a(Pololu3pi.o)
                0x0000292e                calibrate_line_sensors
 .text._ZN9Pololu3pi11emittersOffEv
                0x0000293a        0xa c:/winavr-20100110/bin/../lib/gcc/avr/4.3.3/../../../../avr/lib\libpololu_atmega168.a(Pololu3pi.o)
                0x0000293a                Pololu3pi::emittersOff()
 .text.emitters_off
                0x00002944        0xa c:/winavr-20100110/bin/../lib/gcc/avr/4.3.3/../../../../avr/lib\libpololu_atmega168.a(Pololu3pi.o)
                0x00002944                emitters_off
 .text._ZN9Pololu3pi10emittersOnEv
                0x0000294e        0xa c:/winavr-20100110/bin/../lib/gcc/avr/4.3.3/../../../../avr/lib\libpololu_atmega168.a(Pololu3pi.o)
                0x0000294e                Pololu3pi::emittersOn()
 .text.emitters_on
                0x00002958        0xa c:/winavr-20100110/bin/../lib/gcc/avr/4.3.3/../../../../avr/lib\libpololu_atmega168.a(Pololu3pi.o)
                0x00002958                emitters_on
 .text._ZN9Pololu3pi15readLineSensorsEPjh
                0x00002962       0x10 c:/winavr-20100110/bin/../lib/gcc/avr/4.3.3/../../../../avr/lib\libpololu_atmega168.a(Pololu3pi.o)
                0x00002962                Pololu3pi::readLineSensors(unsigned int*, unsigned char)
 .text.read_line_sensors
                0x00002972       0x10 c:/winavr-20100110/bin/../lib/gcc/avr/4.3.3/../../../../avr/lib\libpololu_atmega168.a(Pololu3pi.o)
                0x00002972                read_line_sensors
 .text._ZN9Pololu3pi4initEjh
                0x00002982       0x64 c:/winavr-20100110/bin/../lib/gcc/avr/4.3.3/../../../../avr/lib\libpololu_atmega168.a(Pololu3pi.o)
                0x00002982                Pololu3pi::init(unsigned int, unsigned char)
 .text.pololu_3pi_init_disable_emitter_pin
                0x000029e6        0x8 c:/winavr-20100110/bin/../lib/gcc/avr/4.3.3/../../../../avr/lib\libpololu_atmega168.a(Pololu3pi.o)
                0x000029e6                pololu_3pi_init_disable_emitter_pin
 .text.pololu_3pi_init
                0x000029ee        0x8 c:/winavr-20100110/bin/../lib/gcc/avr/4.3.3/../../../../avr/lib\libpololu_atmega168.a(Pololu3pi.o)
                0x000029ee                pololu_3pi_init
 .text.line_sensors_reset_calibration
                0x000029f6        0xa c:/winavr-20100110/bin/../lib/gcc/avr/4.3.3/../../../../avr/lib\libpololu_atmega168.a(Pololu3pi.o)
                0x000029f6                line_sensors_reset_calibration
 .text._ZN16OrangutanDigital14getIORegistersEP8IOStructh
                0x00002a00       0xa8 c:/winavr-20100110/bin/../lib/gcc/avr/4.3.3/../../../../avr/lib\libpololu_atmega168.a(PololuQTRSensors.o)
                0x00002a00                OrangutanDigital::getIORegisters(IOStruct*, unsigned char)
 .text.qtr_emitters_on
                0x00002aa8       0x34 c:/winavr-20100110/bin/../lib/gcc/avr/4.3.3/../../../../avr/lib\libpololu_atmega168.a(PololuQTRSensors.o)
                0x00002aa8                qtr_emitters_on
 .text.qtr_calibrated_minimum_on
                0x00002adc        0xe c:/winavr-20100110/bin/../lib/gcc/avr/4.3.3/../../../../avr/lib\libpololu_atmega168.a(PololuQTRSensors.o)
                0x00002adc                qtr_calibrated_minimum_on
 .text.qtr_calibrated_maximum_on
                0x00002aea        0xe c:/winavr-20100110/bin/../lib/gcc/avr/4.3.3/../../../../avr/lib\libpololu_atmega168.a(PololuQTRSensors.o)
                0x00002aea                qtr_calibrated_maximum_on
 .text.qtr_calibrated_minimum_off
                0x00002af8        0xe c:/winavr-20100110/bin/../lib/gcc/avr/4.3.3/../../../../avr/lib\libpololu_atmega168.a(PololuQTRSensors.o)
                0x00002af8                qtr_calibrated_minimum_off
 .text.qtr_calibrated_maximum_off
                0x00002b06        0xe c:/winavr-20100110/bin/../lib/gcc/avr/4.3.3/../../../../avr/lib\libpololu_atmega168.a(PololuQTRSensors.o)
                0x00002b06                qtr_calibrated_maximum_off
 .text._ZN16PololuQTRSensors4initEhhh
                0x00002b14       0x5a c:/winavr-20100110/bin/../lib/gcc/avr/4.3.3/../../../../avr/lib\libpololu_atmega168.a(PololuQTRSensors.o)
                0x00002b14                PololuQTRSensors::init(unsigned char, unsigned char, unsigned char)
 .text._ZN16PololuQTRSensors11emittersOffEv
                0x00002b6e       0x30 c:/winavr-20100110/bin/../lib/gcc/avr/4.3.3/../../../../avr/lib\libpololu_atmega168.a(PololuQTRSensors.o)
                0x00002b6e                PololuQTRSensors::emittersOff()
 .text.qtr_emitters_off
                0x00002b9e        0xe c:/winavr-20100110/bin/../lib/gcc/avr/4.3.3/../../../../avr/lib\libpololu_atmega168.a(PololuQTRSensors.o)
                0x00002b9e                qtr_emitters_off
 .text._ZN16PololuQTRSensors10emittersOnEv
                0x00002bac       0x2e c:/winavr-20100110/bin/../lib/gcc/avr/4.3.3/../../../../avr/lib\libpololu_atmega168.a(PololuQTRSensors.o)
                0x00002bac                PololuQTRSensors::emittersOn()
 .text._ZN16PololuQTRSensors16resetCalibrationEv
                0x00002bda       0x94 c:/winavr-20100110/bin/../lib/gcc/avr/4.3.3/../../../../avr/lib\libpololu_atmega168.a(PololuQTRSensors.o)
                0x00002bda                PololuQTRSensors::resetCalibration()
 .text.qtr_reset_calibration
                0x00002c6e        0xe c:/winavr-20100110/bin/../lib/gcc/avr/4.3.3/../../../../avr/lib\libpololu_atmega168.a(PololuQTRSensors.o)
                0x00002c6e                qtr_reset_calibration
 .text._ZN18PololuQTRSensorsRC4initEPhhjh
                0x00002c7c       0xb0 c:/winavr-20100110/bin/../lib/gcc/avr/4.3.3/../../../../avr/lib\libpololu_atmega168.a(PololuQTRSensors.o)
                0x00002c7c                PololuQTRSensorsRC::init(unsigned char*, unsigned char, unsigned int, unsigned char)
 .text._ZN18PololuQTRSensorsRCC1EPhhjh
                0x00002d2c        0xa c:/winavr-20100110/bin/../lib/gcc/avr/4.3.3/../../../../avr/lib\libpololu_atmega168.a(PololuQTRSensors.o)
                0x00002d2c                PololuQTRSensorsRC::PololuQTRSensorsRC(unsigned char*, unsigned char, unsigned int, unsigned char)
 .text._ZN18PololuQTRSensorsRCC2EPhhjh
                0x00002d36        0xa c:/winavr-20100110/bin/../lib/gcc/avr/4.3.3/../../../../avr/lib\libpololu_atmega168.a(PololuQTRSensors.o)
                0x00002d36                PololuQTRSensorsRC::PololuQTRSensorsRC(unsigned char*, unsigned char, unsigned int, unsigned char)
 .text._ZN18PololuQTRSensorsRC11readPrivateEPj
                0x00002d40      0x18e c:/winavr-20100110/bin/../lib/gcc/avr/4.3.3/../../../../avr/lib\libpololu_atmega168.a(PololuQTRSensors.o)
                0x00002d40                PololuQTRSensorsRC::readPrivate(unsigned int*)
 .text._ZN22PololuQTRSensorsAnalog4initEPhhhh
                0x00002ece       0x6c c:/winavr-20100110/bin/../lib/gcc/avr/4.3.3/../../../../avr/lib\libpololu_atmega168.a(PololuQTRSensors.o)
                0x00002ece                PololuQTRSensorsAnalog::init(unsigned char*, unsigned char, unsigned char, unsigned char)
 .text._ZN22PololuQTRSensorsAnalogC1EPhhhh
                0x00002f3a        0xa c:/winavr-20100110/bin/../lib/gcc/avr/4.3.3/../../../../avr/lib\libpololu_atmega168.a(PololuQTRSensors.o)
                0x00002f3a                PololuQTRSensorsAnalog::PololuQTRSensorsAnalog(unsigned char*, unsigned char, unsigned char, unsigned char)
 .text._ZN22PololuQTRSensorsAnalogC2EPhhhh
                0x00002f44        0xa c:/winavr-20100110/bin/../lib/gcc/avr/4.3.3/../../../../avr/lib\libpololu_atmega168.a(PololuQTRSensors.o)
                0x00002f44                PololuQTRSensorsAnalog::PololuQTRSensorsAnalog(unsigned char*, unsigned char, unsigned char, unsigned char)
 .text._ZN22PololuQTRSensorsAnalog11readPrivateEPj
                0x00002f4e       0xf8 c:/winavr-20100110/bin/../lib/gcc/avr/4.3.3/../../../../avr/lib\libpololu_atmega168.a(PololuQTRSensors.o)
                0x00002f4e                PololuQTRSensorsAnalog::readPrivate(unsigned int*)
 .text._ZN16PololuQTRSensors4readEPjh
                0x00003046       0xe0 c:/winavr-20100110/bin/../lib/gcc/avr/4.3.3/../../../../avr/lib\libpololu_atmega168.a(PololuQTRSensors.o)
                0x00003046                PololuQTRSensors::read(unsigned int*, unsigned char)
 .text._ZN16PololuQTRSensors14readCalibratedEPjh
                0x00003126      0x17a c:/winavr-20100110/bin/../lib/gcc/avr/4.3.3/../../../../avr/lib\libpololu_atmega168.a(PololuQTRSensors.o)
                0x00003126                PololuQTRSensors::readCalibrated(unsigned int*, unsigned char)
 .text._ZN16PololuQTRSensors8readLineEPjhh
                0x000032a0      0x122 c:/winavr-20100110/bin/../lib/gcc/avr/4.3.3/../../../../avr/lib\libpololu_atmega168.a(PololuQTRSensors.o)
                0x000032a0                PololuQTRSensors::readLine(unsigned int*, unsigned char, unsigned char)
 .text.qtr_read_line_white
                0x000033c2       0x16 c:/winavr-20100110/bin/../lib/gcc/avr/4.3.3/../../../../avr/lib\libpololu_atmega168.a(PololuQTRSensors.o)
                0x000033c2                qtr_read_line_white
 .text.qtr_read_line
                0x000033d8       0x16 c:/winavr-20100110/bin/../lib/gcc/avr/4.3.3/../../../../avr/lib\libpololu_atmega168.a(PololuQTRSensors.o)
                0x000033d8                qtr_read_line
 .text.qtr_read_calibrated
                0x000033ee       0x14 c:/winavr-20100110/bin/../lib/gcc/avr/4.3.3/../../../../avr/lib\libpololu_atmega168.a(PololuQTRSensors.o)
                0x000033ee                qtr_read_calibrated
 .text.qtr_read
                0x00003402       0x14 c:/winavr-20100110/bin/../lib/gcc/avr/4.3.3/../../../../avr/lib\libpololu_atmega168.a(PololuQTRSensors.o)
                0x00003402                qtr_read
 .text._ZN16PololuQTRSensorsD1Ev
                0x00003416       0x3c c:/winavr-20100110/bin/../lib/gcc/avr/4.3.3/../../../../avr/lib\libpololu_atmega168.a(PololuQTRSensors.o)
                0x00003416                PololuQTRSensors::~PololuQTRSensors()
 .text._ZN16PololuQTRSensorsD2Ev
                0x00003452       0x3c c:/winavr-20100110/bin/../lib/gcc/avr/4.3.3/../../../../avr/lib\libpololu_atmega168.a(PololuQTRSensors.o)
                0x00003452                PololuQTRSensors::~PololuQTRSensors()
 .text._ZN16PololuQTRSensors16calibrateOnOrOffEPPjS1_h
                0x0000348e      0x204 c:/winavr-20100110/bin/../lib/gcc/avr/4.3.3/../../../../avr/lib\libpololu_atmega168.a(PololuQTRSensors.o)
                0x0000348e                PololuQTRSensors::calibrateOnOrOff(unsigned int**, unsigned int**, unsigned char)
 .text._ZN16PololuQTRSensors9calibrateEh
                0x00003692       0x44 c:/winavr-20100110/bin/../lib/gcc/avr/4.3.3/../../../../avr/lib\libpololu_atmega168.a(PololuQTRSensors.o)
                0x00003692                PololuQTRSensors::calibrate(unsigned char)
 .text.qtr_calibrate
                0x000036d6       0x10 c:/winavr-20100110/bin/../lib/gcc/avr/4.3.3/../../../../avr/lib\libpololu_atmega168.a(PololuQTRSensors.o)
                0x000036d6                qtr_calibrate
 .text.qtr_analog_init
                0x000036e6       0x46 c:/winavr-20100110/bin/../lib/gcc/avr/4.3.3/../../../../avr/lib\libpololu_atmega168.a(PololuQTRSensors.o)
                0x000036e6                qtr_analog_init
 .text.qtr_rc_init
                0x0000372c       0x46 c:/winavr-20100110/bin/../lib/gcc/avr/4.3.3/../../../../avr/lib\libpololu_atmega168.a(PololuQTRSensors.o)
                0x0000372c                qtr_rc_init
 .text.libgcc   0x00003772       0x3e c:/winavr-20100110/bin/../lib/gcc/avr/4.3.3/avr5\libgcc.a(_mulsi3.o)
                0x00003772                __mulsi3
 .text.libgcc   0x000037b0       0x18 c:/winavr-20100110/bin/../lib/gcc/avr/4.3.3/avr5\libgcc.a(_udivmodqi4.o)
                0x000037b0                __udivmodqi4
 .text.libgcc   0x000037c8       0x28 c:/winavr-20100110/bin/../lib/gcc/avr/4.3.3/avr5\libgcc.a(_udivmodhi4.o)
                0x000037c8                __udivmodhi4
 .text.libgcc   0x000037f0       0x26 c:/winavr-20100110/bin/../lib/gcc/avr/4.3.3/avr5\libgcc.a(_divmodhi4.o)
                0x000037f0                __divmodhi4
                0x000037f0                _div
 .text.libgcc   0x00003816       0x44 c:/winavr-20100110/bin/../lib/gcc/avr/4.3.3/avr5\libgcc.a(_udivmodsi4.o)
                0x00003816                __udivmodsi4
 .text.libgcc   0x0000385a       0x36 c:/winavr-20100110/bin/../lib/gcc/avr/4.3.3/avr5\libgcc.a(_divmodsi4.o)
                0x0000385a                __divmodsi4
 .text.libgcc   0x00003890       0x38 c:/winavr-20100110/bin/../lib/gcc/avr/4.3.3/avr5\libgcc.a(_prologue.o)
                0x00003890                __prologue_saves__
 .text.libgcc   0x000038c8       0x36 c:/winavr-20100110/bin/../lib/gcc/avr/4.3.3/avr5\libgcc.a(_epilogue.o)
                0x000038c8                __epilogue_restores__
 .text.libgcc   0x000038fe        0x0 c:/winavr-20100110/bin/../lib/gcc/avr/4.3.3/avr5\libgcc.a(_exit.o)
 .text.libgcc   0x000038fe        0xc c:/winavr-20100110/bin/../lib/gcc/avr/4.3.3/avr5\libgcc.a(_tablejump.o)
                0x00003902                __tablejump__
                0x000038fe                __tablejump2__
 .text.libgcc   0x0000390a        0x0 c:/winavr-20100110/bin/../lib/gcc/avr/4.3.3/avr5\libgcc.a(_copy_data.o)
 .text.libgcc   0x0000390a        0x0 c:/winavr-20100110/bin/../lib/gcc/avr/4.3.3/avr5\libgcc.a(_clear_bss.o)
 .text.libgcc   0x0000390a        0x0 c:/winavr-20100110/bin/../lib/gcc/avr/4.3.3/avr5\libgcc.a(_ctors.o)
 .text.libgcc   0x0000390a        0x0 c:/winavr-20100110/bin/../lib/gcc/avr/4.3.3/avr5\libgcc.a(_dtors.o)
 .text.avr-libc
                0x0000390a      0x20a c:/winavr-20100110/bin/../lib/gcc/avr/4.3.3/../../../../avr/lib/avr5\libc.a(malloc.o)
                0x0000390a                malloc
                0x00003a64                free
 .text.avr-libc
                0x00003b14       0x98 c:/winavr-20100110/bin/../lib/gcc/avr/4.3.3/../../../../avr/lib/avr5\libc.a(fdevopen.o)
                0x00003b14                fdevopen
 .text.avr-libc
                0x00003bac       0x38 c:/winavr-20100110/bin/../lib/gcc/avr/4.3.3/../../../../avr/lib/avr5\libc.a(calloc.o)
                0x00003bac                calloc
 .text.avr-libc
                0x00003be4        0xe c:/winavr-20100110/bin/../lib/gcc/avr/4.3.3/../../../../avr/lib/avr5\libc.a(memset.o)
                0x00003be4                memset
                0x00003bf2                . = ALIGN (0x2)
 *(.fini9)
 .fini9         0x00003bf2        0x0 c:/winavr-20100110/bin/../lib/gcc/avr/4.3.3/avr5\libgcc.a(_exit.o)
                0x00003bf2                exit
                0x00003bf2                _exit
 *(.fini9)
 *(.fini8)
 *(.fini8)
 *(.fini7)
 *(.fini7)
 *(.fini6)
 .fini6         0x00003bf2       0x16 c:/winavr-20100110/bin/../lib/gcc/avr/4.3.3/avr5\libgcc.a(_dtors.o)
                0x00003bf2                __do_global_dtors
 *(.fini6)
 *(.fini5)
 *(.fini5)
 *(.fini4)
 *(.fini4)
 *(.fini3)
 *(.fini3)
 *(.fini2)
 *(.fini2)
 *(.fini1)
 *(.fini1)
 *(.fini0)
 .fini0         0x00003c08        0x4 c:/winavr-20100110/bin/../lib/gcc/avr/4.3.3/avr5\libgcc.a(_exit.o)
 *(.fini0)
                0x00003c0c                _etext = .

.data           0x00800100      0x12a load address 0x00003c0c
                0x00800100                PROVIDE (__data_start, .)
 *(.data)
 .data          0x00800100        0x0 c:/winavr-20100110/bin/../lib/gcc/avr/4.3.3/../../../../avr/lib/avr5/crtm168.o
 .data          0x00800100        0x8 bomb-squad.o
 .data          0x00800108        0x2 c:/winavr-20100110/bin/../lib/gcc/avr/4.3.3/../../../../avr/lib\libpololu_atmega168.a(OrangutanAnalog.o)
 .data          0x0080010a        0x9 c:/winavr-20100110/bin/../lib/gcc/avr/4.3.3/../../../../avr/lib\libpololu_atmega168.a(OrangutanBuzzer.o)
 .data          0x00800113        0x2 c:/winavr-20100110/bin/../lib/gcc/avr/4.3.3/../../../../avr/lib\libpololu_atmega168.a(OrangutanLCD.o)
                0x00800114                numLCDCols
                0x00800113                numLCDRows
 .data          0x00800115        0x0 c:/winavr-20100110/bin/../lib/gcc/avr/4.3.3/../../../../avr/lib\libpololu_atmega168.a(OrangutanMotors.o)
 .data          0x00800115        0x0 c:/winavr-20100110/bin/../lib/gcc/avr/4.3.3/../../../../avr/lib\libpololu_atmega168.a(OrangutanPushbuttons.o)
 .data          0x00800115        0x1 c:/winavr-20100110/bin/../lib/gcc/avr/4.3.3/../../../../avr/lib\libpololu_atmega168.a(OrangutanResources.o)
                0x00800115                buzzerFinished
 .data          0x00800116        0x0 c:/winavr-20100110/bin/../lib/gcc/avr/4.3.3/../../../../avr/lib\libpololu_atmega168.a(OrangutanTime.o)
 .data          0x00800116        0x5 c:/winavr-20100110/bin/../lib/gcc/avr/4.3.3/../../../../avr/lib\libpololu_atmega168.a(Pololu3pi.o)
 .data          0x0080011b        0x0 c:/winavr-20100110/bin/../lib/gcc/avr/4.3.3/../../../../avr/lib\libpololu_atmega168.a(PololuQTRSensors.o)
 .data          0x0080011b        0x0 c:/winavr-20100110/bin/../lib/gcc/avr/4.3.3/avr5\libgcc.a(_mulsi3.o)
 .data          0x0080011b        0x0 c:/winavr-20100110/bin/../lib/gcc/avr/4.3.3/avr5\libgcc.a(_udivmodqi4.o)
 .data          0x0080011b        0x0 c:/winavr-20100110/bin/../lib/gcc/avr/4.3.3/avr5\libgcc.a(_udivmodhi4.o)
 .data          0x0080011b        0x0 c:/winavr-20100110/bin/../lib/gcc/avr/4.3.3/avr5\libgcc.a(_divmodhi4.o)
 .data          0x0080011b        0x0 c:/winavr-20100110/bin/../lib/gcc/avr/4.3.3/avr5\libgcc.a(_udivmodsi4.o)
 .data          0x0080011b        0x0 c:/winavr-20100110/bin/../lib/gcc/avr/4.3.3/avr5\libgcc.a(_divmodsi4.o)
 .data          0x0080011b        0x0 c:/winavr-20100110/bin/../lib/gcc/avr/4.3.3/avr5\libgcc.a(_prologue.o)
 .data          0x0080011b        0x0 c:/winavr-20100110/bin/../lib/gcc/avr/4.3.3/avr5\libgcc.a(_epilogue.o)
 .data          0x0080011b        0x0 c:/winavr-20100110/bin/../lib/gcc/avr/4.3.3/avr5\libgcc.a(_exit.o)
 .data          0x0080011b        0x0 c:/winavr-20100110/bin/../lib/gcc/avr/4.3.3/avr5\libgcc.a(_tablejump.o)
 .data          0x0080011b        0x0 c:/winavr-20100110/bin/../lib/gcc/avr/4.3.3/avr5\libgcc.a(_copy_data.o)
 .data          0x0080011b        0x0 c:/winavr-20100110/bin/../lib/gcc/avr/4.3.3/avr5\libgcc.a(_clear_bss.o)
 .data          0x0080011b        0x0 c:/winavr-20100110/bin/../lib/gcc/avr/4.3.3/avr5\libgcc.a(_ctors.o)
 .data          0x0080011b        0x0 c:/winavr-20100110/bin/../lib/gcc/avr/4.3.3/avr5\libgcc.a(_dtors.o)
 .data          0x0080011b        0x0 c:/winavr-20100110/bin/../lib/gcc/avr/4.3.3/avr5\libgcc.a(_mul_sf.o)
 .data          0x0080011b        0x0 c:/winavr-20100110/bin/../lib/gcc/avr/4.3.3/avr5\libgcc.a(_div_sf.o)
 .data          0x0080011b        0x0 c:/winavr-20100110/bin/../lib/gcc/avr/4.3.3/avr5\libgcc.a(_si_to_sf.o)
 .data          0x0080011b        0x0 c:/winavr-20100110/bin/../lib/gcc/avr/4.3.3/avr5\libgcc.a(_sf_to_si.o)
 .data          0x0080011b        0x8 c:/winavr-20100110/bin/../lib/gcc/avr/4.3.3/avr5\libgcc.a(_thenan_sf.o)
                0x0080011b                __thenan_sf
 .data          0x00800123        0x0 c:/winavr-20100110/bin/../lib/gcc/avr/4.3.3/avr5\libgcc.a(_clzsi2.o)
 .data          0x00800123        0x0 c:/winavr-20100110/bin/../lib/gcc/avr/4.3.3/avr5\libgcc.a(_pack_sf.o)
 .data          0x00800123        0x0 c:/winavr-20100110/bin/../lib/gcc/avr/4.3.3/avr5\libgcc.a(_unpack_sf.o)
 .data          0x00800123      0x100 c:/winavr-20100110/bin/../lib/gcc/avr/4.3.3/avr5\libgcc.a(_clz.o)
                0x00800123                __clz_tab
 .data          0x00800223        0x6 c:/winavr-20100110/bin/../lib/gcc/avr/4.3.3/../../../../avr/lib/avr5\libc.a(malloc.o)
                0x00800225                __malloc_heap_start
                0x00800227                __malloc_heap_end
                0x00800223                __malloc_margin
 .data          0x00800229        0x0 c:/winavr-20100110/bin/../lib/gcc/avr/4.3.3/../../../../avr/lib/avr5\libc.a(fdevopen.o)
 .data          0x00800229        0x0 c:/winavr-20100110/bin/../lib/gcc/avr/4.3.3/../../../../avr/lib/avr5\libc.a(iob.o)
 .data          0x00800229        0x0 c:/winavr-20100110/bin/../lib/gcc/avr/4.3.3/../../../../avr/lib/avr5\libc.a(calloc.o)
 .data          0x00800229        0x0 c:/winavr-20100110/bin/../lib/gcc/avr/4.3.3/../../../../avr/lib/avr5\libc.a(memset.o)
 *(.data*)
 *(.rodata)
 *(.rodata*)
 *(.gnu.linkonce.d*)
                0x0080022a                . = ALIGN (0x2)
 *fill*         0x00800229        0x1 00
                0x0080022a                _edata = .
                0x0080022a                PROVIDE (__data_end, .)

.bss            0x0080022a       0x7d
                0x0080022a                PROVIDE (__bss_start, .)
 *(.bss)
 .bss           0x0080022a        0x0 c:/winavr-20100110/bin/../lib/gcc/avr/4.3.3/../../../../avr/lib/avr5/crtm168.o
 .bss           0x0080022a        0x0 bomb-squad.o
 .bss           0x0080022a        0x0 c:/winavr-20100110/bin/../lib/gcc/avr/4.3.3/../../../../avr/lib\libpololu_atmega168.a(OrangutanAnalog.o)
 .bss           0x0080022a        0x6 c:/winavr-20100110/bin/../lib/gcc/avr/4.3.3/../../../../avr/lib\libpololu_atmega168.a(OrangutanBuzzer.o)
 .bss           0x00800230        0x9 c:/winavr-20100110/bin/../lib/gcc/avr/4.3.3/../../../../avr/lib\libpololu_atmega168.a(OrangutanLCD.o)
                0x00800230                printf_chars
                0x00800234                lcdTimeout
                0x00800233                col
                0x00800238                OrangutanLCD::init()::initialized
                0x00800232                row
 .bss           0x00800239        0x1 c:/winavr-20100110/bin/../lib/gcc/avr/4.3.3/../../../../avr/lib\libpololu_atmega168.a(OrangutanMotors.o)
                0x00800239                OrangutanMotors::init()::initialized
 .bss           0x0080023a        0xd c:/winavr-20100110/bin/../lib/gcc/avr/4.3.3/../../../../avr/lib\libpololu_atmega168.a(OrangutanPushbuttons.o)
                0x0080023a                OrangutanPushbuttons::init()::initialized
 .bss           0x00800247        0x3 c:/winavr-20100110/bin/../lib/gcc/avr/4.3.3/../../../../avr/lib\libpololu_atmega168.a(OrangutanResources.o)
                0x00800247                buzzerInitialized
                0x00800248                buzzerSequence
 .bss           0x0080024a        0xb c:/winavr-20100110/bin/../lib/gcc/avr/4.3.3/../../../../avr/lib\libpololu_atmega168.a(OrangutanTime.o)
                0x00800254                OrangutanTime::init()::initialized
                0x0080024a                tickCount
                0x0080024e                msCounter
                0x00800252                us_over_10
 .bss           0x00800255       0x44 c:/winavr-20100110/bin/../lib/gcc/avr/4.3.3/../../../../avr/lib\libpololu_atmega168.a(Pololu3pi.o)
 .bss           0x00800299        0x4 c:/winavr-20100110/bin/../lib/gcc/avr/4.3.3/../../../../avr/lib\libpololu_atmega168.a(PololuQTRSensors.o)
 .bss           0x0080029d        0x0 c:/winavr-20100110/bin/../lib/gcc/avr/4.3.3/avr5\libgcc.a(_mulsi3.o)
 .bss           0x0080029d        0x0 c:/winavr-20100110/bin/../lib/gcc/avr/4.3.3/avr5\libgcc.a(_udivmodqi4.o)
 .bss           0x0080029d        0x0 c:/winavr-20100110/bin/../lib/gcc/avr/4.3.3/avr5\libgcc.a(_udivmodhi4.o)
 .bss           0x0080029d        0x0 c:/winavr-20100110/bin/../lib/gcc/avr/4.3.3/avr5\libgcc.a(_divmodhi4.o)
 .bss           0x0080029d        0x0 c:/winavr-20100110/bin/../lib/gcc/avr/4.3.3/avr5\libgcc.a(_udivmodsi4.o)
 .bss           0x0080029d        0x0 c:/winavr-20100110/bin/../lib/gcc/avr/4.3.3/avr5\libgcc.a(_divmodsi4.o)
 .bss           0x0080029d        0x0 c:/winavr-20100110/bin/../lib/gcc/avr/4.3.3/avr5\libgcc.a(_prologue.o)
 .bss           0x0080029d        0x0 c:/winavr-20100110/bin/../lib/gcc/avr/4.3.3/avr5\libgcc.a(_epilogue.o)
 .bss           0x0080029d        0x0 c:/winavr-20100110/bin/../lib/gcc/avr/4.3.3/avr5\libgcc.a(_exit.o)
 .bss           0x0080029d        0x0 c:/winavr-20100110/bin/../lib/gcc/avr/4.3.3/avr5\libgcc.a(_tablejump.o)
 .bss           0x0080029d        0x0 c:/winavr-20100110/bin/../lib/gcc/avr/4.3.3/avr5\libgcc.a(_copy_data.o)
 .bss           0x0080029d        0x0 c:/winavr-20100110/bin/../lib/gcc/avr/4.3.3/avr5\libgcc.a(_clear_bss.o)
 .bss           0x0080029d        0x0 c:/winavr-20100110/bin/../lib/gcc/avr/4.3.3/avr5\libgcc.a(_ctors.o)
 .bss           0x0080029d        0x0 c:/winavr-20100110/bin/../lib/gcc/avr/4.3.3/avr5\libgcc.a(_dtors.o)
 .bss           0x0080029d        0x0 c:/winavr-20100110/bin/../lib/gcc/avr/4.3.3/avr5\libgcc.a(_mul_sf.o)
 .bss           0x0080029d        0x0 c:/winavr-20100110/bin/../lib/gcc/avr/4.3.3/avr5\libgcc.a(_div_sf.o)
 .bss           0x0080029d        0x0 c:/winavr-20100110/bin/../lib/gcc/avr/4.3.3/avr5\libgcc.a(_si_to_sf.o)
 .bss           0x0080029d        0x0 c:/winavr-20100110/bin/../lib/gcc/avr/4.3.3/avr5\libgcc.a(_sf_to_si.o)
 .bss           0x0080029d        0x0 c:/winavr-20100110/bin/../lib/gcc/avr/4.3.3/avr5\libgcc.a(_thenan_sf.o)
 .bss           0x0080029d        0x0 c:/winavr-20100110/bin/../lib/gcc/avr/4.3.3/avr5\libgcc.a(_clzsi2.o)
 .bss           0x0080029d        0x0 c:/winavr-20100110/bin/../lib/gcc/avr/4.3.3/avr5\libgcc.a(_pack_sf.o)
 .bss           0x0080029d        0x0 c:/winavr-20100110/bin/../lib/gcc/avr/4.3.3/avr5\libgcc.a(_unpack_sf.o)
 .bss           0x0080029d        0x0 c:/winavr-20100110/bin/../lib/gcc/avr/4.3.3/avr5\libgcc.a(_clz.o)
 .bss           0x0080029d        0x0 c:/winavr-20100110/bin/../lib/gcc/avr/4.3.3/../../../../avr/lib/avr5\libc.a(malloc.o)
 .bss           0x0080029d        0x0 c:/winavr-20100110/bin/../lib/gcc/avr/4.3.3/../../../../avr/lib/avr5\libc.a(fdevopen.o)
 .bss           0x0080029d        0x0 c:/winavr-20100110/bin/../lib/gcc/avr/4.3.3/../../../../avr/lib/avr5\libc.a(iob.o)
 .bss           0x0080029d        0x0 c:/winavr-20100110/bin/../lib/gcc/avr/4.3.3/../../../../avr/lib/avr5\libc.a(calloc.o)
 .bss           0x0080029d        0x0 c:/winavr-20100110/bin/../lib/gcc/avr/4.3.3/../../../../avr/lib/avr5\libc.a(memset.o)
 *(.bss*)
 *(COMMON)
 COMMON         0x0080029d        0x4 c:/winavr-20100110/bin/../lib/gcc/avr/4.3.3/../../../../avr/lib/avr5\libc.a(malloc.o)
                0x0080029d                __brkval
                0x0080029f                __flp
 COMMON         0x008002a1        0x6 c:/winavr-20100110/bin/../lib/gcc/avr/4.3.3/../../../../avr/lib/avr5\libc.a(iob.o)
                0x008002a1                __iob
                0x008002a7                PROVIDE (__bss_end, .)
                0x00003c0c                __data_load_start = LOADADDR (.data)
                0x00003d36                __data_load_end = (__data_load_start + SIZEOF (.data))

.noinit         0x008002a7        0x0
                0x008002a7                PROVIDE (__noinit_start, .)
 *(.noinit*)
                0x008002a7                PROVIDE (__noinit_end, .)
                0x008002a7                _end = .
                0x008002a7                PROVIDE (__heap_start, .)

.eeprom         0x00810000        0x0
 *(.eeprom*)
                0x00810000                __eeprom_end = .

.fuse
 *(.fuse)
 *(.lfuse)
 *(.hfuse)
 *(.efuse)

.lock
 *(.lock*)

.signature
 *(.signature*)

.stab
 *(.stab)

.stabstr
 *(.stabstr)

.stab.excl
 *(.stab.excl)

.stab.exclstr
 *(.stab.exclstr)

.stab.index
 *(.stab.index)

.stab.indexstr
 *(.stab.indexstr)

.comment
 *(.comment)

.debug
 *(.debug)

.line
 *(.line)

.debug_srcinfo
 *(.debug_srcinfo)

.debug_sfnames
 *(.debug_sfnames)

.debug_aranges  0x00000000      0x858
 *(.debug_aranges)
 .debug_aranges
                0x00000000       0x20 bomb-squad.o
 .debug_aranges
                0x00000020      0x120 c:/winavr-20100110/bin/../lib/gcc/avr/4.3.3/../../../../avr/lib\libpololu_atmega168.a(OrangutanAnalog.o)
 .debug_aranges
                0x00000140       0xd0 c:/winavr-20100110/bin/../lib/gcc/avr/4.3.3/../../../../avr/lib\libpololu_atmega168.a(OrangutanBuzzer.o)
 .debug_aranges
                0x00000210      0x190 c:/winavr-20100110/bin/../lib/gcc/avr/4.3.3/../../../../avr/lib\libpololu_atmega168.a(OrangutanLCD.o)
 .debug_aranges
                0x000003a0       0x70 c:/winavr-20100110/bin/../lib/gcc/avr/4.3.3/../../../../avr/lib\libpololu_atmega168.a(OrangutanMotors.o)
 .debug_aranges
                0x00000410       0x98 c:/winavr-20100110/bin/../lib/gcc/avr/4.3.3/../../../../avr/lib\libpololu_atmega168.a(OrangutanPushbuttons.o)
 .debug_aranges
                0x000004a8       0x38 c:/winavr-20100110/bin/../lib/gcc/avr/4.3.3/../../../../avr/lib\libpololu_atmega168.a(OrangutanResources.o)
 .debug_aranges
                0x000004e0       0x80 c:/winavr-20100110/bin/../lib/gcc/avr/4.3.3/../../../../avr/lib\libpololu_atmega168.a(OrangutanTime.o)
 .debug_aranges
                0x00000560       0xf0 c:/winavr-20100110/bin/../lib/gcc/avr/4.3.3/../../../../avr/lib\libpololu_atmega168.a(Pololu3pi.o)
 .debug_aranges
                0x00000650      0x128 c:/winavr-20100110/bin/../lib/gcc/avr/4.3.3/../../../../avr/lib\libpololu_atmega168.a(PololuQTRSensors.o)
 .debug_aranges
                0x00000778       0x20 c:/winavr-20100110/bin/../lib/gcc/avr/4.3.3/avr5\libgcc.a(_mul_sf.o)
 .debug_aranges
                0x00000798       0x20 c:/winavr-20100110/bin/../lib/gcc/avr/4.3.3/avr5\libgcc.a(_div_sf.o)
 .debug_aranges
                0x000007b8       0x20 c:/winavr-20100110/bin/../lib/gcc/avr/4.3.3/avr5\libgcc.a(_si_to_sf.o)
 .debug_aranges
                0x000007d8       0x20 c:/winavr-20100110/bin/../lib/gcc/avr/4.3.3/avr5\libgcc.a(_sf_to_si.o)
 .debug_aranges
                0x000007f8       0x20 c:/winavr-20100110/bin/../lib/gcc/avr/4.3.3/avr5\libgcc.a(_clzsi2.o)
 .debug_aranges
                0x00000818       0x20 c:/winavr-20100110/bin/../lib/gcc/avr/4.3.3/avr5\libgcc.a(_pack_sf.o)
 .debug_aranges
                0x00000838       0x20 c:/winavr-20100110/bin/../lib/gcc/avr/4.3.3/avr5\libgcc.a(_unpack_sf.o)

.debug_pubnames
                0x00000000     0x1a3e
 *(.debug_pubnames)
 .debug_pubnames
                0x00000000       0x4e bomb-squad.o
 .debug_pubnames
                0x0000004e      0x44b c:/winavr-20100110/bin/../lib/gcc/avr/4.3.3/../../../../avr/lib\libpololu_atmega168.a(OrangutanAnalog.o)
 .debug_pubnames
                0x00000499      0x20c c:/winavr-20100110/bin/../lib/gcc/avr/4.3.3/../../../../avr/lib\libpololu_atmega168.a(OrangutanBuzzer.o)
 .debug_pubnames
                0x000006a5      0x4ef c:/winavr-20100110/bin/../lib/gcc/avr/4.3.3/../../../../avr/lib\libpololu_atmega168.a(OrangutanLCD.o)
 .debug_pubnames
                0x00000b94      0x151 c:/winavr-20100110/bin/../lib/gcc/avr/4.3.3/../../../../avr/lib\libpololu_atmega168.a(OrangutanMotors.o)
 .debug_pubnames
                0x00000ce5      0x26f c:/winavr-20100110/bin/../lib/gcc/avr/4.3.3/../../../../avr/lib\libpololu_atmega168.a(OrangutanPushbuttons.o)
 .debug_pubnames
                0x00000f54       0xd8 c:/winavr-20100110/bin/../lib/gcc/avr/4.3.3/../../../../avr/lib\libpololu_atmega168.a(OrangutanResources.o)
 .debug_pubnames
                0x0000102c      0x170 c:/winavr-20100110/bin/../lib/gcc/avr/4.3.3/../../../../avr/lib\libpololu_atmega168.a(OrangutanTime.o)
 .debug_pubnames
                0x0000119c      0x347 c:/winavr-20100110/bin/../lib/gcc/avr/4.3.3/../../../../avr/lib\libpololu_atmega168.a(Pololu3pi.o)
 .debug_pubnames
                0x000014e3      0x43a c:/winavr-20100110/bin/../lib/gcc/avr/4.3.3/../../../../avr/lib\libpololu_atmega168.a(PololuQTRSensors.o)
 .debug_pubnames
                0x0000191d       0x1f c:/winavr-20100110/bin/../lib/gcc/avr/4.3.3/avr5\libgcc.a(_mul_sf.o)
 .debug_pubnames
                0x0000193c       0x1f c:/winavr-20100110/bin/../lib/gcc/avr/4.3.3/avr5\libgcc.a(_div_sf.o)
 .debug_pubnames
                0x0000195b       0x22 c:/winavr-20100110/bin/../lib/gcc/avr/4.3.3/avr5\libgcc.a(_si_to_sf.o)
 .debug_pubnames
                0x0000197d       0x20 c:/winavr-20100110/bin/../lib/gcc/avr/4.3.3/avr5\libgcc.a(_sf_to_si.o)
 .debug_pubnames
                0x0000199d       0x22 c:/winavr-20100110/bin/../lib/gcc/avr/4.3.3/avr5\libgcc.a(_thenan_sf.o)
 .debug_pubnames
                0x000019bf       0x1f c:/winavr-20100110/bin/../lib/gcc/avr/4.3.3/avr5\libgcc.a(_clzsi2.o)
 .debug_pubnames
                0x000019de       0x1f c:/winavr-20100110/bin/../lib/gcc/avr/4.3.3/avr5\libgcc.a(_pack_sf.o)
 .debug_pubnames
                0x000019fd       0x21 c:/winavr-20100110/bin/../lib/gcc/avr/4.3.3/avr5\libgcc.a(_unpack_sf.o)
 .debug_pubnames
                0x00001a1e       0x20 c:/winavr-20100110/bin/../lib/gcc/avr/4.3.3/avr5\libgcc.a(_clz.o)

.debug_info     0x00000000     0x62a7
 *(.debug_info)
 .debug_info    0x00000000      0x21b bomb-squad.o
 .debug_info    0x0000021b      0xa33 c:/winavr-20100110/bin/../lib/gcc/avr/4.3.3/../../../../avr/lib\libpololu_atmega168.a(OrangutanAnalog.o)
 .debug_info    0x00000c4e      0x71d c:/winavr-20100110/bin/../lib/gcc/avr/4.3.3/../../../../avr/lib\libpololu_atmega168.a(OrangutanBuzzer.o)
 .debug_info    0x0000136b     0x10a0 c:/winavr-20100110/bin/../lib/gcc/avr/4.3.3/../../../../avr/lib\libpololu_atmega168.a(OrangutanLCD.o)
 .debug_info    0x0000240b      0x463 c:/winavr-20100110/bin/../lib/gcc/avr/4.3.3/../../../../avr/lib\libpololu_atmega168.a(OrangutanMotors.o)
 .debug_info    0x0000286e      0x5b7 c:/winavr-20100110/bin/../lib/gcc/avr/4.3.3/../../../../avr/lib\libpololu_atmega168.a(OrangutanPushbuttons.o)
 .debug_info    0x00002e25      0x1bb c:/winavr-20100110/bin/../lib/gcc/avr/4.3.3/../../../../avr/lib\libpololu_atmega168.a(OrangutanResources.o)
 .debug_info    0x00002fe0      0x344 c:/winavr-20100110/bin/../lib/gcc/avr/4.3.3/../../../../avr/lib\libpololu_atmega168.a(OrangutanTime.o)
 .debug_info    0x00003324      0xa16 c:/winavr-20100110/bin/../lib/gcc/avr/4.3.3/../../../../avr/lib\libpololu_atmega168.a(Pololu3pi.o)
 .debug_info    0x00003d3a     0x1019 c:/winavr-20100110/bin/../lib/gcc/avr/4.3.3/../../../../avr/lib\libpololu_atmega168.a(PololuQTRSensors.o)
 .debug_info    0x00004d53      0x485 c:/winavr-20100110/bin/../lib/gcc/avr/4.3.3/avr5\libgcc.a(_mul_sf.o)
 .debug_info    0x000051d8      0x3fc c:/winavr-20100110/bin/../lib/gcc/avr/4.3.3/avr5\libgcc.a(_div_sf.o)
 .debug_info    0x000055d4      0x207 c:/winavr-20100110/bin/../lib/gcc/avr/4.3.3/avr5\libgcc.a(_si_to_sf.o)
 .debug_info    0x000057db      0x2b0 c:/winavr-20100110/bin/../lib/gcc/avr/4.3.3/avr5\libgcc.a(_sf_to_si.o)
 .debug_info    0x00005a8b      0x12c c:/winavr-20100110/bin/../lib/gcc/avr/4.3.3/avr5\libgcc.a(_thenan_sf.o)
 .debug_info    0x00005bb7      0x117 c:/winavr-20100110/bin/../lib/gcc/avr/4.3.3/avr5\libgcc.a(_clzsi2.o)
 .debug_info    0x00005cce      0x2df c:/winavr-20100110/bin/../lib/gcc/avr/4.3.3/avr5\libgcc.a(_pack_sf.o)
 .debug_info    0x00005fad      0x251 c:/winavr-20100110/bin/../lib/gcc/avr/4.3.3/avr5\libgcc.a(_unpack_sf.o)
 .debug_info    0x000061fe       0xa9 c:/winavr-20100110/bin/../lib/gcc/avr/4.3.3/avr5\libgcc.a(_clz.o)
 *(.gnu.linkonce.wi.*)

.debug_abbrev   0x00000000     0x232f
 *(.debug_abbrev)
 .debug_abbrev  0x00000000      0x10f bomb-squad.o
 .debug_abbrev  0x0000010f      0x26d c:/winavr-20100110/bin/../lib/gcc/avr/4.3.3/../../../../avr/lib\libpololu_atmega168.a(OrangutanAnalog.o)
 .debug_abbrev  0x0000037c      0x2cd c:/winavr-20100110/bin/../lib/gcc/avr/4.3.3/../../../../avr/lib\libpololu_atmega168.a(OrangutanBuzzer.o)
 .debug_abbrev  0x00000649      0x3fc c:/winavr-20100110/bin/../lib/gcc/avr/4.3.3/../../../../avr/lib\libpololu_atmega168.a(OrangutanLCD.o)
 .debug_abbrev  0x00000a45      0x225 c:/winavr-20100110/bin/../lib/gcc/avr/4.3.3/../../../../avr/lib\libpololu_atmega168.a(OrangutanMotors.o)
 .debug_abbrev  0x00000c6a      0x1f2 c:/winavr-20100110/bin/../lib/gcc/avr/4.3.3/../../../../avr/lib\libpololu_atmega168.a(OrangutanPushbuttons.o)
 .debug_abbrev  0x00000e5c      0x124 c:/winavr-20100110/bin/../lib/gcc/avr/4.3.3/../../../../avr/lib\libpololu_atmega168.a(OrangutanResources.o)
 .debug_abbrev  0x00000f80      0x1f4 c:/winavr-20100110/bin/../lib/gcc/avr/4.3.3/../../../../avr/lib\libpololu_atmega168.a(OrangutanTime.o)
 .debug_abbrev  0x00001174      0x259 c:/winavr-20100110/bin/../lib/gcc/avr/4.3.3/../../../../avr/lib\libpololu_atmega168.a(Pololu3pi.o)
 .debug_abbrev  0x000013cd      0x37b c:/winavr-20100110/bin/../lib/gcc/avr/4.3.3/../../../../avr/lib\libpololu_atmega168.a(PololuQTRSensors.o)
 .debug_abbrev  0x00001748      0x21b c:/winavr-20100110/bin/../lib/gcc/avr/4.3.3/avr5\libgcc.a(_mul_sf.o)
 .debug_abbrev  0x00001963      0x216 c:/winavr-20100110/bin/../lib/gcc/avr/4.3.3/avr5\libgcc.a(_div_sf.o)
 .debug_abbrev  0x00001b79      0x148 c:/winavr-20100110/bin/../lib/gcc/avr/4.3.3/avr5\libgcc.a(_si_to_sf.o)
 .debug_abbrev  0x00001cc1      0x17f c:/winavr-20100110/bin/../lib/gcc/avr/4.3.3/avr5\libgcc.a(_sf_to_si.o)
 .debug_abbrev  0x00001e40       0xad c:/winavr-20100110/bin/../lib/gcc/avr/4.3.3/avr5\libgcc.a(_thenan_sf.o)
 .debug_abbrev  0x00001eed       0xc4 c:/winavr-20100110/bin/../lib/gcc/avr/4.3.3/avr5\libgcc.a(_clzsi2.o)
 .debug_abbrev  0x00001fb1      0x1c0 c:/winavr-20100110/bin/../lib/gcc/avr/4.3.3/avr5\libgcc.a(_pack_sf.o)
 .debug_abbrev  0x00002171      0x154 c:/winavr-20100110/bin/../lib/gcc/avr/4.3.3/avr5\libgcc.a(_unpack_sf.o)
 .debug_abbrev  0x000022c5       0x6a c:/winavr-20100110/bin/../lib/gcc/avr/4.3.3/avr5\libgcc.a(_clz.o)

.debug_line     0x00000000     0x4944
 *(.debug_line)
 .debug_line    0x00000000      0x270 bomb-squad.o
 .debug_line    0x00000270      0x819 c:/winavr-20100110/bin/../lib/gcc/avr/4.3.3/../../../../avr/lib\libpololu_atmega168.a(OrangutanAnalog.o)
 .debug_line    0x00000a89      0x82b c:/winavr-20100110/bin/../lib/gcc/avr/4.3.3/../../../../avr/lib\libpololu_atmega168.a(OrangutanBuzzer.o)
 .debug_line    0x000012b4      0xcd6 c:/winavr-20100110/bin/../lib/gcc/avr/4.3.3/../../../../avr/lib\libpololu_atmega168.a(OrangutanLCD.o)
 .debug_line    0x00001f8a      0x3a0 c:/winavr-20100110/bin/../lib/gcc/avr/4.3.3/../../../../avr/lib\libpololu_atmega168.a(OrangutanMotors.o)
 .debug_line    0x0000232a      0x534 c:/winavr-20100110/bin/../lib/gcc/avr/4.3.3/../../../../avr/lib\libpololu_atmega168.a(OrangutanPushbuttons.o)
 .debug_line    0x0000285e      0x132 c:/winavr-20100110/bin/../lib/gcc/avr/4.3.3/../../../../avr/lib\libpololu_atmega168.a(OrangutanResources.o)
 .debug_line    0x00002990      0x2f9 c:/winavr-20100110/bin/../lib/gcc/avr/4.3.3/../../../../avr/lib\libpololu_atmega168.a(OrangutanTime.o)
 .debug_line    0x00002c89      0x468 c:/winavr-20100110/bin/../lib/gcc/avr/4.3.3/../../../../avr/lib\libpololu_atmega168.a(Pololu3pi.o)
 .debug_line    0x000030f1      0xd81 c:/winavr-20100110/bin/../lib/gcc/avr/4.3.3/../../../../avr/lib\libpololu_atmega168.a(PololuQTRSensors.o)
 .debug_line    0x00003e72      0x239 c:/winavr-20100110/bin/../lib/gcc/avr/4.3.3/avr5\libgcc.a(_mul_sf.o)
 .debug_line    0x000040ab      0x1d5 c:/winavr-20100110/bin/../lib/gcc/avr/4.3.3/avr5\libgcc.a(_div_sf.o)
 .debug_line    0x00004280      0x135 c:/winavr-20100110/bin/../lib/gcc/avr/4.3.3/avr5\libgcc.a(_si_to_sf.o)
 .debug_line    0x000043b5      0x109 c:/winavr-20100110/bin/../lib/gcc/avr/4.3.3/avr5\libgcc.a(_sf_to_si.o)
 .debug_line    0x000044be       0x90 c:/winavr-20100110/bin/../lib/gcc/avr/4.3.3/avr5\libgcc.a(_thenan_sf.o)
 .debug_line    0x0000454e       0xa5 c:/winavr-20100110/bin/../lib/gcc/avr/4.3.3/avr5\libgcc.a(_clzsi2.o)
 .debug_line    0x000045f3      0x18a c:/winavr-20100110/bin/../lib/gcc/avr/4.3.3/avr5\libgcc.a(_pack_sf.o)
 .debug_line    0x0000477d      0x14b c:/winavr-20100110/bin/../lib/gcc/avr/4.3.3/avr5\libgcc.a(_unpack_sf.o)
 .debug_line    0x000048c8       0x7c c:/winavr-20100110/bin/../lib/gcc/avr/4.3.3/avr5\libgcc.a(_clz.o)

.debug_frame    0x00000000      0xec0
 *(.debug_frame)
 .debug_frame   0x00000000       0x50 bomb-squad.o
 .debug_frame   0x00000050      0x220 c:/winavr-20100110/bin/../lib/gcc/avr/4.3.3/../../../../avr/lib\libpololu_atmega168.a(OrangutanAnalog.o)
 .debug_frame   0x00000270      0x180 c:/winavr-20100110/bin/../lib/gcc/avr/4.3.3/../../../../avr/lib\libpololu_atmega168.a(OrangutanBuzzer.o)
 .debug_frame   0x000003f0      0x300 c:/winavr-20100110/bin/../lib/gcc/avr/4.3.3/../../../../avr/lib\libpololu_atmega168.a(OrangutanLCD.o)
 .debug_frame   0x000006f0       0xc0 c:/winavr-20100110/bin/../lib/gcc/avr/4.3.3/../../../../avr/lib\libpololu_atmega168.a(OrangutanMotors.o)
 .debug_frame   0x000007b0      0x110 c:/winavr-20100110/bin/../lib/gcc/avr/4.3.3/../../../../avr/lib\libpololu_atmega168.a(OrangutanPushbuttons.o)
 .debug_frame   0x000008c0       0x50 c:/winavr-20100110/bin/../lib/gcc/avr/4.3.3/../../../../avr/lib\libpololu_atmega168.a(OrangutanResources.o)
 .debug_frame   0x00000910       0xe0 c:/winavr-20100110/bin/../lib/gcc/avr/4.3.3/../../../../avr/lib\libpololu_atmega168.a(OrangutanTime.o)
 .debug_frame   0x000009f0      0x1c0 c:/winavr-20100110/bin/../lib/gcc/avr/4.3.3/../../../../avr/lib\libpololu_atmega168.a(Pololu3pi.o)
 .debug_frame   0x00000bb0      0x230 c:/winavr-20100110/bin/../lib/gcc/avr/4.3.3/../../../../avr/lib\libpololu_atmega168.a(PololuQTRSensors.o)
 .debug_frame   0x00000de0       0x20 c:/winavr-20100110/bin/../lib/gcc/avr/4.3.3/avr5\libgcc.a(_mul_sf.o)
 .debug_frame   0x00000e00       0x20 c:/winavr-20100110/bin/../lib/gcc/avr/4.3.3/avr5\libgcc.a(_div_sf.o)
 .debug_frame   0x00000e20       0x20 c:/winavr-20100110/bin/../lib/gcc/avr/4.3.3/avr5\libgcc.a(_si_to_sf.o)
 .debug_frame   0x00000e40       0x20 c:/winavr-20100110/bin/../lib/gcc/avr/4.3.3/avr5\libgcc.a(_sf_to_si.o)
 .debug_frame   0x00000e60       0x20 c:/winavr-20100110/bin/../lib/gcc/avr/4.3.3/avr5\libgcc.a(_clzsi2.o)
 .debug_frame   0x00000e80       0x20 c:/winavr-20100110/bin/../lib/gcc/avr/4.3.3/avr5\libgcc.a(_pack_sf.o)
 .debug_frame   0x00000ea0       0x20 c:/winavr-20100110/bin/../lib/gcc/avr/4.3.3/avr5\libgcc.a(_unpack_sf.o)

.debug_str      0x00000000     0x28f7
 *(.debug_str)
 .debug_str     0x00000000      0x102 bomb-squad.o
                                0x153 (size before relaxing)