Archive member included because of file (symbol)

c:/program files/winavr-20100110/bin/../lib/gcc/avr/4.3.3/../../../../avr/lib\libpololu_atmega168.a(OrangutanAnalog.o)
                              maze-solver.o (analog_read)
c:/program files/winavr-20100110/bin/../lib/gcc/avr/4.3.3/../../../../avr/lib\libpololu_atmega168.a(OrangutanBuzzer.o)
                              3pi.o (is_playing)
c:/program files/winavr-20100110/bin/../lib/gcc/avr/4.3.3/../../../../avr/lib\libpololu_atmega168.a(OrangutanLCD.o)
                              maze-solver.o (lcd_goto_xy)
c:/program files/winavr-20100110/bin/../lib/gcc/avr/4.3.3/../../../../avr/lib\libpololu_atmega168.a(OrangutanMotors.o)
                              maze-solver.o (set_motors)
c:/program files/winavr-20100110/bin/../lib/gcc/avr/4.3.3/../../../../avr/lib\libpololu_atmega168.a(OrangutanPushbuttons.o)
                              maze-solver.o (button_is_pressed)
c:/program files/winavr-20100110/bin/../lib/gcc/avr/4.3.3/../../../../avr/lib\libpololu_atmega168.a(OrangutanResources.o)
                              c:/program files/winavr-20100110/bin/../lib/gcc/avr/4.3.3/../../../../avr/lib\libpololu_atmega168.a(OrangutanBuzzer.o) (buzzerInitialized)
c:/program files/winavr-20100110/bin/../lib/gcc/avr/4.3.3/../../../../avr/lib\libpololu_atmega168.a(OrangutanTime.o)
                              maze-solver.o (delay_ms)
c:/program files/winavr-20100110/bin/../lib/gcc/avr/4.3.3/avr5\libgcc.a(_mulsi3.o)
                              c:/program files/winavr-20100110/bin/../lib/gcc/avr/4.3.3/../../../../avr/lib\libpololu_atmega168.a(OrangutanAnalog.o) (__mulsi3)
c:/program files/winavr-20100110/bin/../lib/gcc/avr/4.3.3/avr5\libgcc.a(_udivmodqi4.o)
                              c:/program files/winavr-20100110/bin/../lib/gcc/avr/4.3.3/../../../../avr/lib\libpololu_atmega168.a(OrangutanBuzzer.o) (__udivmodqi4)
c:/program files/winavr-20100110/bin/../lib/gcc/avr/4.3.3/avr5\libgcc.a(_udivmodhi4.o)
                              c:/program files/winavr-20100110/bin/../lib/gcc/avr/4.3.3/../../../../avr/lib\libpololu_atmega168.a(OrangutanAnalog.o) (__udivmodhi4)
c:/program files/winavr-20100110/bin/../lib/gcc/avr/4.3.3/avr5\libgcc.a(_divmodhi4.o)
                              maze-solver.o (__divmodhi4)
c:/program files/winavr-20100110/bin/../lib/gcc/avr/4.3.3/avr5\libgcc.a(_udivmodsi4.o)
                              maze-solver.o (__udivmodsi4)
c:/program files/winavr-20100110/bin/../lib/gcc/avr/4.3.3/avr5\libgcc.a(_divmodsi4.o)
                              c:/program files/winavr-20100110/bin/../lib/gcc/avr/4.3.3/../../../../avr/lib\libpololu_atmega168.a(OrangutanBuzzer.o) (__divmodsi4)
c:/program files/winavr-20100110/bin/../lib/gcc/avr/4.3.3/avr5\libgcc.a(_prologue.o)
                              c:/program files/winavr-20100110/bin/../lib/gcc/avr/4.3.3/../../../../avr/lib\libpololu_atmega168.a(OrangutanBuzzer.o) (__prologue_saves__)
c:/program files/winavr-20100110/bin/../lib/gcc/avr/4.3.3/avr5\libgcc.a(_epilogue.o)
                              c:/program files/winavr-20100110/bin/../lib/gcc/avr/4.3.3/../../../../avr/lib\libpololu_atmega168.a(OrangutanBuzzer.o) (__epilogue_restores__)
c:/program files/winavr-20100110/bin/../lib/gcc/avr/4.3.3/avr5\libgcc.a(_exit.o)
                              c:/program files/winavr-20100110/bin/../lib/gcc/avr/4.3.3/../../../../avr/lib/avr5/crtm168.o (exit)
c:/program files/winavr-20100110/bin/../lib/gcc/avr/4.3.3/avr5\libgcc.a(_tablejump.o)
                              c:/program files/winavr-20100110/bin/../lib/gcc/avr/4.3.3/../../../../avr/lib\libpololu_atmega168.a(OrangutanBuzzer.o) (__tablejump2__)
c:/program files/winavr-20100110/bin/../lib/gcc/avr/4.3.3/avr5\libgcc.a(_copy_data.o)
                              maze-solver.o (__do_copy_data)
c:/program files/winavr-20100110/bin/../lib/gcc/avr/4.3.3/avr5\libgcc.a(_clear_bss.o)
                              c:/program files/winavr-20100110/bin/../lib/gcc/avr/4.3.3/../../../../avr/lib\libpololu_atmega168.a(OrangutanAnalog.o) (__do_clear_bss)
c:/program files/winavr-20100110/bin/../lib/gcc/avr/4.3.3/avr5\libgcc.a(_div_sf.o)
                              maze-solver.o (__divsf3)
c:/program files/winavr-20100110/bin/../lib/gcc/avr/4.3.3/avr5\libgcc.a(_si_to_sf.o)
                              maze-solver.o (__floatsisf)
c:/program files/winavr-20100110/bin/../lib/gcc/avr/4.3.3/avr5\libgcc.a(_sf_to_si.o)
                              maze-solver.o (__fixsfsi)
c:/program files/winavr-20100110/bin/../lib/gcc/avr/4.3.3/avr5\libgcc.a(_thenan_sf.o)
                              c:/program files/winavr-20100110/bin/../lib/gcc/avr/4.3.3/avr5\libgcc.a(_div_sf.o) (__thenan_sf)
c:/program files/winavr-20100110/bin/../lib/gcc/avr/4.3.3/avr5\libgcc.a(_clzsi2.o)
                              c:/program files/winavr-20100110/bin/../lib/gcc/avr/4.3.3/avr5\libgcc.a(_si_to_sf.o) (__clzsi2)
c:/program files/winavr-20100110/bin/../lib/gcc/avr/4.3.3/avr5\libgcc.a(_pack_sf.o)
                              c:/program files/winavr-20100110/bin/../lib/gcc/avr/4.3.3/avr5\libgcc.a(_div_sf.o) (__pack_f)
c:/program files/winavr-20100110/bin/../lib/gcc/avr/4.3.3/avr5\libgcc.a(_unpack_sf.o)
                              c:/program files/winavr-20100110/bin/../lib/gcc/avr/4.3.3/avr5\libgcc.a(_div_sf.o) (__unpack_f)
c:/program files/winavr-20100110/bin/../lib/gcc/avr/4.3.3/avr5\libgcc.a(_clz.o)
                              c:/program files/winavr-20100110/bin/../lib/gcc/avr/4.3.3/avr5\libgcc.a(_clzsi2.o) (__clz_tab)
c:/program files/winavr-20100110/bin/../lib/gcc/avr/4.3.3/../../../../avr/lib/avr5\libc.a(malloc.o)
                              c:/program files/winavr-20100110/bin/../lib/gcc/avr/4.3.3/../../../../avr/lib\libpololu_atmega168.a(OrangutanLCD.o) (malloc)
c:/program files/winavr-20100110/bin/../lib/gcc/avr/4.3.3/../../../../avr/lib/avr5\libc.a(fdevopen.o)
                              c:/program files/winavr-20100110/bin/../lib/gcc/avr/4.3.3/../../../../avr/lib\libpololu_atmega168.a(OrangutanLCD.o) (fdevopen)
c:/program files/winavr-20100110/bin/../lib/gcc/avr/4.3.3/../../../../avr/lib/avr5\libc.a(iob.o)
                              c:/program files/winavr-20100110/bin/../lib/gcc/avr/4.3.3/../../../../avr/lib/avr5\libc.a(fdevopen.o) (__iob)
c:/program files/winavr-20100110/bin/../lib/gcc/avr/4.3.3/../../../../avr/lib/avr5\libc.a(calloc.o)
                              c:/program files/winavr-20100110/bin/../lib/gcc/avr/4.3.3/../../../../avr/lib/avr5\libc.a(fdevopen.o) (calloc)
c:/program files/winavr-20100110/bin/../lib/gcc/avr/4.3.3/../../../../avr/lib/avr5\libc.a(memset.o)
                              c:/program files/winavr-20100110/bin/../lib/gcc/avr/4.3.3/../../../../avr/lib/avr5\libc.a(calloc.o) (memset)

Allocating common symbols
Common symbol       size              file

__brkval            0x2               c:/program files/winavr-20100110/bin/../lib/gcc/avr/4.3.3/../../../../avr/lib/avr5\libc.a(malloc.o)
__flp               0x2               c:/program files/winavr-20100110/bin/../lib/gcc/avr/4.3.3/../../../../avr/lib/avr5\libc.a(malloc.o)
__iob               0x6               c:/program files/winavr-20100110/bin/../lib/gcc/avr/4.3.3/../../../../avr/lib/avr5\libc.a(iob.o)

Memory Configuration

Name             Origin             Length             Attributes
text             0x00000000         0x00020000         xr
data             0x00800060         0x0000ffa0         rw !x
eeprom           0x00810000         0x00010000         rw !x
fuse             0x00820000         0x00000400         rw !x
lock             0x00830000         0x00000400         rw !x
signature        0x00840000         0x00000400         rw !x
*default*        0x00000000         0xffffffff

Linker script and memory map

Address of section .data set to 0x800100
LOAD c:/program files/winavr-20100110/bin/../lib/gcc/avr/4.3.3/../../../../avr/lib/avr5/crtm168.o
LOAD maze-solver.o
LOAD 3pi.o
LOAD c:/program files/winavr-20100110/bin/../lib/gcc/avr/4.3.3/../../../../avr/lib\libpololu_atmega168.a
LOAD c:/program files/winavr-20100110/bin/../lib/gcc/avr/4.3.3/avr5\libgcc.a
LOAD c:/program files/winavr-20100110/bin/../lib/gcc/avr/4.3.3/../../../../avr/lib/avr5\libc.a
LOAD c:/program files/winavr-20100110/bin/../lib/gcc/avr/4.3.3/avr5\libgcc.a

.hash
 *(.hash)

.dynsym
 *(.dynsym)

.dynstr
 *(.dynstr)

.gnu.version
 *(.gnu.version)

.gnu.version_d
 *(.gnu.version_d)

.gnu.version_r
 *(.gnu.version_r)

.rel.init
 *(.rel.init)

.rela.init
 *(.rela.init)

.rel.text
 *(.rel.text)
 *(.rel.text.*)
 *(.rel.gnu.linkonce.t*)

.rela.text
 *(.rela.text)
 *(.rela.text.*)
 *(.rela.gnu.linkonce.t*)

.rel.fini
 *(.rel.fini)

.rela.fini
 *(.rela.fini)

.rel.rodata
 *(.rel.rodata)
 *(.rel.rodata.*)
 *(.rel.gnu.linkonce.r*)

.rela.rodata
 *(.rela.rodata)
 *(.rela.rodata.*)
 *(.rela.gnu.linkonce.r*)

.rel.data
 *(.rel.data)
 *(.rel.data.*)
 *(.rel.gnu.linkonce.d*)

.rela.data
 *(.rela.data)
 *(.rela.data.*)
 *(.rela.gnu.linkonce.d*)

.rel.ctors
 *(.rel.ctors)

.rela.ctors
 *(.rela.ctors)

.rel.dtors
 *(.rel.dtors)

.rela.dtors
 *(.rela.dtors)

.rel.got
 *(.rel.got)

.rela.got
 *(.rela.got)

.rel.bss
 *(.rel.bss)

.rela.bss
 *(.rela.bss)

.rel.plt
 *(.rel.plt)

.rela.plt
 *(.rela.plt)

.text           0x00000000     0x2f8a
 *(.vectors)
 .vectors       0x00000000       0x68 c:/program files/winavr-20100110/bin/../lib/gcc/avr/4.3.3/../../../../avr/lib/avr5/crtm168.o
                0x00000000                __vectors
                0x00000000                __vector_default
 *(.vectors)
 *(.progmem.gcc*)
 .progmem.gcc_sw_table
                0x00000068       0x18 c:/program files/winavr-20100110/bin/../lib/gcc/avr/4.3.3/../../../../avr/lib\libpololu_atmega168.a(OrangutanBuzzer.o)
 *(.progmem*)
 .progmem.data  0x00000080       0x36 3pi.o
                0x00000091                name_line1
                0x00000096                name_line2
                0x00000080                welcome_line1
                0x000000a9                go
                0x00000088                welcome_line2
                0x0000009f                welcome
                0x000000b6                . = ALIGN (0x2)
                0x000000b6                __trampolines_start = .
 *(.trampolines)
 .trampolines   0x000000b6        0x0 linker stubs
 *(.trampolines*)
                0x000000b6                __trampolines_end = .
 *(.jumptables)
 *(.jumptables*)
 *(.lowtext)
 *(.lowtext*)
                0x000000b6                __ctors_start = .
 *(.ctors)
                0x000000b6                __ctors_end = .
                0x000000b6                __dtors_start = .
 *(.dtors)
                0x000000b6                __dtors_end = .
 SORT(*)(.ctors)
 SORT(*)(.dtors)
 *(.init0)
 .init0         0x000000b6        0x0 c:/program files/winavr-20100110/bin/../lib/gcc/avr/4.3.3/../../../../avr/lib/avr5/crtm168.o
                0x000000b6                __init
 *(.init0)
 *(.init1)
 *(.init1)
 *(.init2)
 .init2         0x000000b6        0xc c:/program files/winavr-20100110/bin/../lib/gcc/avr/4.3.3/../../../../avr/lib/avr5/crtm168.o
 *(.init2)
 *(.init3)
 *(.init3)
 *(.init4)
 .init4         0x000000c2       0x16 c:/program files/winavr-20100110/bin/../lib/gcc/avr/4.3.3/avr5\libgcc.a(_copy_data.o)
                0x000000c2                __do_copy_data
 .init4         0x000000d8       0x10 c:/program files/winavr-20100110/bin/../lib/gcc/avr/4.3.3/avr5\libgcc.a(_clear_bss.o)
                0x000000d8                __do_clear_bss
 *(.init4)
 *(.init5)
 *(.init5)
 *(.init6)
 *(.init6)
 *(.init7)
 *(.init7)
 *(.init8)
 *(.init8)
 *(.init9)
 .init9         0x000000e8        0x8 c:/program files/winavr-20100110/bin/../lib/gcc/avr/4.3.3/../../../../avr/lib/avr5/crtm168.o
 *(.init9)
 *(.text)
 .text          0x000000f0        0x4 c:/program files/winavr-20100110/bin/../lib/gcc/avr/4.3.3/../../../../avr/lib/avr5/crtm168.o
                0x000000f0                __vector_22
                0x000000f0                __vector_1
                0x000000f0                __vector_24
                0x000000f0                __vector_12
                0x000000f0                __bad_interrupt
                0x000000f0                __vector_6
                0x000000f0                __vector_3
                0x000000f0                __vector_23
                0x000000f0                __vector_25
                0x000000f0                __vector_11
                0x000000f0                __vector_17
                0x000000f0                __vector_19
                0x000000f0                __vector_7
                0x000000f0                __vector_5
                0x000000f0                __vector_4
                0x000000f0                __vector_2
                0x000000f0                __vector_21
                0x000000f0                __vector_15
                0x000000f0                __vector_8
                0x000000f0                __vector_14
                0x000000f0                __vector_10
                0x000000f0                __vector_16
                0x000000f0                __vector_18
                0x000000f0                __vector_20
 .text          0x000000f4      0x324 maze-solver.o
                0x00000262                turn_right
                0x000001c4                count_down
                0x000000f4                init_sensors
                0x000001b4                read_left_sensor
                0x0000013c                print_num_xy
                0x00000218                scan_360
                0x0000017e                print_xy
                0x000002ba                turn_left
                0x00000314                wait_with_message
                0x00000112                turn_right_in_place
                0x0000012e                back_up_left
                0x00000120                back_up_right
                0x000001ac                read_right_sensor
                0x00000340                main
                0x00000104                turn_left_in_place
                0x000001bc                read_forward_sensor
 .text          0x00000418      0x268 3pi.o
                0x00000560                main2
                0x000004b0                initialize
                0x00000418                turn_in_place
                0x00000464                back_up
 .text          0x00000680        0x0 c:/program files/winavr-20100110/bin/../lib/gcc/avr/4.3.3/../../../../avr/lib\libpololu_atmega168.a(OrangutanAnalog.o)
 .text          0x00000680        0x0 c:/program files/winavr-20100110/bin/../lib/gcc/avr/4.3.3/../../../../avr/lib\libpololu_atmega168.a(OrangutanBuzzer.o)
 .text          0x00000680        0x0 c:/program files/winavr-20100110/bin/../lib/gcc/avr/4.3.3/../../../../avr/lib\libpololu_atmega168.a(OrangutanLCD.o)
 .text          0x00000680        0x0 c:/program files/winavr-20100110/bin/../lib/gcc/avr/4.3.3/../../../../avr/lib\libpololu_atmega168.a(OrangutanMotors.o)
 .text          0x00000680        0x0 c:/program files/winavr-20100110/bin/../lib/gcc/avr/4.3.3/../../../../avr/lib\libpololu_atmega168.a(OrangutanPushbuttons.o)
 .text          0x00000680        0x0 c:/program files/winavr-20100110/bin/../lib/gcc/avr/4.3.3/../../../../avr/lib\libpololu_atmega168.a(OrangutanResources.o)
 .text          0x00000680        0x0 c:/program files/winavr-20100110/bin/../lib/gcc/avr/4.3.3/../../../../avr/lib\libpololu_atmega168.a(OrangutanTime.o)
 .text          0x00000680        0x0 c:/program files/winavr-20100110/bin/../lib/gcc/avr/4.3.3/avr5\libgcc.a(_mulsi3.o)
 .text          0x00000680        0x0 c:/program files/winavr-20100110/bin/../lib/gcc/avr/4.3.3/avr5\libgcc.a(_udivmodqi4.o)
 .text          0x00000680        0x0 c:/program files/winavr-20100110/bin/../lib/gcc/avr/4.3.3/avr5\libgcc.a(_udivmodhi4.o)
 .text          0x00000680        0x0 c:/program files/winavr-20100110/bin/../lib/gcc/avr/4.3.3/avr5\libgcc.a(_divmodhi4.o)
 .text          0x00000680        0x0 c:/program files/winavr-20100110/bin/../lib/gcc/avr/4.3.3/avr5\libgcc.a(_udivmodsi4.o)
 .text          0x00000680        0x0 c:/program files/winavr-20100110/bin/../lib/gcc/avr/4.3.3/avr5\libgcc.a(_divmodsi4.o)
 .text          0x00000680        0x0 c:/program files/winavr-20100110/bin/../lib/gcc/avr/4.3.3/avr5\libgcc.a(_prologue.o)
 .text          0x00000680        0x0 c:/program files/winavr-20100110/bin/../lib/gcc/avr/4.3.3/avr5\libgcc.a(_epilogue.o)
 .text          0x00000680        0x0 c:/program files/winavr-20100110/bin/../lib/gcc/avr/4.3.3/avr5\libgcc.a(_exit.o)
 .text          0x00000680        0x0 c:/program files/winavr-20100110/bin/../lib/gcc/avr/4.3.3/avr5\libgcc.a(_tablejump.o)
 .text          0x00000680        0x0 c:/program files/winavr-20100110/bin/../lib/gcc/avr/4.3.3/avr5\libgcc.a(_copy_data.o)
 .text          0x00000680        0x0 c:/program files/winavr-20100110/bin/../lib/gcc/avr/4.3.3/avr5\libgcc.a(_clear_bss.o)
 .text          0x00000680      0x158 c:/program files/winavr-20100110/bin/../lib/gcc/avr/4.3.3/avr5\libgcc.a(_div_sf.o)
                0x00000680                __divsf3
 .text          0x000007d8       0xbc c:/program files/winavr-20100110/bin/../lib/gcc/avr/4.3.3/avr5\libgcc.a(_si_to_sf.o)
                0x000007d8                __floatsisf
 .text          0x00000894       0xa8 c:/program files/winavr-20100110/bin/../lib/gcc/avr/4.3.3/avr5\libgcc.a(_sf_to_si.o)
                0x00000894                __fixsfsi
 .text          0x0000093c        0x0 c:/program files/winavr-20100110/bin/../lib/gcc/avr/4.3.3/avr5\libgcc.a(_thenan_sf.o)
 .text          0x0000093c       0x9e c:/program files/winavr-20100110/bin/../lib/gcc/avr/4.3.3/avr5\libgcc.a(_clzsi2.o)
                0x0000093c                __clzsi2
 .text          0x000009da      0x1aa c:/program files/winavr-20100110/bin/../lib/gcc/avr/4.3.3/avr5\libgcc.a(_pack_sf.o)
                0x000009da                __pack_f
 .text          0x00000b84       0xf0 c:/program files/winavr-20100110/bin/../lib/gcc/avr/4.3.3/avr5\libgcc.a(_unpack_sf.o)
                0x00000b84                __unpack_f
 .text          0x00000c74        0x0 c:/program files/winavr-20100110/bin/../lib/gcc/avr/4.3.3/avr5\libgcc.a(_clz.o)
 .text          0x00000c74        0x0 c:/program files/winavr-20100110/bin/../lib/gcc/avr/4.3.3/../../../../avr/lib/avr5\libc.a(malloc.o)
 .text          0x00000c74        0x0 c:/program files/winavr-20100110/bin/../lib/gcc/avr/4.3.3/../../../../avr/lib/avr5\libc.a(fdevopen.o)
 .text          0x00000c74        0x0 c:/program files/winavr-20100110/bin/../lib/gcc/avr/4.3.3/../../../../avr/lib/avr5\libc.a(iob.o)
 .text          0x00000c74        0x0 c:/program files/winavr-20100110/bin/../lib/gcc/avr/4.3.3/../../../../avr/lib/avr5\libc.a(calloc.o)
 .text          0x00000c74        0x0 c:/program files/winavr-20100110/bin/../lib/gcc/avr/4.3.3/../../../../avr/lib/avr5\libc.a(memset.o)
                0x00000c74                . = ALIGN (0x2)
 *(.text.*)
 .text.start_analog_conversion
                0x00000c74       0x26 c:/program files/winavr-20100110/bin/../lib/gcc/avr/4.3.3/../../../../avr/lib\libpololu_atmega168.a(OrangutanAnalog.o)
                0x00000c74                start_analog_conversion
 .text.analog_conversion_result
                0x00000c9a       0x1e c:/program files/winavr-20100110/bin/../lib/gcc/avr/4.3.3/../../../../avr/lib\libpololu_atmega168.a(OrangutanAnalog.o)
                0x00000c9a                analog_conversion_result
 .text.set_millivolt_calibration
                0x00000cb8        0xa c:/program files/winavr-20100110/bin/../lib/gcc/avr/4.3.3/../../../../avr/lib\libpololu_atmega168.a(OrangutanAnalog.o)
                0x00000cb8                set_millivolt_calibration
 .text._ZN15OrangutanAnalogC2Ev
                0x00000cc2        0x2 c:/program files/winavr-20100110/bin/../lib/gcc/avr/4.3.3/../../../../avr/lib\libpololu_atmega168.a(OrangutanAnalog.o)
                0x00000cc2                OrangutanAnalog::OrangutanAnalog()
 .text._ZN15OrangutanAnalogC1Ev
                0x00000cc4        0x2 c:/program files/winavr-20100110/bin/../lib/gcc/avr/4.3.3/../../../../avr/lib\libpololu_atmega168.a(OrangutanAnalog.o)
                0x00000cc4                OrangutanAnalog::OrangutanAnalog()
 .text._ZN15OrangutanAnalog16conversionResultEv
                0x00000cc6       0x1e c:/program files/winavr-20100110/bin/../lib/gcc/avr/4.3.3/../../../../avr/lib\libpololu_atmega168.a(OrangutanAnalog.o)
                0x00000cc6                OrangutanAnalog::conversionResult()
 .text._ZN15OrangutanAnalog15startConversionEhh
                0x00000ce4       0x34 c:/program files/winavr-20100110/bin/../lib/gcc/avr/4.3.3/../../../../avr/lib\libpololu_atmega168.a(OrangutanAnalog.o)
                0x00000ce4                OrangutanAnalog::startConversion(unsigned char, unsigned char)
 .text._ZN15OrangutanAnalog4readEh
                0x00000d18       0x4a c:/program files/winavr-20100110/bin/../lib/gcc/avr/4.3.3/../../../../avr/lib\libpololu_atmega168.a(OrangutanAnalog.o)
                0x00000d18                OrangutanAnalog::read(unsigned char)
 .text.analog_read
                0x00000d62        0x6 c:/program files/winavr-20100110/bin/../lib/gcc/avr/4.3.3/../../../../avr/lib\libpololu_atmega168.a(OrangutanAnalog.o)
                0x00000d62                analog_read
 .text._ZN15OrangutanAnalog11readAverageEhj
                0x00000d68       0xb6 c:/program files/winavr-20100110/bin/../lib/gcc/avr/4.3.3/../../../../avr/lib\libpololu_atmega168.a(OrangutanAnalog.o)
                0x00000d68                OrangutanAnalog::readAverage(unsigned char, unsigned int)
 .text.read_trimpot
                0x00000e1e        0xc c:/program files/winavr-20100110/bin/../lib/gcc/avr/4.3.3/../../../../avr/lib\libpololu_atmega168.a(OrangutanAnalog.o)
                0x00000e1e                read_trimpot
 .text.analog_read_average
                0x00000e2a        0x6 c:/program files/winavr-20100110/bin/../lib/gcc/avr/4.3.3/../../../../avr/lib\libpololu_atmega168.a(OrangutanAnalog.o)
                0x00000e2a                analog_read_average
 .text._ZN15OrangutanAnalog23setMillivoltCalibrationEj
                0x00000e30        0xa c:/program files/winavr-20100110/bin/../lib/gcc/avr/4.3.3/../../../../avr/lib\libpololu_atmega168.a(OrangutanAnalog.o)
                0x00000e30                OrangutanAnalog::setMillivoltCalibration(unsigned int)
 .text._ZN15OrangutanAnalog17readVCCMillivoltsEv
                0x00000e3a       0x5c c:/program files/winavr-20100110/bin/../lib/gcc/avr/4.3.3/../../../../avr/lib\libpololu_atmega168.a(OrangutanAnalog.o)
                0x00000e3a                OrangutanAnalog::readVCCMillivolts()
 .text.read_vcc_millivolts
                0x00000e96        0x6 c:/program files/winavr-20100110/bin/../lib/gcc/avr/4.3.3/../../../../avr/lib\libpololu_atmega168.a(OrangutanAnalog.o)
                0x00000e96                read_vcc_millivolts
 .text._ZN15OrangutanAnalog12toMillivoltsEj
                0x00000e9c       0x56 c:/program files/winavr-20100110/bin/../lib/gcc/avr/4.3.3/../../../../avr/lib\libpololu_atmega168.a(OrangutanAnalog.o)
                0x00000e9c                OrangutanAnalog::toMillivolts(unsigned int)
 .text._ZN15OrangutanAnalog21readAverageMillivoltsEhj
                0x00000ef2        0xa c:/program files/winavr-20100110/bin/../lib/gcc/avr/4.3.3/../../../../avr/lib\libpololu_atmega168.a(OrangutanAnalog.o)
                0x00000ef2                OrangutanAnalog::readAverageMillivolts(unsigned char, unsigned int)
 .text.analog_read_average_millivolts
                0x00000efc        0x6 c:/program files/winavr-20100110/bin/../lib/gcc/avr/4.3.3/../../../../avr/lib\libpololu_atmega168.a(OrangutanAnalog.o)
                0x00000efc                analog_read_average_millivolts
 .text._ZN15OrangutanAnalog26conversionResultMillivoltsEv
                0x00000f02       0x22 c:/program files/winavr-20100110/bin/../lib/gcc/avr/4.3.3/../../../../avr/lib\libpololu_atmega168.a(OrangutanAnalog.o)
                0x00000f02                OrangutanAnalog::conversionResultMillivolts()
 .text._ZN15OrangutanAnalog14readMillivoltsEh
                0x00000f24       0x32 c:/program files/winavr-20100110/bin/../lib/gcc/avr/4.3.3/../../../../avr/lib\libpololu_atmega168.a(OrangutanAnalog.o)
                0x00000f24                OrangutanAnalog::readMillivolts(unsigned char)
 .text.analog_read_millivolts
                0x00000f56        0x6 c:/program files/winavr-20100110/bin/../lib/gcc/avr/4.3.3/../../../../avr/lib\libpololu_atmega168.a(OrangutanAnalog.o)
                0x00000f56                analog_read_millivolts
 .text.analog_conversion_result_millivolts
                0x00000f5c        0x6 c:/program files/winavr-20100110/bin/../lib/gcc/avr/4.3.3/../../../../avr/lib\libpololu_atmega168.a(OrangutanAnalog.o)
                0x00000f5c                analog_conversion_result_millivolts
 .text.read_trimpot_millivolts
                0x00000f62       0x10 c:/program files/winavr-20100110/bin/../lib/gcc/avr/4.3.3/../../../../avr/lib\libpololu_atmega168.a(OrangutanAnalog.o)
                0x00000f62                read_trimpot_millivolts
 .text.to_millivolts
                0x00000f72        0x6 c:/program files/winavr-20100110/bin/../lib/gcc/avr/4.3.3/../../../../avr/lib\libpololu_atmega168.a(OrangutanAnalog.o)
                0x00000f72                to_millivolts
 .text._ZN15OrangutanAnalog16readTemperatureFEv
                0x00000f78       0x56 c:/program files/winavr-20100110/bin/../lib/gcc/avr/4.3.3/../../../../avr/lib\libpololu_atmega168.a(OrangutanAnalog.o)
                0x00000f78                OrangutanAnalog::readTemperatureF()
 .text.read_temperature_f
                0x00000fce        0x6 c:/program files/winavr-20100110/bin/../lib/gcc/avr/4.3.3/../../../../avr/lib\libpololu_atmega168.a(OrangutanAnalog.o)
                0x00000fce                read_temperature_f
 .text._ZN15OrangutanAnalog16readTemperatureCEv
                0x00000fd4       0x58 c:/program files/winavr-20100110/bin/../lib/gcc/avr/4.3.3/../../../../avr/lib\libpololu_atmega168.a(OrangutanAnalog.o)
                0x00000fd4                OrangutanAnalog::readTemperatureC()
 .text.read_temperature_c
                0x0000102c        0x6 c:/program files/winavr-20100110/bin/../lib/gcc/avr/4.3.3/../../../../avr/lib\libpololu_atmega168.a(OrangutanAnalog.o)
                0x0000102c                read_temperature_c
 .text._ZN15OrangutanAnalog25readBatteryMillivolts_3piEv
                0x00001032       0x4a c:/program files/winavr-20100110/bin/../lib/gcc/avr/4.3.3/../../../../avr/lib\libpololu_atmega168.a(OrangutanAnalog.o)
                0x00001032                OrangutanAnalog::readBatteryMillivolts_3pi()
 .text.read_battery_millivolts_3pi
                0x0000107c        0x6 c:/program files/winavr-20100110/bin/../lib/gcc/avr/4.3.3/../../../../avr/lib\libpololu_atmega168.a(OrangutanAnalog.o)
                0x0000107c                read_battery_millivolts_3pi
 .text._ZN15OrangutanAnalog24readBatteryMillivolts_SVEv
                0x00001082       0x42 c:/program files/winavr-20100110/bin/../lib/gcc/avr/4.3.3/../../../../avr/lib\libpololu_atmega168.a(OrangutanAnalog.o)
                0x00001082                OrangutanAnalog::readBatteryMillivolts_SV()
 .text.read_battery_millivolts_sv168
                0x000010c4        0x6 c:/program files/winavr-20100110/bin/../lib/gcc/avr/4.3.3/../../../../avr/lib\libpololu_atmega168.a(OrangutanAnalog.o)
                0x000010c4                read_battery_millivolts_sv168
 .text.read_battery_millivolts_sv
                0x000010ca        0x6 c:/program files/winavr-20100110/bin/../lib/gcc/avr/4.3.3/../../../../avr/lib\libpololu_atmega168.a(OrangutanAnalog.o)
                0x000010ca                read_battery_millivolts_sv
 .text._ZN15OrangutanBuzzerC2Ev
                0x000010d0        0x2 c:/program files/winavr-20100110/bin/../lib/gcc/avr/4.3.3/../../../../avr/lib\libpololu_atmega168.a(OrangutanBuzzer.o)
                0x000010d0                OrangutanBuzzer::OrangutanBuzzer()
 .text._ZN15OrangutanBuzzerC1Ev
                0x000010d2        0x2 c:/program files/winavr-20100110/bin/../lib/gcc/avr/4.3.3/../../../../avr/lib\libpololu_atmega168.a(OrangutanBuzzer.o)
                0x000010d2                OrangutanBuzzer::OrangutanBuzzer()
 .text.is_playing
                0x000010d4       0x1c c:/program files/winavr-20100110/bin/../lib/gcc/avr/4.3.3/../../../../avr/lib\libpololu_atmega168.a(OrangutanBuzzer.o)
                0x000010d4                is_playing
 .text.stop_playing
                0x000010f0       0x34 c:/program files/winavr-20100110/bin/../lib/gcc/avr/4.3.3/../../../../avr/lib\libpololu_atmega168.a(OrangutanBuzzer.o)
                0x000010f0                stop_playing
 .text._ZN15OrangutanBuzzer5init2Ev
                0x00001124       0x2e c:/program files/winavr-20100110/bin/../lib/gcc/avr/4.3.3/../../../../avr/lib\libpololu_atmega168.a(OrangutanBuzzer.o)
                0x00001124                OrangutanBuzzer::init2()
 .text._ZN15OrangutanBuzzer13playFrequencyEjjh
                0x00001152      0x188 c:/program files/winavr-20100110/bin/../lib/gcc/avr/4.3.3/../../../../avr/lib\libpololu_atmega168.a(OrangutanBuzzer.o)
                0x00001152                OrangutanBuzzer::playFrequency(unsigned int, unsigned int, unsigned char)
 .text.play_frequency
                0x000012da        0x6 c:/program files/winavr-20100110/bin/../lib/gcc/avr/4.3.3/../../../../avr/lib\libpololu_atmega168.a(OrangutanBuzzer.o)
                0x000012da                play_frequency
 .text._ZN15OrangutanBuzzer8playNoteEhjh
                0x000012e0       0xf0 c:/program files/winavr-20100110/bin/../lib/gcc/avr/4.3.3/../../../../avr/lib\libpololu_atmega168.a(OrangutanBuzzer.o)
                0x000012e0                OrangutanBuzzer::playNote(unsigned char, unsigned int, unsigned char)
 .text.play_note
                0x000013d0        0x6 c:/program files/winavr-20100110/bin/../lib/gcc/avr/4.3.3/../../../../avr/lib\libpololu_atmega168.a(OrangutanBuzzer.o)
                0x000013d0                play_note
 .text._ZN15OrangutanBuzzer9isPlayingEv
                0x000013d6       0x1c c:/program files/winavr-20100110/bin/../lib/gcc/avr/4.3.3/../../../../avr/lib\libpololu_atmega168.a(OrangutanBuzzer.o)
                0x000013d6                OrangutanBuzzer::isPlaying()
 .text._ZN15OrangutanBuzzer11stopPlayingEv
                0x000013f2       0x34 c:/program files/winavr-20100110/bin/../lib/gcc/avr/4.3.3/../../../../avr/lib\libpololu_atmega168.a(OrangutanBuzzer.o)
                0x000013f2                OrangutanBuzzer::stopPlaying()
 .text._ZL16currentCharacterv
                0x00001426       0x3e c:/program files/winavr-20100110/bin/../lib/gcc/avr/4.3.3/../../../../avr/lib\libpololu_atmega168.a(OrangutanBuzzer.o)
 .text._ZL9getNumberv
                0x00001464       0x5a c:/program files/winavr-20100110/bin/../lib/gcc/avr/4.3.3/../../../../avr/lib\libpololu_atmega168.a(OrangutanBuzzer.o)
 .text._ZL8nextNotev
                0x000014be      0x3f6 c:/program files/winavr-20100110/bin/../lib/gcc/avr/4.3.3/../../../../avr/lib\libpololu_atmega168.a(OrangutanBuzzer.o)
 .text._ZN15OrangutanBuzzer20playFromProgramSpaceEPKc
                0x000018b4       0x1c c:/program files/winavr-20100110/bin/../lib/gcc/avr/4.3.3/../../../../avr/lib\libpololu_atmega168.a(OrangutanBuzzer.o)
                0x000018b4                OrangutanBuzzer::playFromProgramSpace(char const*)
 .text.play_from_program_space
                0x000018d0        0x6 c:/program files/winavr-20100110/bin/../lib/gcc/avr/4.3.3/../../../../avr/lib\libpololu_atmega168.a(OrangutanBuzzer.o)
                0x000018d0                play_from_program_space
 .text._ZN15OrangutanBuzzer4playEPKc
                0x000018d6       0x1a c:/program files/winavr-20100110/bin/../lib/gcc/avr/4.3.3/../../../../avr/lib\libpololu_atmega168.a(OrangutanBuzzer.o)
                0x000018d6                OrangutanBuzzer::play(char const*)
 .text.play     0x000018f0        0x6 c:/program files/winavr-20100110/bin/../lib/gcc/avr/4.3.3/../../../../avr/lib\libpololu_atmega168.a(OrangutanBuzzer.o)
                0x000018f0                play
 .text.__vector_13
                0x000018f6       0x9e c:/program files/winavr-20100110/bin/../lib/gcc/avr/4.3.3/../../../../avr/lib\libpololu_atmega168.a(OrangutanBuzzer.o)
                0x000018f6                __vector_13
 .text._ZN15OrangutanBuzzer9playCheckEv
                0x00001994       0x36 c:/program files/winavr-20100110/bin/../lib/gcc/avr/4.3.3/../../../../avr/lib\libpololu_atmega168.a(OrangutanBuzzer.o)
                0x00001994                OrangutanBuzzer::playCheck()
 .text._ZN15OrangutanBuzzer8playModeEh
                0x000019ca        0xe c:/program files/winavr-20100110/bin/../lib/gcc/avr/4.3.3/../../../../avr/lib\libpololu_atmega168.a(OrangutanBuzzer.o)
                0x000019ca                OrangutanBuzzer::playMode(unsigned char)
 .text.play_mode
                0x000019d8        0x6 c:/program files/winavr-20100110/bin/../lib/gcc/avr/4.3.3/../../../../avr/lib\libpololu_atmega168.a(OrangutanBuzzer.o)
                0x000019d8                play_mode
 .text.play_check
                0x000019de        0x6 c:/program files/winavr-20100110/bin/../lib/gcc/avr/4.3.3/../../../../avr/lib\libpololu_atmega168.a(OrangutanBuzzer.o)
                0x000019de                play_check
 .text._ZN12OrangutanLCDC2Ev
                0x000019e4        0x2 c:/program files/winavr-20100110/bin/../lib/gcc/avr/4.3.3/../../../../avr/lib\libpololu_atmega168.a(OrangutanLCD.o)
                0x000019e4                OrangutanLCD::OrangutanLCD()
 .text._ZN12OrangutanLCDC1Ev
                0x000019e6        0x2 c:/program files/winavr-20100110/bin/../lib/gcc/avr/4.3.3/../../../../avr/lib\libpololu_atmega168.a(OrangutanLCD.o)
                0x000019e6                OrangutanLCD::OrangutanLCD()
 .text.void_getchar
                0x000019e8        0x6 c:/program files/winavr-20100110/bin/../lib/gcc/avr/4.3.3/../../../../avr/lib\libpololu_atmega168.a(OrangutanLCD.o)
                0x000019e8                void_getchar
 .text._ZN12OrangutanLCD8busyWaitEv
                0x000019ee       0x98 c:/program files/winavr-20100110/bin/../lib/gcc/avr/4.3.3/../../../../avr/lib\libpololu_atmega168.a(OrangutanLCD.o)
                0x000019ee                OrangutanLCD::busyWait()
 .text._ZN12OrangutanLCD8sendDataEh
                0x00001a86       0x64 c:/program files/winavr-20100110/bin/../lib/gcc/avr/4.3.3/../../../../avr/lib\libpololu_atmega168.a(OrangutanLCD.o)
                0x00001a86                OrangutanLCD::sendData(unsigned char)
 .text._ZN12OrangutanLCD10initPrintfEv
                0x00001aea       0x8a c:/program files/winavr-20100110/bin/../lib/gcc/avr/4.3.3/../../../../avr/lib\libpololu_atmega168.a(OrangutanLCD.o)
                0x00001aea                OrangutanLCD::initPrintf()
 .text._ZN12OrangutanLCD10initPrintfEhh
                0x00001b74        0xe c:/program files/winavr-20100110/bin/../lib/gcc/avr/4.3.3/../../../../avr/lib\libpololu_atmega168.a(OrangutanLCD.o)
                0x00001b74                OrangutanLCD::initPrintf(unsigned char, unsigned char)
 .text.lcd_init_printf_with_dimensions
                0x00001b82        0xe c:/program files/winavr-20100110/bin/../lib/gcc/avr/4.3.3/../../../../avr/lib\libpololu_atmega168.a(OrangutanLCD.o)
                0x00001b82                lcd_init_printf_with_dimensions
 .text.lcd_init_printf
                0x00001b90        0x6 c:/program files/winavr-20100110/bin/../lib/gcc/avr/4.3.3/../../../../avr/lib\libpololu_atmega168.a(OrangutanLCD.o)
                0x00001b90                lcd_init_printf
 .text._ZN12OrangutanLCD5init2Ev
                0x00001b96       0x7e c:/program files/winavr-20100110/bin/../lib/gcc/avr/4.3.3/../../../../avr/lib\libpololu_atmega168.a(OrangutanLCD.o)
                0x00001b96                OrangutanLCD::init2()
 .text._ZN12OrangutanLCD4initEv
                0x00001c14       0x14 c:/program files/winavr-20100110/bin/../lib/gcc/avr/4.3.3/../../../../avr/lib\libpololu_atmega168.a(OrangutanLCD.o)
                0x00001c14                OrangutanLCD::init()
 .text._ZN12OrangutanLCD4sendEhhh
                0x00001c28       0x68 c:/program files/winavr-20100110/bin/../lib/gcc/avr/4.3.3/../../../../avr/lib\libpololu_atmega168.a(OrangutanLCD.o)
                0x00001c28                OrangutanLCD::send(unsigned char, unsigned char, unsigned char)
 .text._ZN12OrangutanLCD8send_cmdEh
                0x00001c90        0xa c:/program files/winavr-20100110/bin/../lib/gcc/avr/4.3.3/../../../../avr/lib\libpololu_atmega168.a(OrangutanLCD.o)
                0x00001c90                OrangutanLCD::send_cmd(unsigned char)
 .text._ZN12OrangutanLCD10moveCursorEhh
                0x00001c9a       0x24 c:/program files/winavr-20100110/bin/../lib/gcc/avr/4.3.3/../../../../avr/lib\libpololu_atmega168.a(OrangutanLCD.o)
                0x00001c9a                OrangutanLCD::moveCursor(unsigned char, unsigned char)
 .text.lcd_move_cursor
                0x00001cbe        0x6 c:/program files/winavr-20100110/bin/../lib/gcc/avr/4.3.3/../../../../avr/lib\libpololu_atmega168.a(OrangutanLCD.o)
                0x00001cbe                lcd_move_cursor
 .text._ZN12OrangutanLCD10hideCursorEv
                0x00001cc4        0x8 c:/program files/winavr-20100110/bin/../lib/gcc/avr/4.3.3/../../../../avr/lib\libpololu_atmega168.a(OrangutanLCD.o)
                0x00001cc4                OrangutanLCD::hideCursor()
 .text.lcd_hide_cursor
                0x00001ccc        0x6 c:/program files/winavr-20100110/bin/../lib/gcc/avr/4.3.3/../../../../avr/lib\libpololu_atmega168.a(OrangutanLCD.o)
                0x00001ccc                lcd_hide_cursor
 .text._ZN12OrangutanLCD10showCursorEh
                0x00001cd2       0x10 c:/program files/winavr-20100110/bin/../lib/gcc/avr/4.3.3/../../../../avr/lib\libpololu_atmega168.a(OrangutanLCD.o)
                0x00001cd2                OrangutanLCD::showCursor(unsigned char)
 .text.lcd_show_cursor
                0x00001ce2        0x6 c:/program files/winavr-20100110/bin/../lib/gcc/avr/4.3.3/../../../../avr/lib\libpololu_atmega168.a(OrangutanLCD.o)
                0x00001ce2                lcd_show_cursor
 .text._ZN12OrangutanLCD6gotoXYEhh
                0x00001ce8       0x3e c:/program files/winavr-20100110/bin/../lib/gcc/avr/4.3.3/../../../../avr/lib\libpololu_atmega168.a(OrangutanLCD.o)
                0x00001ce8                OrangutanLCD::gotoXY(unsigned char, unsigned char)
 .text.lcd_goto_xy
                0x00001d26        0x6 c:/program files/winavr-20100110/bin/../lib/gcc/avr/4.3.3/../../../../avr/lib\libpololu_atmega168.a(OrangutanLCD.o)
                0x00001d26                lcd_goto_xy
 .text._ZN12OrangutanLCD5clearEv
                0x00001d2c       0x5a c:/program files/winavr-20100110/bin/../lib/gcc/avr/4.3.3/../../../../avr/lib\libpololu_atmega168.a(OrangutanLCD.o)
                0x00001d2c                OrangutanLCD::clear()
 .text.clear    0x00001d86        0x6 c:/program files/winavr-20100110/bin/../lib/gcc/avr/4.3.3/../../../../avr/lib\libpololu_atmega168.a(OrangutanLCD.o)
                0x00001d86                clear
 .text._ZN12OrangutanLCD9send_dataEh
                0x00001d8c        0xa c:/program files/winavr-20100110/bin/../lib/gcc/avr/4.3.3/../../../../avr/lib\libpololu_atmega168.a(OrangutanLCD.o)
                0x00001d8c                OrangutanLCD::send_data(unsigned char)
 .text._ZN12OrangutanLCD11printBinaryEh
                0x00001d96       0x3a c:/program files/winavr-20100110/bin/../lib/gcc/avr/4.3.3/../../../../avr/lib\libpololu_atmega168.a(OrangutanLCD.o)
                0x00001d96                OrangutanLCD::printBinary(unsigned char)
 .text.print_binary
                0x00001dd0        0x6 c:/program files/winavr-20100110/bin/../lib/gcc/avr/4.3.3/../../../../avr/lib\libpololu_atmega168.a(OrangutanLCD.o)
                0x00001dd0                print_binary
 .text._ZN12OrangutanLCD14printHexNibbleEh
                0x00001dd6       0x10 c:/program files/winavr-20100110/bin/../lib/gcc/avr/4.3.3/../../../../avr/lib\libpololu_atmega168.a(OrangutanLCD.o)
                0x00001dd6                OrangutanLCD::printHexNibble(unsigned char)
 .text._ZN12OrangutanLCD8printHexEh
                0x00001de6       0x18 c:/program files/winavr-20100110/bin/../lib/gcc/avr/4.3.3/../../../../avr/lib\libpololu_atmega168.a(OrangutanLCD.o)
                0x00001de6                OrangutanLCD::printHex(unsigned char)
 .text._ZN12OrangutanLCD8printHexEj
                0x00001dfe       0x14 c:/program files/winavr-20100110/bin/../lib/gcc/avr/4.3.3/../../../../avr/lib\libpololu_atmega168.a(OrangutanLCD.o)
                0x00001dfe                OrangutanLCD::printHex(unsigned int)
 .text.print_hex
                0x00001e12        0x6 c:/program files/winavr-20100110/bin/../lib/gcc/avr/4.3.3/../../../../avr/lib\libpololu_atmega168.a(OrangutanLCD.o)
                0x00001e12                print_hex
 .text.print_hex_byte
                0x00001e18        0x6 c:/program files/winavr-20100110/bin/../lib/gcc/avr/4.3.3/../../../../avr/lib\libpololu_atmega168.a(OrangutanLCD.o)
                0x00001e18                print_hex_byte
 .text._ZN12OrangutanLCD5printEm
                0x00001e1e       0xc0 c:/program files/winavr-20100110/bin/../lib/gcc/avr/4.3.3/../../../../avr/lib\libpololu_atmega168.a(OrangutanLCD.o)
                0x00001e1e                OrangutanLCD::print(unsigned long)
 .text.print_unsigned_long
                0x00001ede        0x6 c:/program files/winavr-20100110/bin/../lib/gcc/avr/4.3.3/../../../../avr/lib\libpololu_atmega168.a(OrangutanLCD.o)
                0x00001ede                print_unsigned_long
 .text._ZN12OrangutanLCD5printEl
                0x00001ee4       0x38 c:/program files/winavr-20100110/bin/../lib/gcc/avr/4.3.3/../../../../avr/lib\libpololu_atmega168.a(OrangutanLCD.o)
                0x00001ee4                OrangutanLCD::print(long)
 .text.print_long
                0x00001f1c        0x6 c:/program files/winavr-20100110/bin/../lib/gcc/avr/4.3.3/../../../../avr/lib\libpololu_atmega168.a(OrangutanLCD.o)
                0x00001f1c                print_long
 .text._ZN12OrangutanLCD21printFromProgramSpaceEPKc
                0x00001f22       0x1c c:/program files/winavr-20100110/bin/../lib/gcc/avr/4.3.3/../../../../avr/lib\libpololu_atmega168.a(OrangutanLCD.o)
                0x00001f22                OrangutanLCD::printFromProgramSpace(char const*)
 .text.print_from_program_space
                0x00001f3e        0x6 c:/program files/winavr-20100110/bin/../lib/gcc/avr/4.3.3/../../../../avr/lib\libpololu_atmega168.a(OrangutanLCD.o)
                0x00001f3e                print_from_program_space
 .text._ZN12OrangutanLCD5printEPKc
                0x00001f44       0x1a c:/program files/winavr-20100110/bin/../lib/gcc/avr/4.3.3/../../../../avr/lib\libpololu_atmega168.a(OrangutanLCD.o)
                0x00001f44                OrangutanLCD::print(char const*)
 .text.print    0x00001f5e        0x6 c:/program files/winavr-20100110/bin/../lib/gcc/avr/4.3.3/../../../../avr/lib\libpololu_atmega168.a(OrangutanLCD.o)
                0x00001f5e                print
 .text._ZN12OrangutanLCD5printEc
                0x00001f64        0x6 c:/program files/winavr-20100110/bin/../lib/gcc/avr/4.3.3/../../../../avr/lib\libpololu_atmega168.a(OrangutanLCD.o)
                0x00001f64                OrangutanLCD::print(char)
 .text.print_character
                0x00001f6a        0x6 c:/program files/winavr-20100110/bin/../lib/gcc/avr/4.3.3/../../../../avr/lib\libpololu_atmega168.a(OrangutanLCD.o)
                0x00001f6a                print_character
 .text.lcd_putchar
                0x00001f70      0x23a c:/program files/winavr-20100110/bin/../lib/gcc/avr/4.3.3/../../../../avr/lib\libpololu_atmega168.a(OrangutanLCD.o)
                0x00001f70                lcd_putchar
 .text._ZN12OrangutanLCD19loadCustomCharacterEPKch
                0x000021aa       0x4c c:/program files/winavr-20100110/bin/../lib/gcc/avr/4.3.3/../../../../avr/lib\libpololu_atmega168.a(OrangutanLCD.o)
                0x000021aa                OrangutanLCD::loadCustomCharacter(char const*, unsigned char)
 .text.lcd_load_custom_character
                0x000021f6        0x6 c:/program files/winavr-20100110/bin/../lib/gcc/avr/4.3.3/../../../../avr/lib\libpololu_atmega168.a(OrangutanLCD.o)
                0x000021f6                lcd_load_custom_character
 .text._ZN12OrangutanLCD13send_4bit_cmdEh
                0x000021fc        0xa c:/program files/winavr-20100110/bin/../lib/gcc/avr/4.3.3/../../../../avr/lib\libpololu_atmega168.a(OrangutanLCD.o)
                0x000021fc                OrangutanLCD::send_4bit_cmd(unsigned char)
 .text._ZN12OrangutanLCD6scrollEhhj
                0x00002206       0x34 c:/program files/winavr-20100110/bin/../lib/gcc/avr/4.3.3/../../../../avr/lib\libpololu_atmega168.a(OrangutanLCD.o)
                0x00002206                OrangutanLCD::scroll(unsigned char, unsigned char, unsigned int)
 .text.lcd_scroll
                0x0000223a        0x6 c:/program files/winavr-20100110/bin/../lib/gcc/avr/4.3.3/../../../../avr/lib\libpololu_atmega168.a(OrangutanLCD.o)
                0x0000223a                lcd_scroll
 .text._ZN16OrangutanDigital9setOutputEhh
                0x00002240       0x98 c:/program files/winavr-20100110/bin/../lib/gcc/avr/4.3.3/../../../../avr/lib\libpololu_atmega168.a(OrangutanMotors.o)
                0x00002240                OrangutanDigital::setOutput(unsigned char, unsigned char)
 .text._ZN15OrangutanMotorsC2Ev
                0x000022d8        0x2 c:/program files/winavr-20100110/bin/../lib/gcc/avr/4.3.3/../../../../avr/lib\libpololu_atmega168.a(OrangutanMotors.o)
                0x000022d8                OrangutanMotors::OrangutanMotors()
 .text._ZN15OrangutanMotorsC1Ev
                0x000022da        0x2 c:/program files/winavr-20100110/bin/../lib/gcc/avr/4.3.3/../../../../avr/lib\libpololu_atmega168.a(OrangutanMotors.o)
                0x000022da                OrangutanMotors::OrangutanMotors()
 .text._ZN15OrangutanMotors5init2Ev
                0x000022dc       0x50 c:/program files/winavr-20100110/bin/../lib/gcc/avr/4.3.3/../../../../avr/lib\libpololu_atmega168.a(OrangutanMotors.o)
                0x000022dc                OrangutanMotors::init2()
 .text._ZN15OrangutanMotors4initEv
                0x0000232c       0x14 c:/program files/winavr-20100110/bin/../lib/gcc/avr/4.3.3/../../../../avr/lib\libpololu_atmega168.a(OrangutanMotors.o)
                0x0000232c                OrangutanMotors::init()
 .text._ZN15OrangutanMotors10setM1SpeedEi
                0x00002340       0x3c c:/program files/winavr-20100110/bin/../lib/gcc/avr/4.3.3/../../../../avr/lib\libpololu_atmega168.a(OrangutanMotors.o)
                0x00002340                OrangutanMotors::setM1Speed(int)
 .text.set_m1_speed
                0x0000237c        0x6 c:/program files/winavr-20100110/bin/../lib/gcc/avr/4.3.3/../../../../avr/lib\libpololu_atmega168.a(OrangutanMotors.o)
                0x0000237c                set_m1_speed
 .text._ZN15OrangutanMotors10setM2SpeedEi
                0x00002382       0x44 c:/program files/winavr-20100110/bin/../lib/gcc/avr/4.3.3/../../../../avr/lib\libpololu_atmega168.a(OrangutanMotors.o)
                0x00002382                OrangutanMotors::setM2Speed(int)
 .text.set_m2_speed
                0x000023c6        0x6 c:/program files/winavr-20100110/bin/../lib/gcc/avr/4.3.3/../../../../avr/lib\libpololu_atmega168.a(OrangutanMotors.o)
                0x000023c6                set_m2_speed
 .text._ZN15OrangutanMotors9setSpeedsEii
                0x000023cc       0x16 c:/program files/winavr-20100110/bin/../lib/gcc/avr/4.3.3/../../../../avr/lib\libpololu_atmega168.a(OrangutanMotors.o)
                0x000023cc                OrangutanMotors::setSpeeds(int, int)
 .text.set_motors
                0x000023e2        0x6 c:/program files/winavr-20100110/bin/../lib/gcc/avr/4.3.3/../../../../avr/lib\libpololu_atmega168.a(OrangutanMotors.o)
                0x000023e2                set_motors
 .text._ZN20OrangutanPushbuttonsC2Ev
                0x000023e8        0x2 c:/program files/winavr-20100110/bin/../lib/gcc/avr/4.3.3/../../../../avr/lib\libpololu_atmega168.a(OrangutanPushbuttons.o)
                0x000023e8                OrangutanPushbuttons::OrangutanPushbuttons()
 .text._ZN20OrangutanPushbuttonsC1Ev
                0x000023ea        0x2 c:/program files/winavr-20100110/bin/../lib/gcc/avr/4.3.3/../../../../avr/lib\libpololu_atmega168.a(OrangutanPushbuttons.o)
                0x000023ea                OrangutanPushbuttons::OrangutanPushbuttons()
 .text.button_is_pressed
                0x000023ec       0x36 c:/program files/winavr-20100110/bin/../lib/gcc/avr/4.3.3/../../../../avr/lib\libpololu_atmega168.a(OrangutanPushbuttons.o)
                0x000023ec                button_is_pressed
 .text._ZN20OrangutanPushbuttons4initEv
                0x00002422       0x2e c:/program files/winavr-20100110/bin/../lib/gcc/avr/4.3.3/../../../../avr/lib\libpololu_atmega168.a(OrangutanPushbuttons.o)
                0x00002422                OrangutanPushbuttons::init()
 .text._ZN20OrangutanPushbuttons5init2Ev
                0x00002450       0x20 c:/program files/winavr-20100110/bin/../lib/gcc/avr/4.3.3/../../../../avr/lib\libpololu_atmega168.a(OrangutanPushbuttons.o)
                0x00002450                OrangutanPushbuttons::init2()
 .text._ZN20OrangutanPushbuttons9isPressedEh
                0x00002470       0x36 c:/program files/winavr-20100110/bin/../lib/gcc/avr/4.3.3/../../../../avr/lib\libpololu_atmega168.a(OrangutanPushbuttons.o)
                0x00002470                OrangutanPushbuttons::isPressed(unsigned char)
 .text._ZN20OrangutanPushbuttons25getSingleDebouncedReleaseEh
                0x000024a6      0x16e c:/program files/winavr-20100110/bin/../lib/gcc/avr/4.3.3/../../../../avr/lib\libpololu_atmega168.a(OrangutanPushbuttons.o)
                0x000024a6                OrangutanPushbuttons::getSingleDebouncedRelease(unsigned char)
 .text.get_single_debounced_button_release
                0x00002614        0x6 c:/program files/winavr-20100110/bin/../lib/gcc/avr/4.3.3/../../../../avr/lib\libpololu_atmega168.a(OrangutanPushbuttons.o)
                0x00002614                get_single_debounced_button_release
 .text._ZN20OrangutanPushbuttons23getSingleDebouncedPressEh
                0x0000261a      0x170 c:/program files/winavr-20100110/bin/../lib/gcc/avr/4.3.3/../../../../avr/lib\libpololu_atmega168.a(OrangutanPushbuttons.o)
                0x0000261a                OrangutanPushbuttons::getSingleDebouncedPress(unsigned char)
 .text.get_single_debounced_button_press
                0x0000278a        0x6 c:/program files/winavr-20100110/bin/../lib/gcc/avr/4.3.3/../../../../avr/lib\libpololu_atmega168.a(OrangutanPushbuttons.o)
                0x0000278a                get_single_debounced_button_press
 .text._ZN20OrangutanPushbuttons14waitForReleaseEh
                0x00002790       0x64 c:/program files/winavr-20100110/bin/../lib/gcc/avr/4.3.3/../../../../avr/lib\libpololu_atmega168.a(OrangutanPushbuttons.o)
                0x00002790                OrangutanPushbuttons::waitForRelease(unsigned char)
 .text.wait_for_button_release
                0x000027f4        0x6 c:/program files/winavr-20100110/bin/../lib/gcc/avr/4.3.3/../../../../avr/lib\libpololu_atmega168.a(OrangutanPushbuttons.o)
                0x000027f4                wait_for_button_release
 .text._ZN20OrangutanPushbuttons12waitForPressEh
                0x000027fa       0x6e c:/program files/winavr-20100110/bin/../lib/gcc/avr/4.3.3/../../../../avr/lib\libpololu_atmega168.a(OrangutanPushbuttons.o)
                0x000027fa                OrangutanPushbuttons::waitForPress(unsigned char)
 .text._ZN20OrangutanPushbuttons13waitForButtonEh
                0x00002868       0x12 c:/program files/winavr-20100110/bin/../lib/gcc/avr/4.3.3/../../../../avr/lib\libpololu_atmega168.a(OrangutanPushbuttons.o)
                0x00002868                OrangutanPushbuttons::waitForButton(unsigned char)
 .text.wait_for_button
                0x0000287a        0x6 c:/program files/winavr-20100110/bin/../lib/gcc/avr/4.3.3/../../../../avr/lib\libpololu_atmega168.a(OrangutanPushbuttons.o)
                0x0000287a                wait_for_button
 .text.wait_for_button_press
                0x00002880        0x6 c:/program files/winavr-20100110/bin/../lib/gcc/avr/4.3.3/../../../../avr/lib\libpololu_atmega168.a(OrangutanPushbuttons.o)
                0x00002880                wait_for_button_press
 .text.get_free_ram
                0x00002886       0x38 c:/program files/winavr-20100110/bin/../lib/gcc/avr/4.3.3/../../../../avr/lib\libpololu_atmega168.a(OrangutanResources.o)
                0x00002886                get_free_ram
 .text._ZN18OrangutanResourcesC2Ev
                0x000028be        0x2 c:/program files/winavr-20100110/bin/../lib/gcc/avr/4.3.3/../../../../avr/lib\libpololu_atmega168.a(OrangutanResources.o)
                0x000028be                OrangutanResources::OrangutanResources()
 .text._ZN18OrangutanResourcesC1Ev
                0x000028c0        0x2 c:/program files/winavr-20100110/bin/../lib/gcc/avr/4.3.3/../../../../avr/lib\libpololu_atmega168.a(OrangutanResources.o)
                0x000028c0                OrangutanResources::OrangutanResources()
 .text._ZN18OrangutanResources10getFreeRAMEv
                0x000028c2       0x38 c:/program files/winavr-20100110/bin/../lib/gcc/avr/4.3.3/../../../../avr/lib\libpololu_atmega168.a(OrangutanResources.o)
                0x000028c2                OrangutanResources::getFreeRAM()
 .text.__vector_9
                0x000028fa       0x74 c:/program files/winavr-20100110/bin/../lib/gcc/avr/4.3.3/../../../../avr/lib\libpololu_atmega168.a(OrangutanTime.o)
                0x000028fa                __vector_9
 .text.ticks_to_microseconds
                0x0000296e       0x22 c:/program files/winavr-20100110/bin/../lib/gcc/avr/4.3.3/../../../../avr/lib\libpololu_atmega168.a(OrangutanTime.o)
                0x0000296e                ticks_to_microseconds
 .text.delay_ms
                0x00002990       0x1e c:/program files/winavr-20100110/bin/../lib/gcc/avr/4.3.3/../../../../avr/lib\libpololu_atmega168.a(OrangutanTime.o)
                0x00002990                delay_ms
 .text._ZN13OrangutanTime19ticksToMicrosecondsEm
                0x000029ae       0x22 c:/program files/winavr-20100110/bin/../lib/gcc/avr/4.3.3/../../../../avr/lib\libpololu_atmega168.a(OrangutanTime.o)
                0x000029ae                OrangutanTime::ticksToMicroseconds(unsigned long)
 .text._ZN13OrangutanTime17delayMillisecondsEj
                0x000029d0       0x1e c:/program files/winavr-20100110/bin/../lib/gcc/avr/4.3.3/../../../../avr/lib\libpololu_atmega168.a(OrangutanTime.o)
                0x000029d0                OrangutanTime::delayMilliseconds(unsigned int)
 .text._ZN13OrangutanTime5init2Ev
                0x000029ee       0x30 c:/program files/winavr-20100110/bin/../lib/gcc/avr/4.3.3/../../../../avr/lib\libpololu_atmega168.a(OrangutanTime.o)
                0x000029ee                OrangutanTime::init2()
 .text._ZN13OrangutanTime4initEv
                0x00002a1e       0x14 c:/program files/winavr-20100110/bin/../lib/gcc/avr/4.3.3/../../../../avr/lib\libpololu_atmega168.a(OrangutanTime.o)
                0x00002a1e                OrangutanTime::init()
 .text._ZN13OrangutanTime2msEv
                0x00002a32       0x2a c:/program files/winavr-20100110/bin/../lib/gcc/avr/4.3.3/../../../../avr/lib\libpololu_atmega168.a(OrangutanTime.o)
                0x00002a32                OrangutanTime::ms()
 .text.get_ms   0x00002a5c        0x6 c:/program files/winavr-20100110/bin/../lib/gcc/avr/4.3.3/../../../../avr/lib\libpololu_atmega168.a(OrangutanTime.o)
                0x00002a5c                get_ms
 .text._ZN13OrangutanTime5ticksEv
                0x00002a62       0x6a c:/program files/winavr-20100110/bin/../lib/gcc/avr/4.3.3/../../../../avr/lib\libpololu_atmega168.a(OrangutanTime.o)
                0x00002a62                OrangutanTime::ticks()
 .text.get_ticks
                0x00002acc        0x6 c:/program files/winavr-20100110/bin/../lib/gcc/avr/4.3.3/../../../../avr/lib\libpololu_atmega168.a(OrangutanTime.o)
                0x00002acc                get_ticks
 .text._ZN13OrangutanTime5resetEv
                0x00002ad2       0x2e c:/program files/winavr-20100110/bin/../lib/gcc/avr/4.3.3/../../../../avr/lib\libpololu_atmega168.a(OrangutanTime.o)
                0x00002ad2                OrangutanTime::reset()
 .text.time_reset
                0x00002b00        0x6 c:/program files/winavr-20100110/bin/../lib/gcc/avr/4.3.3/../../../../avr/lib\libpololu_atmega168.a(OrangutanTime.o)
                0x00002b00                time_reset
 .text.libgcc   0x00002b06       0x3e c:/program files/winavr-20100110/bin/../lib/gcc/avr/4.3.3/avr5\libgcc.a(_mulsi3.o)
                0x00002b06                __mulsi3
 .text.libgcc   0x00002b44       0x18 c:/program files/winavr-20100110/bin/../lib/gcc/avr/4.3.3/avr5\libgcc.a(_udivmodqi4.o)
                0x00002b44                __udivmodqi4
 .text.libgcc   0x00002b5c       0x28 c:/program files/winavr-20100110/bin/../lib/gcc/avr/4.3.3/avr5\libgcc.a(_udivmodhi4.o)
                0x00002b5c                __udivmodhi4
 .text.libgcc   0x00002b84       0x26 c:/program files/winavr-20100110/bin/../lib/gcc/avr/4.3.3/avr5\libgcc.a(_divmodhi4.o)
                0x00002b84                __divmodhi4
                0x00002b84                _div
 .text.libgcc   0x00002baa       0x44 c:/program files/winavr-20100110/bin/../lib/gcc/avr/4.3.3/avr5\libgcc.a(_udivmodsi4.o)
                0x00002baa                __udivmodsi4
 .text.libgcc   0x00002bee       0x36 c:/program files/winavr-20100110/bin/../lib/gcc/avr/4.3.3/avr5\libgcc.a(_divmodsi4.o)
                0x00002bee                __divmodsi4
 .text.libgcc   0x00002c24       0x38 c:/program files/winavr-20100110/bin/../lib/gcc/avr/4.3.3/avr5\libgcc.a(_prologue.o)
                0x00002c24                __prologue_saves__
 .text.libgcc   0x00002c5c       0x36 c:/program files/winavr-20100110/bin/../lib/gcc/avr/4.3.3/avr5\libgcc.a(_epilogue.o)
                0x00002c5c                __epilogue_restores__
 .text.libgcc   0x00002c92        0x0 c:/program files/winavr-20100110/bin/../lib/gcc/avr/4.3.3/avr5\libgcc.a(_exit.o)
 .text.libgcc   0x00002c92        0xc c:/program files/winavr-20100110/bin/../lib/gcc/avr/4.3.3/avr5\libgcc.a(_tablejump.o)
                0x00002c96                __tablejump__
                0x00002c92                __tablejump2__
 .text.libgcc   0x00002c9e        0x0 c:/program files/winavr-20100110/bin/../lib/gcc/avr/4.3.3/avr5\libgcc.a(_copy_data.o)
 .text.libgcc   0x00002c9e        0x0 c:/program files/winavr-20100110/bin/../lib/gcc/avr/4.3.3/avr5\libgcc.a(_clear_bss.o)
 .text.avr-libc
                0x00002c9e      0x20a c:/program files/winavr-20100110/bin/../lib/gcc/avr/4.3.3/../../../../avr/lib/avr5\libc.a(malloc.o)
                0x00002c9e                malloc
                0x00002df8                free
 .text.avr-libc
                0x00002ea8       0x98 c:/program files/winavr-20100110/bin/../lib/gcc/avr/4.3.3/../../../../avr/lib/avr5\libc.a(fdevopen.o)
                0x00002ea8                fdevopen
 .text.avr-libc
                0x00002f40       0x38 c:/program files/winavr-20100110/bin/../lib/gcc/avr/4.3.3/../../../../avr/lib/avr5\libc.a(calloc.o)
                0x00002f40                calloc
 .text.avr-libc
                0x00002f78        0xe c:/program files/winavr-20100110/bin/../lib/gcc/avr/4.3.3/../../../../avr/lib/avr5\libc.a(memset.o)
                0x00002f78                memset
                0x00002f86                . = ALIGN (0x2)
 *(.fini9)
 .fini9         0x00002f86        0x0 c:/program files/winavr-20100110/bin/../lib/gcc/avr/4.3.3/avr5\libgcc.a(_exit.o)
                0x00002f86                exit
                0x00002f86                _exit
 *(.fini9)
 *(.fini8)
 *(.fini8)
 *(.fini7)
 *(.fini7)
 *(.fini6)
 *(.fini6)
 *(.fini5)
 *(.fini5)
 *(.fini4)
 *(.fini4)
 *(.fini3)
 *(.fini3)
 *(.fini2)
 *(.fini2)
 *(.fini1)
 *(.fini1)
 *(.fini0)
 .fini0         0x00002f86        0x4 c:/program files/winavr-20100110/bin/../lib/gcc/avr/4.3.3/avr5\libgcc.a(_exit.o)
 *(.fini0)
                0x00002f8a                _etext = .

.data           0x00800100      0x15a load address 0x00002f8a
                0x00800100                PROVIDE (__data_start, .)
 *(.data)
 .data          0x00800100        0x0 c:/program files/winavr-20100110/bin/../lib/gcc/avr/4.3.3/../../../../avr/lib/avr5/crtm168.o
 .data          0x00800100       0x13 maze-solver.o
 .data          0x00800113       0x2b 3pi.o
                0x0080013c                display_interval_ms
 .data          0x0080013e        0x2 c:/program files/winavr-20100110/bin/../lib/gcc/avr/4.3.3/../../../../avr/lib\libpololu_atmega168.a(OrangutanAnalog.o)
 .data          0x00800140        0x9 c:/program files/winavr-20100110/bin/../lib/gcc/avr/4.3.3/../../../../avr/lib\libpololu_atmega168.a(OrangutanBuzzer.o)
 .data          0x00800149        0x2 c:/program files/winavr-20100110/bin/../lib/gcc/avr/4.3.3/../../../../avr/lib\libpololu_atmega168.a(OrangutanLCD.o)
                0x0080014a                numLCDCols
                0x00800149                numLCDRows
 .data          0x0080014b        0x0 c:/program files/winavr-20100110/bin/../lib/gcc/avr/4.3.3/../../../../avr/lib\libpololu_atmega168.a(OrangutanMotors.o)
 .data          0x0080014b        0x0 c:/program files/winavr-20100110/bin/../lib/gcc/avr/4.3.3/../../../../avr/lib\libpololu_atmega168.a(OrangutanPushbuttons.o)
 .data          0x0080014b        0x1 c:/program files/winavr-20100110/bin/../lib/gcc/avr/4.3.3/../../../../avr/lib\libpololu_atmega168.a(OrangutanResources.o)
                0x0080014b                buzzerFinished
 .data          0x0080014c        0x0 c:/program files/winavr-20100110/bin/../lib/gcc/avr/4.3.3/../../../../avr/lib\libpololu_atmega168.a(OrangutanTime.o)
 .data          0x0080014c        0x0 c:/program files/winavr-20100110/bin/../lib/gcc/avr/4.3.3/avr5\libgcc.a(_mulsi3.o)
 .data          0x0080014c        0x0 c:/program files/winavr-20100110/bin/../lib/gcc/avr/4.3.3/avr5\libgcc.a(_udivmodqi4.o)
 .data          0x0080014c        0x0 c:/program files/winavr-20100110/bin/../lib/gcc/avr/4.3.3/avr5\libgcc.a(_udivmodhi4.o)
 .data          0x0080014c        0x0 c:/program files/winavr-20100110/bin/../lib/gcc/avr/4.3.3/avr5\libgcc.a(_divmodhi4.o)
 .data          0x0080014c        0x0 c:/program files/winavr-20100110/bin/../lib/gcc/avr/4.3.3/avr5\libgcc.a(_udivmodsi4.o)
 .data          0x0080014c        0x0 c:/program files/winavr-20100110/bin/../lib/gcc/avr/4.3.3/avr5\libgcc.a(_divmodsi4.o)
 .data          0x0080014c        0x0 c:/program files/winavr-20100110/bin/../lib/gcc/avr/4.3.3/avr5\libgcc.a(_prologue.o)
 .data          0x0080014c        0x0 c:/program files/winavr-20100110/bin/../lib/gcc/avr/4.3.3/avr5\libgcc.a(_epilogue.o)
 .data          0x0080014c        0x0 c:/program files/winavr-20100110/bin/../lib/gcc/avr/4.3.3/avr5\libgcc.a(_exit.o)
 .data          0x0080014c        0x0 c:/program files/winavr-20100110/bin/../lib/gcc/avr/4.3.3/avr5\libgcc.a(_tablejump.o)
 .data          0x0080014c        0x0 c:/program files/winavr-20100110/bin/../lib/gcc/avr/4.3.3/avr5\libgcc.a(_copy_data.o)
 .data          0x0080014c        0x0 c:/program files/winavr-20100110/bin/../lib/gcc/avr/4.3.3/avr5\libgcc.a(_clear_bss.o)
 .data          0x0080014c        0x0 c:/program files/winavr-20100110/bin/../lib/gcc/avr/4.3.3/avr5\libgcc.a(_div_sf.o)
 .data          0x0080014c        0x0 c:/program files/winavr-20100110/bin/../lib/gcc/avr/4.3.3/avr5\libgcc.a(_si_to_sf.o)
 .data          0x0080014c        0x0 c:/program files/winavr-20100110/bin/../lib/gcc/avr/4.3.3/avr5\libgcc.a(_sf_to_si.o)
 .data          0x0080014c        0x8 c:/program files/winavr-20100110/bin/../lib/gcc/avr/4.3.3/avr5\libgcc.a(_thenan_sf.o)
                0x0080014c                __thenan_sf
 .data          0x00800154        0x0 c:/program files/winavr-20100110/bin/../lib/gcc/avr/4.3.3/avr5\libgcc.a(_clzsi2.o)
 .data          0x00800154        0x0 c:/program files/winavr-20100110/bin/../lib/gcc/avr/4.3.3/avr5\libgcc.a(_pack_sf.o)
 .data          0x00800154        0x0 c:/program files/winavr-20100110/bin/../lib/gcc/avr/4.3.3/avr5\libgcc.a(_unpack_sf.o)
 .data          0x00800154      0x100 c:/program files/winavr-20100110/bin/../lib/gcc/avr/4.3.3/avr5\libgcc.a(_clz.o)
                0x00800154                __clz_tab
 .data          0x00800254        0x6 c:/program files/winavr-20100110/bin/../lib/gcc/avr/4.3.3/../../../../avr/lib/avr5\libc.a(malloc.o)
                0x00800256                __malloc_heap_start
                0x00800258                __malloc_heap_end
                0x00800254                __malloc_margin
 .data          0x0080025a        0x0 c:/program files/winavr-20100110/bin/../lib/gcc/avr/4.3.3/../../../../avr/lib/avr5\libc.a(fdevopen.o)
 .data          0x0080025a        0x0 c:/program files/winavr-20100110/bin/../lib/gcc/avr/4.3.3/../../../../avr/lib/avr5\libc.a(iob.o)
 .data          0x0080025a        0x0 c:/program files/winavr-20100110/bin/../lib/gcc/avr/4.3.3/../../../../avr/lib/avr5\libc.a(calloc.o)
 .data          0x0080025a        0x0 c:/program files/winavr-20100110/bin/../lib/gcc/avr/4.3.3/../../../../avr/lib/avr5\libc.a(memset.o)
 *(.data*)
 *(.rodata)
 *(.rodata*)
 *(.gnu.linkonce.d*)
                0x0080025a                . = ALIGN (0x2)
                0x0080025a                _edata = .
                0x0080025a                PROVIDE (__data_end, .)

.bss            0x0080025a       0x35
                0x0080025a                PROVIDE (__bss_start, .)
 *(.bss)
 .bss           0x0080025a        0x0 c:/program files/winavr-20100110/bin/../lib/gcc/avr/4.3.3/../../../../avr/lib/avr5/crtm168.o
 .bss           0x0080025a        0x0 maze-solver.o
 .bss           0x0080025a        0x0 3pi.o
 .bss           0x0080025a        0x0 c:/program files/winavr-20100110/bin/../lib/gcc/avr/4.3.3/../../../../avr/lib\libpololu_atmega168.a(OrangutanAnalog.o)
 .bss           0x0080025a        0x6 c:/program files/winavr-20100110/bin/../lib/gcc/avr/4.3.3/../../../../avr/lib\libpololu_atmega168.a(OrangutanBuzzer.o)
 .bss           0x00800260        0x9 c:/program files/winavr-20100110/bin/../lib/gcc/avr/4.3.3/../../../../avr/lib\libpololu_atmega168.a(OrangutanLCD.o)
                0x00800260                printf_chars
                0x00800264                lcdTimeout
                0x00800263                col
                0x00800268                OrangutanLCD::init()::initialized
                0x00800262                row
 .bss           0x00800269        0x1 c:/program files/winavr-20100110/bin/../lib/gcc/avr/4.3.3/../../../../avr/lib\libpololu_atmega168.a(OrangutanMotors.o)
                0x00800269                OrangutanMotors::init()::initialized
 .bss           0x0080026a        0xd c:/program files/winavr-20100110/bin/../lib/gcc/avr/4.3.3/../../../../avr/lib\libpololu_atmega168.a(OrangutanPushbuttons.o)
                0x0080026a                OrangutanPushbuttons::init()::initialized
 .bss           0x00800277        0x3 c:/program files/winavr-20100110/bin/../lib/gcc/avr/4.3.3/../../../../avr/lib\libpololu_atmega168.a(OrangutanResources.o)
                0x00800277                buzzerInitialized
                0x00800278                buzzerSequence
 .bss           0x0080027a        0xb c:/program files/winavr-20100110/bin/../lib/gcc/avr/4.3.3/../../../../avr/lib\libpololu_atmega168.a(OrangutanTime.o)
                0x00800284                OrangutanTime::init()::initialized
                0x0080027a                tickCount
                0x0080027e                msCounter
                0x00800282                us_over_10
 .bss           0x00800285        0x0 c:/program files/winavr-20100110/bin/../lib/gcc/avr/4.3.3/avr5\libgcc.a(_mulsi3.o)
 .bss           0x00800285        0x0 c:/program files/winavr-20100110/bin/../lib/gcc/avr/4.3.3/avr5\libgcc.a(_udivmodqi4.o)
 .bss           0x00800285        0x0 c:/program files/winavr-20100110/bin/../lib/gcc/avr/4.3.3/avr5\libgcc.a(_udivmodhi4.o)
 .bss           0x00800285        0x0 c:/program files/winavr-20100110/bin/../lib/gcc/avr/4.3.3/avr5\libgcc.a(_divmodhi4.o)
 .bss           0x00800285        0x0 c:/program files/winavr-20100110/bin/../lib/gcc/avr/4.3.3/avr5\libgcc.a(_udivmodsi4.o)
 .bss           0x00800285        0x0 c:/program files/winavr-20100110/bin/../lib/gcc/avr/4.3.3/avr5\libgcc.a(_divmodsi4.o)
 .bss           0x00800285        0x0 c:/program files/winavr-20100110/bin/../lib/gcc/avr/4.3.3/avr5\libgcc.a(_prologue.o)
 .bss           0x00800285        0x0 c:/program files/winavr-20100110/bin/../lib/gcc/avr/4.3.3/avr5\libgcc.a(_epilogue.o)
 .bss           0x00800285        0x0 c:/program files/winavr-20100110/bin/../lib/gcc/avr/4.3.3/avr5\libgcc.a(_exit.o)
 .bss           0x00800285        0x0 c:/program files/winavr-20100110/bin/../lib/gcc/avr/4.3.3/avr5\libgcc.a(_tablejump.o)
 .bss           0x00800285        0x0 c:/program files/winavr-20100110/bin/../lib/gcc/avr/4.3.3/avr5\libgcc.a(_copy_data.o)
 .bss           0x00800285        0x0 c:/program files/winavr-20100110/bin/../lib/gcc/avr/4.3.3/avr5\libgcc.a(_clear_bss.o)
 .bss           0x00800285        0x0 c:/program files/winavr-20100110/bin/../lib/gcc/avr/4.3.3/avr5\libgcc.a(_div_sf.o)
 .bss           0x00800285        0x0 c:/program files/winavr-20100110/bin/../lib/gcc/avr/4.3.3/avr5\libgcc.a(_si_to_sf.o)
 .bss           0x00800285        0x0 c:/program files/winavr-20100110/bin/../lib/gcc/avr/4.3.3/avr5\libgcc.a(_sf_to_si.o)
 .bss           0x00800285        0x0 c:/program files/winavr-20100110/bin/../lib/gcc/avr/4.3.3/avr5\libgcc.a(_thenan_sf.o)
 .bss           0x00800285        0x0 c:/program files/winavr-20100110/bin/../lib/gcc/avr/4.3.3/avr5\libgcc.a(_clzsi2.o)
 .bss           0x00800285        0x0 c:/program files/winavr-20100110/bin/../lib/gcc/avr/4.3.3/avr5\libgcc.a(_pack_sf.o)
 .bss           0x00800285        0x0 c:/program files/winavr-20100110/bin/../lib/gcc/avr/4.3.3/avr5\libgcc.a(_unpack_sf.o)
 .bss           0x00800285        0x0 c:/program files/winavr-20100110/bin/../lib/gcc/avr/4.3.3/avr5\libgcc.a(_clz.o)
 .bss           0x00800285        0x0 c:/program files/winavr-20100110/bin/../lib/gcc/avr/4.3.3/../../../../avr/lib/avr5\libc.a(malloc.o)
 .bss           0x00800285        0x0 c:/program files/winavr-20100110/bin/../lib/gcc/avr/4.3.3/../../../../avr/lib/avr5\libc.a(fdevopen.o)
 .bss           0x00800285        0x0 c:/program files/winavr-20100110/bin/../lib/gcc/avr/4.3.3/../../../../avr/lib/avr5\libc.a(iob.o)
 .bss           0x00800285        0x0 c:/program files/winavr-20100110/bin/../lib/gcc/avr/4.3.3/../../../../avr/lib/avr5\libc.a(calloc.o)
 .bss           0x00800285        0x0 c:/program files/winavr-20100110/bin/../lib/gcc/avr/4.3.3/../../../../avr/lib/avr5\libc.a(memset.o)
 *(.bss*)
 *(COMMON)
 COMMON         0x00800285        0x4 c:/program files/winavr-20100110/bin/../lib/gcc/avr/4.3.3/../../../../avr/lib/avr5\libc.a(malloc.o)
                0x00800285                __brkval
                0x00800287                __flp
 COMMON         0x00800289        0x6 c:/program files/winavr-20100110/bin/../lib/gcc/avr/4.3.3/../../../../avr/lib/avr5\libc.a(iob.o)
                0x00800289                __iob
                0x0080028f                PROVIDE (__bss_end, .)
                0x00002f8a                __data_load_start = LOADADDR (.data)
                0x000030e4                __data_load_end = (__data_load_start + SIZEOF (.data))

.noinit         0x0080028f        0x0
                0x0080028f                PROVIDE (__noinit_start, .)
 *(.noinit*)
                0x0080028f                PROVIDE (__noinit_end, .)
                0x0080028f                _end = .
                0x0080028f                PROVIDE (__heap_start, .)

.eeprom         0x00810000        0x0
 *(.eeprom*)
                0x00810000                __eeprom_end = .

.fuse
 *(.fuse)
 *(.lfuse)
 *(.hfuse)
 *(.efuse)

.lock
 *(.lock*)

.signature
 *(.signature*)

.stab           0x00000000     0x6bc4
 *(.stab)
 .stab          0x00000000     0x159c c:/program files/winavr-20100110/bin/../lib/gcc/avr/4.3.3/../../../../avr/lib\libpololu_atmega168.a(OrangutanAnalog.o)
 .stab          0x0000159c     0x1344 c:/program files/winavr-20100110/bin/../lib/gcc/avr/4.3.3/../../../../avr/lib\libpololu_atmega168.a(OrangutanBuzzer.o)
                               0x1350 (size before relaxing)
 .stab          0x000028e0     0x1e18 c:/program files/winavr-20100110/bin/../lib/gcc/avr/4.3.3/../../../../avr/lib\libpololu_atmega168.a(OrangutanLCD.o)
                               0x1e24 (size before relaxing)
 .stab          0x000046f8      0x8f4 c:/program files/winavr-20100110/bin/../lib/gcc/avr/4.3.3/../../../../avr/lib\libpololu_atmega168.a(OrangutanMotors.o)
                                0x900 (size before relaxing)
 .stab          0x00004fec      0xe40 c:/program files/winavr-20100110/bin/../lib/gcc/avr/4.3.3/../../../../avr/lib\libpololu_atmega168.a(OrangutanPushbuttons.o)
                                0xe4c (size before relaxing)
 .stab          0x00005e2c      0x4a4 c:/program files/winavr-20100110/bin/../lib/gcc/avr/4.3.3/../../../../avr/lib\libpololu_atmega168.a(OrangutanResources.o)
                                0x4b0 (size before relaxing)
 .stab          0x000062d0      0x8f4 c:/program files/winavr-20100110/bin/../lib/gcc/avr/4.3.3/../../../../avr/lib\libpololu_atmega168.a(OrangutanTime.o)
                                0x900 (size before relaxing)

.stabstr        0x00000000     0x4f3a
 *(.stabstr)
 .stabstr       0x00000000     0x4f3a c:/program files/winavr-20100110/bin/../lib/gcc/avr/4.3.3/../../../../avr/lib\libpololu_atmega168.a(OrangutanAnalog.o)

.stab.excl
 *(.stab.excl)

.stab.exclstr
 *(.stab.exclstr)

.stab.index
 *(.stab.index)

.stab.indexstr
 *(.stab.indexstr)

.comment
 *(.comment)

.debug
 *(.debug)

.line
 *(.line)

.debug_srcinfo
 *(.debug_srcinfo)

.debug_sfnames
 *(.debug_sfnames)

.debug_aranges  0x00000000      0x100
 *(.debug_aranges)
 .debug_aranges
                0x00000000       0x20 maze-solver.o
 .debug_aranges
                0x00000020       0x20 3pi.o
 .debug_aranges
                0x00000040       0x20 c:/program files/winavr-20100110/bin/../lib/gcc/avr/4.3.3/avr5\libgcc.a(_div_sf.o)
 .debug_aranges
                0x00000060       0x20 c:/program files/winavr-20100110/bin/../lib/gcc/avr/4.3.3/avr5\libgcc.a(_si_to_sf.o)
 .debug_aranges
                0x00000080       0x20 c:/program files/winavr-20100110/bin/../lib/gcc/avr/4.3.3/avr5\libgcc.a(_sf_to_si.o)
 .debug_aranges
                0x000000a0       0x20 c:/program files/winavr-20100110/bin/../lib/gcc/avr/4.3.3/avr5\libgcc.a(_clzsi2.o)
 .debug_aranges
                0x000000c0       0x20 c:/program files/winavr-20100110/bin/../lib/gcc/avr/4.3.3/avr5\libgcc.a(_pack_sf.o)
 .debug_aranges
                0x000000e0       0x20 c:/program files/winavr-20100110/bin/../lib/gcc/avr/4.3.3/avr5\libgcc.a(_unpack_sf.o)

.debug_pubnames
                0x00000000      0x2e6
 *(.debug_pubnames)
 .debug_pubnames
                0x00000000      0x12e maze-solver.o
 .debug_pubnames
                0x0000012e       0xb6 3pi.o
 .debug_pubnames
                0x000001e4       0x1f c:/program files/winavr-20100110/bin/../lib/gcc/avr/4.3.3/avr5\libgcc.a(_div_sf.o)
 .debug_pubnames
                0x00000203       0x22 c:/program files/winavr-20100110/bin/../lib/gcc/avr/4.3.3/avr5\libgcc.a(_si_to_sf.o)
 .debug_pubnames
                0x00000225       0x20 c:/program files/winavr-20100110/bin/../lib/gcc/avr/4.3.3/avr5\libgcc.a(_sf_to_si.o)
 .debug_pubnames
                0x00000245       0x22 c:/program files/winavr-20100110/bin/../lib/gcc/avr/4.3.3/avr5\libgcc.a(_thenan_sf.o)
 .debug_pubnames
                0x00000267       0x1f c:/program files/winavr-20100110/bin/../lib/gcc/avr/4.3.3/avr5\libgcc.a(_clzsi2.o)
 .debug_pubnames
                0x00000286       0x1f c:/program files/winavr-20100110/bin/../lib/gcc/avr/4.3.3/avr5\libgcc.a(_pack_sf.o)
 .debug_pubnames
                0x000002a5       0x21 c:/program files/winavr-20100110/bin/../lib/gcc/avr/4.3.3/avr5\libgcc.a(_unpack_sf.o)
 .debug_pubnames
                0x000002c6       0x20 c:/program files/winavr-20100110/bin/../lib/gcc/avr/4.3.3/avr5\libgcc.a(_clz.o)

.debug_info     0x00000000     0x16de
 *(.debug_info)
 .debug_info    0x00000000      0x3b8 maze-solver.o
 .debug_info    0x000003b8      0x257 3pi.o
 .debug_info    0x0000060f      0x3fc c:/program files/winavr-20100110/bin/../lib/gcc/avr/4.3.3/avr5\libgcc.a(_div_sf.o)
 .debug_info    0x00000a0b      0x207 c:/program files/winavr-20100110/bin/../lib/gcc/avr/4.3.3/avr5\libgcc.a(_si_to_sf.o)
 .debug_info    0x00000c12      0x2b0 c:/program files/winavr-20100110/bin/../lib/gcc/avr/4.3.3/avr5\libgcc.a(_sf_to_si.o)
 .debug_info    0x00000ec2      0x12c c:/program files/winavr-20100110/bin/../lib/gcc/avr/4.3.3/avr5\libgcc.a(_thenan_sf.o)
 .debug_info    0x00000fee      0x117 c:/program files/winavr-20100110/bin/../lib/gcc/avr/4.3.3/avr5\libgcc.a(_clzsi2.o)
 .debug_info    0x00001105      0x2df c:/program files/winavr-20100110/bin/../lib/gcc/avr/4.3.3/avr5\libgcc.a(_pack_sf.o)
 .debug_info    0x000013e4      0x251 c:/program files/winavr-20100110/bin/../lib/gcc/avr/4.3.3/avr5\libgcc.a(_unpack_sf.o)
 .debug_info    0x00001635       0xa9 c:/program files/winavr-20100110/bin/../lib/gcc/avr/4.3.3/avr5\libgcc.a(_clz.o)
 *(.gnu.linkonce.wi.*)

.debug_abbrev   0x00000000      0xc68
 *(.debug_abbrev)
 .debug_abbrev  0x00000000      0x19f maze-solver.o
 .debug_abbrev  0x0000019f       0xfd 3pi.o
 .debug_abbrev  0x0000029c      0x216 c:/program files/winavr-20100110/bin/../lib/gcc/avr/4.3.3/avr5\libgcc.a(_div_sf.o)
 .debug_abbrev  0x000004b2      0x148 c:/program files/winavr-20100110/bin/../lib/gcc/avr/4.3.3/avr5\libgcc.a(_si_to_sf.o)
 .debug_abbrev  0x000005fa      0x17f c:/program files/winavr-20100110/bin/../lib/gcc/avr/4.3.3/avr5\libgcc.a(_sf_to_si.o)
 .debug_abbrev  0x00000779       0xad c:/program files/winavr-20100110/bin/../lib/gcc/avr/4.3.3/avr5\libgcc.a(_thenan_sf.o)
 .debug_abbrev  0x00000826       0xc4 c:/program files/winavr-20100110/bin/../lib/gcc/avr/4.3.3/avr5\libgcc.a(_clzsi2.o)
 .debug_abbrev  0x000008ea      0x1c0 c:/program files/winavr-20100110/bin/../lib/gcc/avr/4.3.3/avr5\libgcc.a(_pack_sf.o)
 .debug_abbrev  0x00000aaa      0x154 c:/program files/winavr-20100110/bin/../lib/gcc/avr/4.3.3/avr5\libgcc.a(_unpack_sf.o)
 .debug_abbrev  0x00000bfe       0x6a c:/program files/winavr-20100110/bin/../lib/gcc/avr/4.3.3/avr5\libgcc.a(_clz.o)

.debug_line     0x00000000      0xeea
 *(.debug_line)
 .debug_line    0x00000000      0x37d maze-solver.o
 .debug_line    0x0000037d      0x2d4 3pi.o
 .debug_line    0x00000651      0x1d5 c:/program files/winavr-20100110/bin/../lib/gcc/avr/4.3.3/avr5\libgcc.a(_div_sf.o)
 .debug_line    0x00000826      0x135 c:/program files/winavr-20100110/bin/../lib/gcc/avr/4.3.3/avr5\libgcc.a(_si_to_sf.o)
 .debug_line    0x0000095b      0x109 c:/program files/winavr-20100110/bin/../lib/gcc/avr/4.3.3/avr5\libgcc.a(_sf_to_si.o)
 .debug_line    0x00000a64       0x90 c:/program files/winavr-20100110/bin/../lib/gcc/avr/4.3.3/avr5\libgcc.a(_thenan_sf.o)
 .debug_line    0x00000af4       0xa5 c:/program files/winavr-20100110/bin/../lib/gcc/avr/4.3.3/avr5\libgcc.a(_clzsi2.o)
 .debug_line    0x00000b99      0x18a c:/program files/winavr-20100110/bin/../lib/gcc/avr/4.3.3/avr5\libgcc.a(_pack_sf.o)
 .debug_line    0x00000d23      0x14b c:/program files/winavr-20100110/bin/../lib/gcc/avr/4.3.3/avr5\libgcc.a(_unpack_sf.o)
 .debug_line    0x00000e6e       0x7c c:/program files/winavr-20100110/bin/../lib/gcc/avr/4.3.3/avr5\libgcc.a(_clz.o)

.debug_frame    0x00000000      0x220
 *(.debug_frame)
 .debug_frame   0x00000000      0x110 maze-solver.o
 .debug_frame   0x00000110       0x50 3pi.o
 .debug_frame   0x00000160       0x20 c:/program files/winavr-20100110/bin/../lib/gcc/avr/4.3.3/avr5\libgcc.a(_div_sf.o)
 .debug_frame   0x00000180       0x20 c:/program files/winavr-20100110/bin/../lib/gcc/avr/4.3.3/avr5\libgcc.a(_si_to_sf.o)
 .debug_frame   0x000001a0       0x20 c:/program files/winavr-20100110/bin/../lib/gcc/avr/4.3.3/avr5\libgcc.a(_sf_to_si.o)
 .debug_frame   0x000001c0       0x20 c:/program files/winavr-20100110/bin/../lib/gcc/avr/4.3.3/avr5\libgcc.a(_clzsi2.o)
 .debug_frame   0x000001e0       0x20 c:/program files/winavr-20100110/bin/../lib/gcc/avr/4.3.3/avr5\libgcc.a(_pack_sf.o)
 .debug_frame   0x00000200       0x20 c:/program files/winavr-20100110/bin/../lib/gcc/avr/4.3.3/avr5\libgcc.a(_unpack_sf.o)

.debug_str      0x00000000      0x4d0
 *(.debug_str)
 .debug_str     0x00000000      0x1d6 maze-solver.o
                                0x22f (size before relaxing)
 .debug_str     0x000001d6       0xf5 3pi.o
                                0x1a7 (size before relaxing)
 .debug_str     0x000002cb      0x166 c:/program files/winavr-20100110/bin/../lib/gcc/avr/4.3.3/avr5\libgcc.a(_div_sf.o)
                                0x1c8 (size before relaxing)
 .debug_str     0x00000431       0x1e c:/program files/winavr-20100110/bin/../lib/gcc/avr/4.3.3/avr5\libgcc.a(_si_to_sf.o)
                                0x17b (size before relaxing)
 .debug_str     0x0000044f        0xa c:/program files/winavr-20100110/bin/../lib/gcc/avr/4.3.3/avr5\libgcc.a(_sf_to_si.o)
                                0x19e (size before relaxing)
 .debug_str     0x00000000      0x103 c:/program files/winavr-20100110/bin/../lib/gcc/avr/4.3.3/avr5\libgcc.a(_thenan_sf.o)
 .debug_str     0x00000459       0x5c c:/program files/winavr-20100110/bin/../lib/gcc/avr/4.3.3/avr5\libgcc.a(_clzsi2.o)
                                0x111 (size before relaxing)
 .debug_str     0x000004b5       0x10 c:/program files/winavr-20100110/bin/../lib/gcc/avr/4.3.3/avr5\libgcc.a(_pack_sf.o)
                                0x19d (size before relaxing)
 .debug_str     0x000004c5        0xb c:/program files/winavr-20100110/bin/../lib/gcc/avr/4.3.3/avr5\libgcc.a(_unpack_sf.o)
                                0x17f (size before relaxing)
 .debug_str     0x00000000       0xf4 c:/program files/winavr-20100110/bin/../lib/gcc/avr/4.3.3/avr5\libgcc.a(_clz.o)

.debug_loc      0x00000000      0x7dc
 *(.debug_loc)
 .debug_loc     0x00000000      0x28c maze-solver.o
 .debug_loc     0x0000028c       0xe8 3pi.o
 .debug_loc     0x00000374       0xc0 c:/program files/winavr-20100110/bin/../lib/gcc/avr/4.3.3/avr5\libgcc.a(_div_sf.o)
 .debug_loc     0x00000434       0xac c:/program files/winavr-20100110/bin/../lib/gcc/avr/4.3.3/avr5\libgcc.a(_si_to_sf.o)
 .debug_loc     0x000004e0       0x7e c:/program files/winavr-20100110/bin/../lib/gcc/avr/4.3.3/avr5\libgcc.a(_sf_to_si.o)
 .debug_loc     0x0000055e       0x94 c:/program files/winavr-20100110/bin/../lib/gcc/avr/4.3.3/avr5\libgcc.a(_clzsi2.o)
 .debug_loc     0x000005f2      0x13e c:/program files/winavr-20100110/bin/../lib/gcc/avr/4.3.3/avr5\libgcc.a(_pack_sf.o)
 .debug_loc     0x00000730       0xac c:/program files/winavr-20100110/bin/../lib/gcc/avr/4.3.3/avr5\libgcc.a(_unpack_sf.o)

.debug_macinfo
 *(.debug_macinfo)
OUTPUT(maze-solver.elf elf32-avr)
LOAD linker stubs

.debug_ranges   0x00000000       0x18
 .debug_ranges  0x00000000       0x18 3pi.o
