Archive member included because of file (symbol)

c:/winavr-20100110/bin/../lib/gcc/avr/4.3.3/../../../../avr/lib\libpololu_atmega168.a(OrangutanAnalog.o)
                              track-object.o (analog_read)
c:/winavr-20100110/bin/../lib/gcc/avr/4.3.3/../../../../avr/lib\libpololu_atmega168.a(OrangutanBuzzer.o)
                              track-object.o (play_frequency)
c:/winavr-20100110/bin/../lib/gcc/avr/4.3.3/../../../../avr/lib\libpololu_atmega168.a(OrangutanLCD.o)
                              track-object.o (lcd_hide_cursor)
c:/winavr-20100110/bin/../lib/gcc/avr/4.3.3/../../../../avr/lib\libpololu_atmega168.a(OrangutanMotors.o)
                              track-object.o (set_motors)
c:/winavr-20100110/bin/../lib/gcc/avr/4.3.3/../../../../avr/lib\libpololu_atmega168.a(OrangutanPushbuttons.o)
                              track-object.o (button_is_pressed)
c:/winavr-20100110/bin/../lib/gcc/avr/4.3.3/../../../../avr/lib\libpololu_atmega168.a(OrangutanResources.o)
                              c:/winavr-20100110/bin/../lib/gcc/avr/4.3.3/../../../../avr/lib\libpololu_atmega168.a(OrangutanBuzzer.o) (buzzerInitialized)
c:/winavr-20100110/bin/../lib/gcc/avr/4.3.3/../../../../avr/lib\libpololu_atmega168.a(OrangutanTime.o)
                              track-object.o (delay_ms)
c:/winavr-20100110/bin/../lib/gcc/avr/4.3.3/avr5\libgcc.a(_mulsi3.o)
                              c:/winavr-20100110/bin/../lib/gcc/avr/4.3.3/../../../../avr/lib\libpololu_atmega168.a(OrangutanAnalog.o) (__mulsi3)
c:/winavr-20100110/bin/../lib/gcc/avr/4.3.3/avr5\libgcc.a(_udivmodqi4.o)
                              c:/winavr-20100110/bin/../lib/gcc/avr/4.3.3/../../../../avr/lib\libpololu_atmega168.a(OrangutanBuzzer.o) (__udivmodqi4)
c:/winavr-20100110/bin/../lib/gcc/avr/4.3.3/avr5\libgcc.a(_udivmodhi4.o)
                              c:/winavr-20100110/bin/../lib/gcc/avr/4.3.3/../../../../avr/lib\libpololu_atmega168.a(OrangutanAnalog.o) (__udivmodhi4)
c:/winavr-20100110/bin/../lib/gcc/avr/4.3.3/avr5\libgcc.a(_divmodhi4.o)
                              track-object.o (__divmodhi4)
c:/winavr-20100110/bin/../lib/gcc/avr/4.3.3/avr5\libgcc.a(_udivmodsi4.o)
                              track-object.o (__udivmodsi4)
c:/winavr-20100110/bin/../lib/gcc/avr/4.3.3/avr5\libgcc.a(_divmodsi4.o)
                              c:/winavr-20100110/bin/../lib/gcc/avr/4.3.3/../../../../avr/lib\libpololu_atmega168.a(OrangutanBuzzer.o) (__divmodsi4)
c:/winavr-20100110/bin/../lib/gcc/avr/4.3.3/avr5\libgcc.a(_prologue.o)
                              c:/winavr-20100110/bin/../lib/gcc/avr/4.3.3/../../../../avr/lib\libpololu_atmega168.a(OrangutanBuzzer.o) (__prologue_saves__)
c:/winavr-20100110/bin/../lib/gcc/avr/4.3.3/avr5\libgcc.a(_epilogue.o)
                              c:/winavr-20100110/bin/../lib/gcc/avr/4.3.3/../../../../avr/lib\libpololu_atmega168.a(OrangutanAnalog.o) (__epilogue_restores__)
c:/winavr-20100110/bin/../lib/gcc/avr/4.3.3/avr5\libgcc.a(_exit.o)
                              c:/winavr-20100110/bin/../lib/gcc/avr/4.3.3/../../../../avr/lib/avr5/crtm168.o (exit)
c:/winavr-20100110/bin/../lib/gcc/avr/4.3.3/avr5\libgcc.a(_tablejump.o)
                              c:/winavr-20100110/bin/../lib/gcc/avr/4.3.3/../../../../avr/lib\libpololu_atmega168.a(OrangutanBuzzer.o) (__tablejump2__)
c:/winavr-20100110/bin/../lib/gcc/avr/4.3.3/avr5\libgcc.a(_copy_data.o)
                              track-object.o (__do_copy_data)
c:/winavr-20100110/bin/../lib/gcc/avr/4.3.3/avr5\libgcc.a(_clear_bss.o)
                              c:/winavr-20100110/bin/../lib/gcc/avr/4.3.3/../../../../avr/lib\libpololu_atmega168.a(OrangutanBuzzer.o) (__do_clear_bss)
c:/winavr-20100110/bin/../lib/gcc/avr/4.3.3/avr5\libgcc.a(_mul_sf.o)
                              track-object.o (__mulsf3)
c:/winavr-20100110/bin/../lib/gcc/avr/4.3.3/avr5\libgcc.a(_div_sf.o)
                              track-object.o (__divsf3)
c:/winavr-20100110/bin/../lib/gcc/avr/4.3.3/avr5\libgcc.a(_si_to_sf.o)
                              track-object.o (__floatsisf)
c:/winavr-20100110/bin/../lib/gcc/avr/4.3.3/avr5\libgcc.a(_sf_to_si.o)
                              track-object.o (__fixsfsi)
c:/winavr-20100110/bin/../lib/gcc/avr/4.3.3/avr5\libgcc.a(_thenan_sf.o)
                              c:/winavr-20100110/bin/../lib/gcc/avr/4.3.3/avr5\libgcc.a(_mul_sf.o) (__thenan_sf)
c:/winavr-20100110/bin/../lib/gcc/avr/4.3.3/avr5\libgcc.a(_clzsi2.o)
                              c:/winavr-20100110/bin/../lib/gcc/avr/4.3.3/avr5\libgcc.a(_si_to_sf.o) (__clzsi2)
c:/winavr-20100110/bin/../lib/gcc/avr/4.3.3/avr5\libgcc.a(_pack_sf.o)
                              c:/winavr-20100110/bin/../lib/gcc/avr/4.3.3/avr5\libgcc.a(_mul_sf.o) (__pack_f)
c:/winavr-20100110/bin/../lib/gcc/avr/4.3.3/avr5\libgcc.a(_unpack_sf.o)
                              c:/winavr-20100110/bin/../lib/gcc/avr/4.3.3/avr5\libgcc.a(_mul_sf.o) (__unpack_f)
c:/winavr-20100110/bin/../lib/gcc/avr/4.3.3/avr5\libgcc.a(_clz.o)
                              c:/winavr-20100110/bin/../lib/gcc/avr/4.3.3/avr5\libgcc.a(_clzsi2.o) (__clz_tab)
c:/winavr-20100110/bin/../lib/gcc/avr/4.3.3/../../../../avr/lib/avr5\libc.a(malloc.o)
                              c:/winavr-20100110/bin/../lib/gcc/avr/4.3.3/../../../../avr/lib\libpololu_atmega168.a(OrangutanLCD.o) (malloc)
c:/winavr-20100110/bin/../lib/gcc/avr/4.3.3/../../../../avr/lib/avr5\libc.a(fdevopen.o)
                              c:/winavr-20100110/bin/../lib/gcc/avr/4.3.3/../../../../avr/lib\libpololu_atmega168.a(OrangutanLCD.o) (fdevopen)
c:/winavr-20100110/bin/../lib/gcc/avr/4.3.3/../../../../avr/lib/avr5\libc.a(iob.o)
                              c:/winavr-20100110/bin/../lib/gcc/avr/4.3.3/../../../../avr/lib/avr5\libc.a(fdevopen.o) (__iob)
c:/winavr-20100110/bin/../lib/gcc/avr/4.3.3/../../../../avr/lib/avr5\libc.a(calloc.o)
                              c:/winavr-20100110/bin/../lib/gcc/avr/4.3.3/../../../../avr/lib/avr5\libc.a(fdevopen.o) (calloc)
c:/winavr-20100110/bin/../lib/gcc/avr/4.3.3/../../../../avr/lib/avr5\libc.a(memset.o)
                              c:/winavr-20100110/bin/../lib/gcc/avr/4.3.3/../../../../avr/lib/avr5\libc.a(calloc.o) (memset)

Allocating common symbols
Common symbol       size              file

__brkval            0x2               c:/winavr-20100110/bin/../lib/gcc/avr/4.3.3/../../../../avr/lib/avr5\libc.a(malloc.o)
__flp               0x2               c:/winavr-20100110/bin/../lib/gcc/avr/4.3.3/../../../../avr/lib/avr5\libc.a(malloc.o)
__iob               0x6               c:/winavr-20100110/bin/../lib/gcc/avr/4.3.3/../../../../avr/lib/avr5\libc.a(iob.o)

Memory Configuration

Name             Origin             Length             Attributes
text             0x00000000         0x00020000         xr
data             0x00800060         0x0000ffa0         rw !x
eeprom           0x00810000         0x00010000         rw !x
fuse             0x00820000         0x00000400         rw !x
lock             0x00830000         0x00000400         rw !x
signature        0x00840000         0x00000400         rw !x
*default*        0x00000000         0xffffffff

Linker script and memory map

Address of section .data set to 0x800100
LOAD c:/winavr-20100110/bin/../lib/gcc/avr/4.3.3/../../../../avr/lib/avr5/crtm168.o
LOAD track-object.o
LOAD c:/winavr-20100110/bin/../lib/gcc/avr/4.3.3/../../../../avr/lib\libpololu_atmega168.a
LOAD c:/winavr-20100110/bin/../lib/gcc/avr/4.3.3/avr5\libgcc.a
LOAD c:/winavr-20100110/bin/../lib/gcc/avr/4.3.3/../../../../avr/lib/avr5\libc.a
LOAD c:/winavr-20100110/bin/../lib/gcc/avr/4.3.3/avr5\libgcc.a

.hash
 *(.hash)

.dynsym
 *(.dynsym)

.dynstr
 *(.dynstr)

.gnu.version
 *(.gnu.version)

.gnu.version_d
 *(.gnu.version_d)

.gnu.version_r
 *(.gnu.version_r)

.rel.init
 *(.rel.init)

.rela.init
 *(.rela.init)

.rel.text
 *(.rel.text)
 *(.rel.text.*)
 *(.rel.gnu.linkonce.t*)

.rela.text
 *(.rela.text)
 *(.rela.text.*)
 *(.rela.gnu.linkonce.t*)

.rel.fini
 *(.rel.fini)

.rela.fini
 *(.rela.fini)

.rel.rodata
 *(.rel.rodata)
 *(.rel.rodata.*)
 *(.rel.gnu.linkonce.r*)

.rela.rodata
 *(.rela.rodata)
 *(.rela.rodata.*)
 *(.rela.gnu.linkonce.r*)

.rel.data
 *(.rel.data)
 *(.rel.data.*)
 *(.rel.gnu.linkonce.d*)

.rela.data
 *(.rela.data)
 *(.rela.data.*)
 *(.rela.gnu.linkonce.d*)

.rel.ctors
 *(.rel.ctors)

.rela.ctors
 *(.rela.ctors)

.rel.dtors
 *(.rel.dtors)

.rela.dtors
 *(.rela.dtors)

.rel.got
 *(.rel.got)

.rela.got
 *(.rela.got)

.rel.bss
 *(.rel.bss)

.rela.bss
 *(.rela.bss)

.rel.plt
 *(.rel.plt)

.rela.plt
 *(.rela.plt)

.text           0x00000000     0x2f60
 *(.vectors)
 .vectors       0x00000000       0x68 c:/winavr-20100110/bin/../lib/gcc/avr/4.3.3/../../../../avr/lib/avr5/crtm168.o
                0x00000000                __vectors
                0x00000000                __vector_default
 *(.vectors)
 *(.progmem.gcc*)
 .progmem.gcc_sw_table
                0x00000068       0x18 c:/winavr-20100110/bin/../lib/gcc/avr/4.3.3/../../../../avr/lib\libpololu_atmega168.a(OrangutanBuzzer.o)
 *(.progmem*)
                0x00000080                . = ALIGN (0x2)
                0x00000080                __trampolines_start = .
 *(.trampolines)
 .trampolines   0x00000080        0x0 linker stubs
 *(.trampolines*)
                0x00000080                __trampolines_end = .
 *(.jumptables)
 *(.jumptables*)
 *(.lowtext)
 *(.lowtext*)
                0x00000080                __ctors_start = .
 *(.ctors)
                0x00000080                __ctors_end = .
                0x00000080                __dtors_start = .
 *(.dtors)
                0x00000080                __dtors_end = .
 SORT(*)(.ctors)
 SORT(*)(.dtors)
 *(.init0)
 .init0         0x00000080        0x0 c:/winavr-20100110/bin/../lib/gcc/avr/4.3.3/../../../../avr/lib/avr5/crtm168.o
                0x00000080                __init
 *(.init0)
 *(.init1)
 *(.init1)
 *(.init2)
 .init2         0x00000080        0xc c:/winavr-20100110/bin/../lib/gcc/avr/4.3.3/../../../../avr/lib/avr5/crtm168.o
 *(.init2)
 *(.init3)
 *(.init3)
 *(.init4)
 .init4         0x0000008c       0x16 c:/winavr-20100110/bin/../lib/gcc/avr/4.3.3/avr5\libgcc.a(_copy_data.o)
                0x0000008c                __do_copy_data
 .init4         0x000000a2       0x10 c:/winavr-20100110/bin/../lib/gcc/avr/4.3.3/avr5\libgcc.a(_clear_bss.o)
                0x000000a2                __do_clear_bss
 *(.init4)
 *(.init5)
 *(.init5)
 *(.init6)
 *(.init6)
 *(.init7)
 *(.init7)
 *(.init8)
 *(.init8)
 *(.init9)
 .init9         0x000000b2        0x8 c:/winavr-20100110/bin/../lib/gcc/avr/4.3.3/../../../../avr/lib/avr5/crtm168.o
 *(.init9)
 *(.text)
 .text          0x000000ba        0x4 c:/winavr-20100110/bin/../lib/gcc/avr/4.3.3/../../../../avr/lib/avr5/crtm168.o
                0x000000ba                __vector_22
                0x000000ba                __vector_1
                0x000000ba                __vector_24
                0x000000ba                __vector_12
                0x000000ba                __bad_interrupt
                0x000000ba                __vector_6
                0x000000ba                __vector_3
                0x000000ba                __vector_23
                0x000000ba                __vector_25
                0x000000ba                __vector_11
                0x000000ba                __vector_17
                0x000000ba                __vector_19
                0x000000ba                __vector_7
                0x000000ba                __vector_5
                0x000000ba                __vector_4
                0x000000ba                __vector_2
                0x000000ba                __vector_21
                0x000000ba                __vector_15
                0x000000ba                __vector_8
                0x000000ba                __vector_14
                0x000000ba                __vector_10
                0x000000ba                __vector_16
                0x000000ba                __vector_18
                0x000000ba                __vector_20
 .text          0x000000be      0x578 track-object.o
                0x00000274                turn_right
                0x000001a2                count_down
                0x000000be                init_sensors
                0x000000e6                read_sensor
                0x000000d6                read_left_sensor
                0x000000ec                print_num_xy
                0x000001f6                scan_360
                0x0000012e                print_xy
                0x000002fa                turn_left
                0x00000526                wait_with_message
                0x0000016a                turn_right_in_place
                0x00000186                back_up_left
                0x000003a8                get_target_difference
                0x0000043c                get_value_from_user
                0x00000178                back_up_right
                0x000000ce                read_right_sensor
                0x0000059a                main
                0x00000382                dash
                0x0000015c                turn_left_in_place
                0x00000194                halt
                0x000000de                read_forward_sensor
 .text          0x00000636        0x0 c:/winavr-20100110/bin/../lib/gcc/avr/4.3.3/../../../../avr/lib\libpololu_atmega168.a(OrangutanAnalog.o)
 .text          0x00000636        0x0 c:/winavr-20100110/bin/../lib/gcc/avr/4.3.3/../../../../avr/lib\libpololu_atmega168.a(OrangutanBuzzer.o)
 .text          0x00000636        0x0 c:/winavr-20100110/bin/../lib/gcc/avr/4.3.3/../../../../avr/lib\libpololu_atmega168.a(OrangutanLCD.o)
 .text          0x00000636        0x0 c:/winavr-20100110/bin/../lib/gcc/avr/4.3.3/../../../../avr/lib\libpololu_atmega168.a(OrangutanMotors.o)
 .text          0x00000636        0x0 c:/winavr-20100110/bin/../lib/gcc/avr/4.3.3/../../../../avr/lib\libpololu_atmega168.a(OrangutanPushbuttons.o)
 .text          0x00000636        0x0 c:/winavr-20100110/bin/../lib/gcc/avr/4.3.3/../../../../avr/lib\libpololu_atmega168.a(OrangutanResources.o)
 .text          0x00000636        0x0 c:/winavr-20100110/bin/../lib/gcc/avr/4.3.3/../../../../avr/lib\libpololu_atmega168.a(OrangutanTime.o)
 .text          0x00000636        0x0 c:/winavr-20100110/bin/../lib/gcc/avr/4.3.3/avr5\libgcc.a(_mulsi3.o)
 .text          0x00000636        0x0 c:/winavr-20100110/bin/../lib/gcc/avr/4.3.3/avr5\libgcc.a(_udivmodqi4.o)
 .text          0x00000636        0x0 c:/winavr-20100110/bin/../lib/gcc/avr/4.3.3/avr5\libgcc.a(_udivmodhi4.o)
 .text          0x00000636        0x0 c:/winavr-20100110/bin/../lib/gcc/avr/4.3.3/avr5\libgcc.a(_divmodhi4.o)
 .text          0x00000636        0x0 c:/winavr-20100110/bin/../lib/gcc/avr/4.3.3/avr5\libgcc.a(_udivmodsi4.o)
 .text          0x00000636        0x0 c:/winavr-20100110/bin/../lib/gcc/avr/4.3.3/avr5\libgcc.a(_divmodsi4.o)
 .text          0x00000636        0x0 c:/winavr-20100110/bin/../lib/gcc/avr/4.3.3/avr5\libgcc.a(_prologue.o)
 .text          0x00000636        0x0 c:/winavr-20100110/bin/../lib/gcc/avr/4.3.3/avr5\libgcc.a(_epilogue.o)
 .text          0x00000636        0x0 c:/winavr-20100110/bin/../lib/gcc/avr/4.3.3/avr5\libgcc.a(_exit.o)
 .text          0x00000636        0x0 c:/winavr-20100110/bin/../lib/gcc/avr/4.3.3/avr5\libgcc.a(_tablejump.o)
 .text          0x00000636        0x0 c:/winavr-20100110/bin/../lib/gcc/avr/4.3.3/avr5\libgcc.a(_copy_data.o)
 .text          0x00000636        0x0 c:/winavr-20100110/bin/../lib/gcc/avr/4.3.3/avr5\libgcc.a(_clear_bss.o)
 .text          0x00000636      0x1f4 c:/winavr-20100110/bin/../lib/gcc/avr/4.3.3/avr5\libgcc.a(_mul_sf.o)
                0x00000636                __mulsf3
 .text          0x0000082a      0x158 c:/winavr-20100110/bin/../lib/gcc/avr/4.3.3/avr5\libgcc.a(_div_sf.o)
                0x0000082a                __divsf3
 .text          0x00000982       0xbc c:/winavr-20100110/bin/../lib/gcc/avr/4.3.3/avr5\libgcc.a(_si_to_sf.o)
                0x00000982                __floatsisf
 .text          0x00000a3e       0xa8 c:/winavr-20100110/bin/../lib/gcc/avr/4.3.3/avr5\libgcc.a(_sf_to_si.o)
                0x00000a3e                __fixsfsi
 .text          0x00000ae6        0x0 c:/winavr-20100110/bin/../lib/gcc/avr/4.3.3/avr5\libgcc.a(_thenan_sf.o)
 .text          0x00000ae6       0x9e c:/winavr-20100110/bin/../lib/gcc/avr/4.3.3/avr5\libgcc.a(_clzsi2.o)
                0x00000ae6                __clzsi2
 .text          0x00000b84      0x1aa c:/winavr-20100110/bin/../lib/gcc/avr/4.3.3/avr5\libgcc.a(_pack_sf.o)
                0x00000b84                __pack_f
 .text          0x00000d2e       0xf0 c:/winavr-20100110/bin/../lib/gcc/avr/4.3.3/avr5\libgcc.a(_unpack_sf.o)
                0x00000d2e                __unpack_f
 .text          0x00000e1e        0x0 c:/winavr-20100110/bin/../lib/gcc/avr/4.3.3/avr5\libgcc.a(_clz.o)
 .text          0x00000e1e        0x0 c:/winavr-20100110/bin/../lib/gcc/avr/4.3.3/../../../../avr/lib/avr5\libc.a(malloc.o)
 .text          0x00000e1e        0x0 c:/winavr-20100110/bin/../lib/gcc/avr/4.3.3/../../../../avr/lib/avr5\libc.a(fdevopen.o)
 .text          0x00000e1e        0x0 c:/winavr-20100110/bin/../lib/gcc/avr/4.3.3/../../../../avr/lib/avr5\libc.a(iob.o)
 .text          0x00000e1e        0x0 c:/winavr-20100110/bin/../lib/gcc/avr/4.3.3/../../../../avr/lib/avr5\libc.a(calloc.o)
 .text          0x00000e1e        0x0 c:/winavr-20100110/bin/../lib/gcc/avr/4.3.3/../../../../avr/lib/avr5\libc.a(memset.o)
                0x00000e1e                . = ALIGN (0x2)
 *(.text.*)
 .text.analog_conversion_result
                0x00000e1e       0x1e c:/winavr-20100110/bin/../lib/gcc/avr/4.3.3/../../../../avr/lib\libpololu_atmega168.a(OrangutanAnalog.o)
                0x00000e1e                analog_conversion_result
 .text.set_millivolt_calibration
                0x00000e3c        0xa c:/winavr-20100110/bin/../lib/gcc/avr/4.3.3/../../../../avr/lib\libpololu_atmega168.a(OrangutanAnalog.o)
                0x00000e3c                set_millivolt_calibration
 .text._ZN15OrangutanAnalogC2Ev
                0x00000e46        0x2 c:/winavr-20100110/bin/../lib/gcc/avr/4.3.3/../../../../avr/lib\libpololu_atmega168.a(OrangutanAnalog.o)
                0x00000e46                OrangutanAnalog::OrangutanAnalog()
 .text._ZN15OrangutanAnalogC1Ev
                0x00000e48        0x2 c:/winavr-20100110/bin/../lib/gcc/avr/4.3.3/../../../../avr/lib\libpololu_atmega168.a(OrangutanAnalog.o)
                0x00000e48                OrangutanAnalog::OrangutanAnalog()
 .text._ZN15OrangutanAnalog16conversionResultEv
                0x00000e4a       0x1e c:/winavr-20100110/bin/../lib/gcc/avr/4.3.3/../../../../avr/lib\libpololu_atmega168.a(OrangutanAnalog.o)
                0x00000e4a                OrangutanAnalog::conversionResult()
 .text._ZN15OrangutanAnalog15startConversionEhh
                0x00000e68       0x34 c:/winavr-20100110/bin/../lib/gcc/avr/4.3.3/../../../../avr/lib\libpololu_atmega168.a(OrangutanAnalog.o)
                0x00000e68                OrangutanAnalog::startConversion(unsigned char, unsigned char)
 .text.start_analog_conversion
                0x00000e9c        0x8 c:/winavr-20100110/bin/../lib/gcc/avr/4.3.3/../../../../avr/lib\libpololu_atmega168.a(OrangutanAnalog.o)
                0x00000e9c                start_analog_conversion
 .text._ZN15OrangutanAnalog4readEh
                0x00000ea4       0x2c c:/winavr-20100110/bin/../lib/gcc/avr/4.3.3/../../../../avr/lib\libpololu_atmega168.a(OrangutanAnalog.o)
                0x00000ea4                OrangutanAnalog::read(unsigned char)
 .text.analog_read
                0x00000ed0        0x6 c:/winavr-20100110/bin/../lib/gcc/avr/4.3.3/../../../../avr/lib\libpololu_atmega168.a(OrangutanAnalog.o)
                0x00000ed0                analog_read
 .text._ZN15OrangutanAnalog11readAverageEhj
                0x00000ed6       0xa2 c:/winavr-20100110/bin/../lib/gcc/avr/4.3.3/../../../../avr/lib\libpololu_atmega168.a(OrangutanAnalog.o)
                0x00000ed6                OrangutanAnalog::readAverage(unsigned char, unsigned int)
 .text.read_trimpot
                0x00000f78        0xc c:/winavr-20100110/bin/../lib/gcc/avr/4.3.3/../../../../avr/lib\libpololu_atmega168.a(OrangutanAnalog.o)
                0x00000f78                read_trimpot
 .text.analog_read_average
                0x00000f84        0x6 c:/winavr-20100110/bin/../lib/gcc/avr/4.3.3/../../../../avr/lib\libpololu_atmega168.a(OrangutanAnalog.o)
                0x00000f84                analog_read_average
 .text._ZN15OrangutanAnalog23setMillivoltCalibrationEj
                0x00000f8a        0xa c:/winavr-20100110/bin/../lib/gcc/avr/4.3.3/../../../../avr/lib\libpololu_atmega168.a(OrangutanAnalog.o)
                0x00000f8a                OrangutanAnalog::setMillivoltCalibration(unsigned int)
 .text._ZN15OrangutanAnalog17readVCCMillivoltsEv
                0x00000f94       0x5c c:/winavr-20100110/bin/../lib/gcc/avr/4.3.3/../../../../avr/lib\libpololu_atmega168.a(OrangutanAnalog.o)
                0x00000f94                OrangutanAnalog::readVCCMillivolts()
 .text.read_vcc_millivolts
                0x00000ff0        0x6 c:/winavr-20100110/bin/../lib/gcc/avr/4.3.3/../../../../avr/lib\libpololu_atmega168.a(OrangutanAnalog.o)
                0x00000ff0                read_vcc_millivolts
 .text._ZN15OrangutanAnalog12toMillivoltsEj
                0x00000ff6       0x56 c:/winavr-20100110/bin/../lib/gcc/avr/4.3.3/../../../../avr/lib\libpololu_atmega168.a(OrangutanAnalog.o)
                0x00000ff6                OrangutanAnalog::toMillivolts(unsigned int)
 .text._ZN15OrangutanAnalog21readAverageMillivoltsEhj
                0x0000104c        0xa c:/winavr-20100110/bin/../lib/gcc/avr/4.3.3/../../../../avr/lib\libpololu_atmega168.a(OrangutanAnalog.o)
                0x0000104c                OrangutanAnalog::readAverageMillivolts(unsigned char, unsigned int)
 .text.analog_read_average_millivolts
                0x00001056        0x6 c:/winavr-20100110/bin/../lib/gcc/avr/4.3.3/../../../../avr/lib\libpololu_atmega168.a(OrangutanAnalog.o)
                0x00001056                analog_read_average_millivolts
 .text._ZN15OrangutanAnalog26conversionResultMillivoltsEv
                0x0000105c       0x22 c:/winavr-20100110/bin/../lib/gcc/avr/4.3.3/../../../../avr/lib\libpololu_atmega168.a(OrangutanAnalog.o)
                0x0000105c                OrangutanAnalog::conversionResultMillivolts()
 .text._ZN15OrangutanAnalog14readMillivoltsEh
                0x0000107e       0x14 c:/winavr-20100110/bin/../lib/gcc/avr/4.3.3/../../../../avr/lib\libpololu_atmega168.a(OrangutanAnalog.o)
                0x0000107e                OrangutanAnalog::readMillivolts(unsigned char)
 .text.analog_read_millivolts
                0x00001092        0x6 c:/winavr-20100110/bin/../lib/gcc/avr/4.3.3/../../../../avr/lib\libpololu_atmega168.a(OrangutanAnalog.o)
                0x00001092                analog_read_millivolts
 .text.analog_conversion_result_millivolts
                0x00001098        0x6 c:/winavr-20100110/bin/../lib/gcc/avr/4.3.3/../../../../avr/lib\libpololu_atmega168.a(OrangutanAnalog.o)
                0x00001098                analog_conversion_result_millivolts
 .text.read_trimpot_millivolts
                0x0000109e       0x10 c:/winavr-20100110/bin/../lib/gcc/avr/4.3.3/../../../../avr/lib\libpololu_atmega168.a(OrangutanAnalog.o)
                0x0000109e                read_trimpot_millivolts
 .text.to_millivolts
                0x000010ae        0x6 c:/winavr-20100110/bin/../lib/gcc/avr/4.3.3/../../../../avr/lib\libpololu_atmega168.a(OrangutanAnalog.o)
                0x000010ae                to_millivolts
 .text._ZN15OrangutanAnalog16readTemperatureFEv
                0x000010b4       0x56 c:/winavr-20100110/bin/../lib/gcc/avr/4.3.3/../../../../avr/lib\libpololu_atmega168.a(OrangutanAnalog.o)
                0x000010b4                OrangutanAnalog::readTemperatureF()
 .text.read_temperature_f
                0x0000110a        0x6 c:/winavr-20100110/bin/../lib/gcc/avr/4.3.3/../../../../avr/lib\libpololu_atmega168.a(OrangutanAnalog.o)
                0x0000110a                read_temperature_f
 .text._ZN15OrangutanAnalog16readTemperatureCEv
                0x00001110       0x58 c:/winavr-20100110/bin/../lib/gcc/avr/4.3.3/../../../../avr/lib\libpololu_atmega168.a(OrangutanAnalog.o)
                0x00001110                OrangutanAnalog::readTemperatureC()
 .text.read_temperature_c
                0x00001168        0x6 c:/winavr-20100110/bin/../lib/gcc/avr/4.3.3/../../../../avr/lib\libpololu_atmega168.a(OrangutanAnalog.o)
                0x00001168                read_temperature_c
 .text._ZN15OrangutanAnalog25readBatteryMillivolts_3piEv
                0x0000116e       0x4a c:/winavr-20100110/bin/../lib/gcc/avr/4.3.3/../../../../avr/lib\libpololu_atmega168.a(OrangutanAnalog.o)
                0x0000116e                OrangutanAnalog::readBatteryMillivolts_3pi()
 .text.read_battery_millivolts_3pi
                0x000011b8        0x6 c:/winavr-20100110/bin/../lib/gcc/avr/4.3.3/../../../../avr/lib\libpololu_atmega168.a(OrangutanAnalog.o)
                0x000011b8                read_battery_millivolts_3pi
 .text._ZN15OrangutanAnalog24readBatteryMillivolts_SVEv
                0x000011be       0x42 c:/winavr-20100110/bin/../lib/gcc/avr/4.3.3/../../../../avr/lib\libpololu_atmega168.a(OrangutanAnalog.o)
                0x000011be                OrangutanAnalog::readBatteryMillivolts_SV()
 .text.read_battery_millivolts_sv168
                0x00001200        0x6 c:/winavr-20100110/bin/../lib/gcc/avr/4.3.3/../../../../avr/lib\libpololu_atmega168.a(OrangutanAnalog.o)
                0x00001200                read_battery_millivolts_sv168
 .text.read_battery_millivolts_sv
                0x00001206        0x6 c:/winavr-20100110/bin/../lib/gcc/avr/4.3.3/../../../../avr/lib\libpololu_atmega168.a(OrangutanAnalog.o)
                0x00001206                read_battery_millivolts_sv
 .text._ZN15OrangutanBuzzerC2Ev
                0x0000120c        0x2 c:/winavr-20100110/bin/../lib/gcc/avr/4.3.3/../../../../avr/lib\libpololu_atmega168.a(OrangutanBuzzer.o)
                0x0000120c                OrangutanBuzzer::OrangutanBuzzer()
 .text._ZN15OrangutanBuzzerC1Ev
                0x0000120e        0x2 c:/winavr-20100110/bin/../lib/gcc/avr/4.3.3/../../../../avr/lib\libpololu_atmega168.a(OrangutanBuzzer.o)
                0x0000120e                OrangutanBuzzer::OrangutanBuzzer()
 .text.is_playing
                0x00001210       0x1c c:/winavr-20100110/bin/../lib/gcc/avr/4.3.3/../../../../avr/lib\libpololu_atmega168.a(OrangutanBuzzer.o)
                0x00001210                is_playing
 .text._ZN15OrangutanBuzzer5init2Ev
                0x0000122c       0x2e c:/winavr-20100110/bin/../lib/gcc/avr/4.3.3/../../../../avr/lib\libpololu_atmega168.a(OrangutanBuzzer.o)
                0x0000122c                OrangutanBuzzer::init2()
 .text._ZN15OrangutanBuzzer13playFrequencyEjjh
                0x0000125a      0x16a c:/winavr-20100110/bin/../lib/gcc/avr/4.3.3/../../../../avr/lib\libpololu_atmega168.a(OrangutanBuzzer.o)
                0x0000125a                OrangutanBuzzer::playFrequency(unsigned int, unsigned int, unsigned char)
 .text.play_frequency
                0x000013c4        0x6 c:/winavr-20100110/bin/../lib/gcc/avr/4.3.3/../../../../avr/lib\libpololu_atmega168.a(OrangutanBuzzer.o)
                0x000013c4                play_frequency
 .text._ZN15OrangutanBuzzer8playNoteEhjh
                0x000013ca       0xf0 c:/winavr-20100110/bin/../lib/gcc/avr/4.3.3/../../../../avr/lib\libpololu_atmega168.a(OrangutanBuzzer.o)
                0x000013ca                OrangutanBuzzer::playNote(unsigned char, unsigned int, unsigned char)
 .text.play_note
                0x000014ba        0x6 c:/winavr-20100110/bin/../lib/gcc/avr/4.3.3/../../../../avr/lib\libpololu_atmega168.a(OrangutanBuzzer.o)
                0x000014ba                play_note
 .text._ZN15OrangutanBuzzer9isPlayingEv
                0x000014c0       0x1c c:/winavr-20100110/bin/../lib/gcc/avr/4.3.3/../../../../avr/lib\libpololu_atmega168.a(OrangutanBuzzer.o)
                0x000014c0                OrangutanBuzzer::isPlaying()
 .text._ZN15OrangutanBuzzer11stopPlayingEv
                0x000014dc       0x34 c:/winavr-20100110/bin/../lib/gcc/avr/4.3.3/../../../../avr/lib\libpololu_atmega168.a(OrangutanBuzzer.o)
                0x000014dc                OrangutanBuzzer::stopPlaying()
 .text.stop_playing
                0x00001510        0x6 c:/winavr-20100110/bin/../lib/gcc/avr/4.3.3/../../../../avr/lib\libpololu_atmega168.a(OrangutanBuzzer.o)
                0x00001510                stop_playing
 .text._ZL16currentCharacterv
                0x00001516       0x3e c:/winavr-20100110/bin/../lib/gcc/avr/4.3.3/../../../../avr/lib\libpololu_atmega168.a(OrangutanBuzzer.o)
 .text._ZL9getNumberv
                0x00001554       0x5a c:/winavr-20100110/bin/../lib/gcc/avr/4.3.3/../../../../avr/lib\libpololu_atmega168.a(OrangutanBuzzer.o)
 .text._ZL8nextNotev
                0x000015ae      0x3f6 c:/winavr-20100110/bin/../lib/gcc/avr/4.3.3/../../../../avr/lib\libpololu_atmega168.a(OrangutanBuzzer.o)
 .text._ZN15OrangutanBuzzer20playFromProgramSpaceEPKc
                0x000019a4       0x1c c:/winavr-20100110/bin/../lib/gcc/avr/4.3.3/../../../../avr/lib\libpololu_atmega168.a(OrangutanBuzzer.o)
                0x000019a4                OrangutanBuzzer::playFromProgramSpace(char const*)
 .text.play_from_program_space
                0x000019c0        0x6 c:/winavr-20100110/bin/../lib/gcc/avr/4.3.3/../../../../avr/lib\libpololu_atmega168.a(OrangutanBuzzer.o)
                0x000019c0                play_from_program_space
 .text._ZN15OrangutanBuzzer4playEPKc
                0x000019c6       0x1a c:/winavr-20100110/bin/../lib/gcc/avr/4.3.3/../../../../avr/lib\libpololu_atmega168.a(OrangutanBuzzer.o)
                0x000019c6                OrangutanBuzzer::play(char const*)
 .text.play     0x000019e0        0x6 c:/winavr-20100110/bin/../lib/gcc/avr/4.3.3/../../../../avr/lib\libpololu_atmega168.a(OrangutanBuzzer.o)
                0x000019e0                play
 .text.__vector_13
                0x000019e6       0x9e c:/winavr-20100110/bin/../lib/gcc/avr/4.3.3/../../../../avr/lib\libpololu_atmega168.a(OrangutanBuzzer.o)
                0x000019e6                __vector_13
 .text._ZN15OrangutanBuzzer9playCheckEv
                0x00001a84       0x36 c:/winavr-20100110/bin/../lib/gcc/avr/4.3.3/../../../../avr/lib\libpololu_atmega168.a(OrangutanBuzzer.o)
                0x00001a84                OrangutanBuzzer::playCheck()
 .text._ZN15OrangutanBuzzer8playModeEh
                0x00001aba        0xe c:/winavr-20100110/bin/../lib/gcc/avr/4.3.3/../../../../avr/lib\libpololu_atmega168.a(OrangutanBuzzer.o)
                0x00001aba                OrangutanBuzzer::playMode(unsigned char)
 .text.play_mode
                0x00001ac8        0x6 c:/winavr-20100110/bin/../lib/gcc/avr/4.3.3/../../../../avr/lib\libpololu_atmega168.a(OrangutanBuzzer.o)
                0x00001ac8                play_mode
 .text.play_check
                0x00001ace        0x6 c:/winavr-20100110/bin/../lib/gcc/avr/4.3.3/../../../../avr/lib\libpololu_atmega168.a(OrangutanBuzzer.o)
                0x00001ace                play_check
 .text._ZN12OrangutanLCDC2Ev
                0x00001ad4        0x2 c:/winavr-20100110/bin/../lib/gcc/avr/4.3.3/../../../../avr/lib\libpololu_atmega168.a(OrangutanLCD.o)
                0x00001ad4                OrangutanLCD::OrangutanLCD()
 .text._ZN12OrangutanLCDC1Ev
                0x00001ad6        0x2 c:/winavr-20100110/bin/../lib/gcc/avr/4.3.3/../../../../avr/lib\libpololu_atmega168.a(OrangutanLCD.o)
                0x00001ad6                OrangutanLCD::OrangutanLCD()
 .text.void_getchar
                0x00001ad8        0x6 c:/winavr-20100110/bin/../lib/gcc/avr/4.3.3/../../../../avr/lib\libpololu_atmega168.a(OrangutanLCD.o)
                0x00001ad8                void_getchar
 .text._ZN12OrangutanLCD8busyWaitEv
                0x00001ade       0x98 c:/winavr-20100110/bin/../lib/gcc/avr/4.3.3/../../../../avr/lib\libpololu_atmega168.a(OrangutanLCD.o)
                0x00001ade                OrangutanLCD::busyWait()
 .text._ZN12OrangutanLCD8sendDataEh
                0x00001b76       0x64 c:/winavr-20100110/bin/../lib/gcc/avr/4.3.3/../../../../avr/lib\libpololu_atmega168.a(OrangutanLCD.o)
                0x00001b76                OrangutanLCD::sendData(unsigned char)
 .text._ZN12OrangutanLCD10initPrintfEv
                0x00001bda       0x8a c:/winavr-20100110/bin/../lib/gcc/avr/4.3.3/../../../../avr/lib\libpololu_atmega168.a(OrangutanLCD.o)
                0x00001bda                OrangutanLCD::initPrintf()
 .text._ZN12OrangutanLCD10initPrintfEhh
                0x00001c64        0xe c:/winavr-20100110/bin/../lib/gcc/avr/4.3.3/../../../../avr/lib\libpololu_atmega168.a(OrangutanLCD.o)
                0x00001c64                OrangutanLCD::initPrintf(unsigned char, unsigned char)
 .text.lcd_init_printf_with_dimensions
                0x00001c72        0xe c:/winavr-20100110/bin/../lib/gcc/avr/4.3.3/../../../../avr/lib\libpololu_atmega168.a(OrangutanLCD.o)
                0x00001c72                lcd_init_printf_with_dimensions
 .text.lcd_init_printf
                0x00001c80        0x6 c:/winavr-20100110/bin/../lib/gcc/avr/4.3.3/../../../../avr/lib\libpololu_atmega168.a(OrangutanLCD.o)
                0x00001c80                lcd_init_printf
 .text._ZN12OrangutanLCD5init2Ev
                0x00001c86       0x7e c:/winavr-20100110/bin/../lib/gcc/avr/4.3.3/../../../../avr/lib\libpololu_atmega168.a(OrangutanLCD.o)
                0x00001c86                OrangutanLCD::init2()
 .text._ZN12OrangutanLCD4initEv
                0x00001d04       0x14 c:/winavr-20100110/bin/../lib/gcc/avr/4.3.3/../../../../avr/lib\libpololu_atmega168.a(OrangutanLCD.o)
                0x00001d04                OrangutanLCD::init()
 .text._ZN12OrangutanLCD4sendEhhh
                0x00001d18       0x68 c:/winavr-20100110/bin/../lib/gcc/avr/4.3.3/../../../../avr/lib\libpololu_atmega168.a(OrangutanLCD.o)
                0x00001d18                OrangutanLCD::send(unsigned char, unsigned char, unsigned char)
 .text._ZN12OrangutanLCD8send_cmdEh
                0x00001d80        0xa c:/winavr-20100110/bin/../lib/gcc/avr/4.3.3/../../../../avr/lib\libpololu_atmega168.a(OrangutanLCD.o)
                0x00001d80                OrangutanLCD::send_cmd(unsigned char)
 .text._ZN12OrangutanLCD10moveCursorEhh
                0x00001d8a       0x24 c:/winavr-20100110/bin/../lib/gcc/avr/4.3.3/../../../../avr/lib\libpololu_atmega168.a(OrangutanLCD.o)
                0x00001d8a                OrangutanLCD::moveCursor(unsigned char, unsigned char)
 .text.lcd_move_cursor
                0x00001dae        0x6 c:/winavr-20100110/bin/../lib/gcc/avr/4.3.3/../../../../avr/lib\libpololu_atmega168.a(OrangutanLCD.o)
                0x00001dae                lcd_move_cursor
 .text._ZN12OrangutanLCD10hideCursorEv
                0x00001db4        0x8 c:/winavr-20100110/bin/../lib/gcc/avr/4.3.3/../../../../avr/lib\libpololu_atmega168.a(OrangutanLCD.o)
                0x00001db4                OrangutanLCD::hideCursor()
 .text.lcd_hide_cursor
                0x00001dbc        0x6 c:/winavr-20100110/bin/../lib/gcc/avr/4.3.3/../../../../avr/lib\libpololu_atmega168.a(OrangutanLCD.o)
                0x00001dbc                lcd_hide_cursor
 .text._ZN12OrangutanLCD10showCursorEh
                0x00001dc2       0x10 c:/winavr-20100110/bin/../lib/gcc/avr/4.3.3/../../../../avr/lib\libpololu_atmega168.a(OrangutanLCD.o)
                0x00001dc2                OrangutanLCD::showCursor(unsigned char)
 .text.lcd_show_cursor
                0x00001dd2        0x6 c:/winavr-20100110/bin/../lib/gcc/avr/4.3.3/../../../../avr/lib\libpololu_atmega168.a(OrangutanLCD.o)
                0x00001dd2                lcd_show_cursor
 .text._ZN12OrangutanLCD6gotoXYEhh
                0x00001dd8       0x3e c:/winavr-20100110/bin/../lib/gcc/avr/4.3.3/../../../../avr/lib\libpololu_atmega168.a(OrangutanLCD.o)
                0x00001dd8                OrangutanLCD::gotoXY(unsigned char, unsigned char)
 .text.lcd_goto_xy
                0x00001e16        0x6 c:/winavr-20100110/bin/../lib/gcc/avr/4.3.3/../../../../avr/lib\libpololu_atmega168.a(OrangutanLCD.o)
                0x00001e16                lcd_goto_xy
 .text._ZN12OrangutanLCD5clearEv
                0x00001e1c       0x5a c:/winavr-20100110/bin/../lib/gcc/avr/4.3.3/../../../../avr/lib\libpololu_atmega168.a(OrangutanLCD.o)
                0x00001e1c                OrangutanLCD::clear()
 .text.clear    0x00001e76        0x6 c:/winavr-20100110/bin/../lib/gcc/avr/4.3.3/../../../../avr/lib\libpololu_atmega168.a(OrangutanLCD.o)
                0x00001e76                clear
 .text._ZN12OrangutanLCD9send_dataEh
                0x00001e7c        0xa c:/winavr-20100110/bin/../lib/gcc/avr/4.3.3/../../../../avr/lib\libpololu_atmega168.a(OrangutanLCD.o)
                0x00001e7c                OrangutanLCD::send_data(unsigned char)
 .text._ZN12OrangutanLCD11printBinaryEh
                0x00001e86       0x3a c:/winavr-20100110/bin/../lib/gcc/avr/4.3.3/../../../../avr/lib\libpololu_atmega168.a(OrangutanLCD.o)
                0x00001e86                OrangutanLCD::printBinary(unsigned char)
 .text.print_binary
                0x00001ec0        0x6 c:/winavr-20100110/bin/../lib/gcc/avr/4.3.3/../../../../avr/lib\libpololu_atmega168.a(OrangutanLCD.o)
                0x00001ec0                print_binary
 .text._ZN12OrangutanLCD14printHexNibbleEh
                0x00001ec6       0x10 c:/winavr-20100110/bin/../lib/gcc/avr/4.3.3/../../../../avr/lib\libpololu_atmega168.a(OrangutanLCD.o)
                0x00001ec6                OrangutanLCD::printHexNibble(unsigned char)
 .text._ZN12OrangutanLCD8printHexEh
                0x00001ed6       0x18 c:/winavr-20100110/bin/../lib/gcc/avr/4.3.3/../../../../avr/lib\libpololu_atmega168.a(OrangutanLCD.o)
                0x00001ed6                OrangutanLCD::printHex(unsigned char)
 .text._ZN12OrangutanLCD8printHexEj
                0x00001eee       0x14 c:/winavr-20100110/bin/../lib/gcc/avr/4.3.3/../../../../avr/lib\libpololu_atmega168.a(OrangutanLCD.o)
                0x00001eee                OrangutanLCD::printHex(unsigned int)
 .text.print_hex
                0x00001f02        0x6 c:/winavr-20100110/bin/../lib/gcc/avr/4.3.3/../../../../avr/lib\libpololu_atmega168.a(OrangutanLCD.o)
                0x00001f02                print_hex
 .text.print_hex_byte
                0x00001f08        0x6 c:/winavr-20100110/bin/../lib/gcc/avr/4.3.3/../../../../avr/lib\libpololu_atmega168.a(OrangutanLCD.o)
                0x00001f08                print_hex_byte
 .text._ZN12OrangutanLCD5printEm
                0x00001f0e       0xc0 c:/winavr-20100110/bin/../lib/gcc/avr/4.3.3/../../../../avr/lib\libpololu_atmega168.a(OrangutanLCD.o)
                0x00001f0e                OrangutanLCD::print(unsigned long)
 .text.print_unsigned_long
                0x00001fce        0x6 c:/winavr-20100110/bin/../lib/gcc/avr/4.3.3/../../../../avr/lib\libpololu_atmega168.a(OrangutanLCD.o)
                0x00001fce                print_unsigned_long
 .text._ZN12OrangutanLCD5printEl
                0x00001fd4       0x38 c:/winavr-20100110/bin/../lib/gcc/avr/4.3.3/../../../../avr/lib\libpololu_atmega168.a(OrangutanLCD.o)
                0x00001fd4                OrangutanLCD::print(long)
 .text.print_long
                0x0000200c        0x6 c:/winavr-20100110/bin/../lib/gcc/avr/4.3.3/../../../../avr/lib\libpololu_atmega168.a(OrangutanLCD.o)
                0x0000200c                print_long
 .text._ZN12OrangutanLCD21printFromProgramSpaceEPKc
                0x00002012       0x1c c:/winavr-20100110/bin/../lib/gcc/avr/4.3.3/../../../../avr/lib\libpololu_atmega168.a(OrangutanLCD.o)
                0x00002012                OrangutanLCD::printFromProgramSpace(char const*)
 .text.print_from_program_space
                0x0000202e        0x6 c:/winavr-20100110/bin/../lib/gcc/avr/4.3.3/../../../../avr/lib\libpololu_atmega168.a(OrangutanLCD.o)
                0x0000202e                print_from_program_space
 .text._ZN12OrangutanLCD5printEPKc
                0x00002034       0x1a c:/winavr-20100110/bin/../lib/gcc/avr/4.3.3/../../../../avr/lib\libpololu_atmega168.a(OrangutanLCD.o)
                0x00002034                OrangutanLCD::print(char const*)
 .text.print    0x0000204e        0x6 c:/winavr-20100110/bin/../lib/gcc/avr/4.3.3/../../../../avr/lib\libpololu_atmega168.a(OrangutanLCD.o)
                0x0000204e                print
 .text._ZN12OrangutanLCD5printEc
                0x00002054        0x6 c:/winavr-20100110/bin/../lib/gcc/avr/4.3.3/../../../../avr/lib\libpololu_atmega168.a(OrangutanLCD.o)
                0x00002054                OrangutanLCD::print(char)
 .text.print_character
                0x0000205a        0x6 c:/winavr-20100110/bin/../lib/gcc/avr/4.3.3/../../../../avr/lib\libpololu_atmega168.a(OrangutanLCD.o)
                0x0000205a                print_character
 .text.lcd_putchar
                0x00002060      0x23a c:/winavr-20100110/bin/../lib/gcc/avr/4.3.3/../../../../avr/lib\libpololu_atmega168.a(OrangutanLCD.o)
                0x00002060                lcd_putchar
 .text._ZN12OrangutanLCD19loadCustomCharacterEPKch
                0x0000229a       0x4c c:/winavr-20100110/bin/../lib/gcc/avr/4.3.3/../../../../avr/lib\libpololu_atmega168.a(OrangutanLCD.o)
                0x0000229a                OrangutanLCD::loadCustomCharacter(char const*, unsigned char)
 .text.lcd_load_custom_character
                0x000022e6        0x6 c:/winavr-20100110/bin/../lib/gcc/avr/4.3.3/../../../../avr/lib\libpololu_atmega168.a(OrangutanLCD.o)
                0x000022e6                lcd_load_custom_character
 .text._ZN12OrangutanLCD13send_4bit_cmdEh
                0x000022ec        0xa c:/winavr-20100110/bin/../lib/gcc/avr/4.3.3/../../../../avr/lib\libpololu_atmega168.a(OrangutanLCD.o)
                0x000022ec                OrangutanLCD::send_4bit_cmd(unsigned char)
 .text._ZN12OrangutanLCD6scrollEhhj
                0x000022f6       0x34 c:/winavr-20100110/bin/../lib/gcc/avr/4.3.3/../../../../avr/lib\libpololu_atmega168.a(OrangutanLCD.o)
                0x000022f6                OrangutanLCD::scroll(unsigned char, unsigned char, unsigned int)
 .text.lcd_scroll
                0x0000232a        0x6 c:/winavr-20100110/bin/../lib/gcc/avr/4.3.3/../../../../avr/lib\libpololu_atmega168.a(OrangutanLCD.o)
                0x0000232a                lcd_scroll
 .text._ZN16OrangutanDigital9setOutputEhh
                0x00002330       0x98 c:/winavr-20100110/bin/../lib/gcc/avr/4.3.3/../../../../avr/lib\libpololu_atmega168.a(OrangutanMotors.o)
                0x00002330                OrangutanDigital::setOutput(unsigned char, unsigned char)
 .text._ZN15OrangutanMotorsC2Ev
                0x000023c8        0x2 c:/winavr-20100110/bin/../lib/gcc/avr/4.3.3/../../../../avr/lib\libpololu_atmega168.a(OrangutanMotors.o)
                0x000023c8                OrangutanMotors::OrangutanMotors()
 .text._ZN15OrangutanMotorsC1Ev
                0x000023ca        0x2 c:/winavr-20100110/bin/../lib/gcc/avr/4.3.3/../../../../avr/lib\libpololu_atmega168.a(OrangutanMotors.o)
                0x000023ca                OrangutanMotors::OrangutanMotors()
 .text._ZN15OrangutanMotors5init2Ev
                0x000023cc       0x50 c:/winavr-20100110/bin/../lib/gcc/avr/4.3.3/../../../../avr/lib\libpololu_atmega168.a(OrangutanMotors.o)
                0x000023cc                OrangutanMotors::init2()
 .text._ZN15OrangutanMotors4initEv
                0x0000241c       0x14 c:/winavr-20100110/bin/../lib/gcc/avr/4.3.3/../../../../avr/lib\libpololu_atmega168.a(OrangutanMotors.o)
                0x0000241c                OrangutanMotors::init()
 .text._ZN15OrangutanMotors10setM1SpeedEi
                0x00002430       0x3c c:/winavr-20100110/bin/../lib/gcc/avr/4.3.3/../../../../avr/lib\libpololu_atmega168.a(OrangutanMotors.o)
                0x00002430                OrangutanMotors::setM1Speed(int)
 .text.set_m1_speed
                0x0000246c        0x6 c:/winavr-20100110/bin/../lib/gcc/avr/4.3.3/../../../../avr/lib\libpololu_atmega168.a(OrangutanMotors.o)
                0x0000246c                set_m1_speed
 .text._ZN15OrangutanMotors10setM2SpeedEi
                0x00002472       0x44 c:/winavr-20100110/bin/../lib/gcc/avr/4.3.3/../../../../avr/lib\libpololu_atmega168.a(OrangutanMotors.o)
                0x00002472                OrangutanMotors::setM2Speed(int)
 .text.set_m2_speed
                0x000024b6        0x6 c:/winavr-20100110/bin/../lib/gcc/avr/4.3.3/../../../../avr/lib\libpololu_atmega168.a(OrangutanMotors.o)
                0x000024b6                set_m2_speed
 .text._ZN15OrangutanMotors9setSpeedsEii
                0x000024bc       0x16 c:/winavr-20100110/bin/../lib/gcc/avr/4.3.3/../../../../avr/lib\libpololu_atmega168.a(OrangutanMotors.o)
                0x000024bc                OrangutanMotors::setSpeeds(int, int)
 .text.set_motors
                0x000024d2        0x6 c:/winavr-20100110/bin/../lib/gcc/avr/4.3.3/../../../../avr/lib\libpololu_atmega168.a(OrangutanMotors.o)
                0x000024d2                set_motors
 .text._ZN20OrangutanPushbuttonsC2Ev
                0x000024d8        0x2 c:/winavr-20100110/bin/../lib/gcc/avr/4.3.3/../../../../avr/lib\libpololu_atmega168.a(OrangutanPushbuttons.o)
                0x000024d8                OrangutanPushbuttons::OrangutanPushbuttons()
 .text._ZN20OrangutanPushbuttonsC1Ev
                0x000024da        0x2 c:/winavr-20100110/bin/../lib/gcc/avr/4.3.3/../../../../avr/lib\libpololu_atmega168.a(OrangutanPushbuttons.o)
                0x000024da                OrangutanPushbuttons::OrangutanPushbuttons()
 .text._ZN20OrangutanPushbuttons4initEv
                0x000024dc       0x2e c:/winavr-20100110/bin/../lib/gcc/avr/4.3.3/../../../../avr/lib\libpololu_atmega168.a(OrangutanPushbuttons.o)
                0x000024dc                OrangutanPushbuttons::init()
 .text._ZN20OrangutanPushbuttons5init2Ev
                0x0000250a       0x20 c:/winavr-20100110/bin/../lib/gcc/avr/4.3.3/../../../../avr/lib\libpololu_atmega168.a(OrangutanPushbuttons.o)
                0x0000250a                OrangutanPushbuttons::init2()
 .text._ZN20OrangutanPushbuttons9isPressedEh
                0x0000252a       0x12 c:/winavr-20100110/bin/../lib/gcc/avr/4.3.3/../../../../avr/lib\libpololu_atmega168.a(OrangutanPushbuttons.o)
                0x0000252a                OrangutanPushbuttons::isPressed(unsigned char)
 .text.button_is_pressed
                0x0000253c        0x6 c:/winavr-20100110/bin/../lib/gcc/avr/4.3.3/../../../../avr/lib\libpololu_atmega168.a(OrangutanPushbuttons.o)
                0x0000253c                button_is_pressed
 .text._ZN20OrangutanPushbuttons25getSingleDebouncedReleaseEh
                0x00002542      0x15a c:/winavr-20100110/bin/../lib/gcc/avr/4.3.3/../../../../avr/lib\libpololu_atmega168.a(OrangutanPushbuttons.o)
                0x00002542                OrangutanPushbuttons::getSingleDebouncedRelease(unsigned char)
 .text.get_single_debounced_button_release
                0x0000269c        0x6 c:/winavr-20100110/bin/../lib/gcc/avr/4.3.3/../../../../avr/lib\libpololu_atmega168.a(OrangutanPushbuttons.o)
                0x0000269c                get_single_debounced_button_release
 .text._ZN20OrangutanPushbuttons23getSingleDebouncedPressEh
                0x000026a2      0x15c c:/winavr-20100110/bin/../lib/gcc/avr/4.3.3/../../../../avr/lib\libpololu_atmega168.a(OrangutanPushbuttons.o)
                0x000026a2                OrangutanPushbuttons::getSingleDebouncedPress(unsigned char)
 .text.get_single_debounced_button_press
                0x000027fe        0x6 c:/winavr-20100110/bin/../lib/gcc/avr/4.3.3/../../../../avr/lib\libpololu_atmega168.a(OrangutanPushbuttons.o)
                0x000027fe                get_single_debounced_button_press
 .text._ZN20OrangutanPushbuttons14waitForReleaseEh
                0x00002804       0x3c c:/winavr-20100110/bin/../lib/gcc/avr/4.3.3/../../../../avr/lib\libpololu_atmega168.a(OrangutanPushbuttons.o)
                0x00002804                OrangutanPushbuttons::waitForRelease(unsigned char)
 .text.wait_for_button_release
                0x00002840        0x6 c:/winavr-20100110/bin/../lib/gcc/avr/4.3.3/../../../../avr/lib\libpololu_atmega168.a(OrangutanPushbuttons.o)
                0x00002840                wait_for_button_release
 .text._ZN20OrangutanPushbuttons12waitForPressEh
                0x00002846       0x46 c:/winavr-20100110/bin/../lib/gcc/avr/4.3.3/../../../../avr/lib\libpololu_atmega168.a(OrangutanPushbuttons.o)
                0x00002846                OrangutanPushbuttons::waitForPress(unsigned char)
 .text._ZN20OrangutanPushbuttons13waitForButtonEh
                0x0000288c       0x12 c:/winavr-20100110/bin/../lib/gcc/avr/4.3.3/../../../../avr/lib\libpololu_atmega168.a(OrangutanPushbuttons.o)
                0x0000288c                OrangutanPushbuttons::waitForButton(unsigned char)
 .text.wait_for_button
                0x0000289e        0x6 c:/winavr-20100110/bin/../lib/gcc/avr/4.3.3/../../../../avr/lib\libpololu_atmega168.a(OrangutanPushbuttons.o)
                0x0000289e                wait_for_button
 .text.wait_for_button_press
                0x000028a4        0x6 c:/winavr-20100110/bin/../lib/gcc/avr/4.3.3/../../../../avr/lib\libpololu_atmega168.a(OrangutanPushbuttons.o)
                0x000028a4                wait_for_button_press
 .text._ZN18OrangutanResourcesC2Ev
                0x000028aa        0x2 c:/winavr-20100110/bin/../lib/gcc/avr/4.3.3/../../../../avr/lib\libpololu_atmega168.a(OrangutanResources.o)
                0x000028aa                OrangutanResources::OrangutanResources()
 .text._ZN18OrangutanResourcesC1Ev
                0x000028ac        0x2 c:/winavr-20100110/bin/../lib/gcc/avr/4.3.3/../../../../avr/lib\libpololu_atmega168.a(OrangutanResources.o)
                0x000028ac                OrangutanResources::OrangutanResources()
 .text._ZN18OrangutanResources10getFreeRAMEv
                0x000028ae       0x38 c:/winavr-20100110/bin/../lib/gcc/avr/4.3.3/../../../../avr/lib\libpololu_atmega168.a(OrangutanResources.o)
                0x000028ae                OrangutanResources::getFreeRAM()
 .text.get_free_ram
                0x000028e6        0x6 c:/winavr-20100110/bin/../lib/gcc/avr/4.3.3/../../../../avr/lib\libpololu_atmega168.a(OrangutanResources.o)
                0x000028e6                get_free_ram
 .text.__vector_9
                0x000028ec       0x74 c:/winavr-20100110/bin/../lib/gcc/avr/4.3.3/../../../../avr/lib\libpololu_atmega168.a(OrangutanTime.o)
                0x000028ec                __vector_9
 .text.delay_ms
                0x00002960       0x1e c:/winavr-20100110/bin/../lib/gcc/avr/4.3.3/../../../../avr/lib\libpololu_atmega168.a(OrangutanTime.o)
                0x00002960                delay_ms
 .text._ZN13OrangutanTime19ticksToMicrosecondsEm
                0x0000297e       0x22 c:/winavr-20100110/bin/../lib/gcc/avr/4.3.3/../../../../avr/lib\libpololu_atmega168.a(OrangutanTime.o)
                0x0000297e                OrangutanTime::ticksToMicroseconds(unsigned long)
 .text.ticks_to_microseconds
                0x000029a0        0x6 c:/winavr-20100110/bin/../lib/gcc/avr/4.3.3/../../../../avr/lib\libpololu_atmega168.a(OrangutanTime.o)
                0x000029a0                ticks_to_microseconds
 .text._ZN13OrangutanTime17delayMillisecondsEj
                0x000029a6       0x1e c:/winavr-20100110/bin/../lib/gcc/avr/4.3.3/../../../../avr/lib\libpololu_atmega168.a(OrangutanTime.o)
                0x000029a6                OrangutanTime::delayMilliseconds(unsigned int)
 .text._ZN13OrangutanTime5init2Ev
                0x000029c4       0x30 c:/winavr-20100110/bin/../lib/gcc/avr/4.3.3/../../../../avr/lib\libpololu_atmega168.a(OrangutanTime.o)
                0x000029c4                OrangutanTime::init2()
 .text._ZN13OrangutanTime4initEv
                0x000029f4       0x14 c:/winavr-20100110/bin/../lib/gcc/avr/4.3.3/../../../../avr/lib\libpololu_atmega168.a(OrangutanTime.o)
                0x000029f4                OrangutanTime::init()
 .text._ZN13OrangutanTime2msEv
                0x00002a08       0x2a c:/winavr-20100110/bin/../lib/gcc/avr/4.3.3/../../../../avr/lib\libpololu_atmega168.a(OrangutanTime.o)
                0x00002a08                OrangutanTime::ms()
 .text.get_ms   0x00002a32        0x6 c:/winavr-20100110/bin/../lib/gcc/avr/4.3.3/../../../../avr/lib\libpololu_atmega168.a(OrangutanTime.o)
                0x00002a32                get_ms
 .text._ZN13OrangutanTime5ticksEv
                0x00002a38       0x6a c:/winavr-20100110/bin/../lib/gcc/avr/4.3.3/../../../../avr/lib\libpololu_atmega168.a(OrangutanTime.o)
                0x00002a38                OrangutanTime::ticks()
 .text.get_ticks
                0x00002aa2        0x6 c:/winavr-20100110/bin/../lib/gcc/avr/4.3.3/../../../../avr/lib\libpololu_atmega168.a(OrangutanTime.o)
                0x00002aa2                get_ticks
 .text._ZN13OrangutanTime5resetEv
                0x00002aa8       0x2e c:/winavr-20100110/bin/../lib/gcc/avr/4.3.3/../../../../avr/lib\libpololu_atmega168.a(OrangutanTime.o)
                0x00002aa8                OrangutanTime::reset()
 .text.time_reset
                0x00002ad6        0x6 c:/winavr-20100110/bin/../lib/gcc/avr/4.3.3/../../../../avr/lib\libpololu_atmega168.a(OrangutanTime.o)
                0x00002ad6                time_reset
 .text.libgcc   0x00002adc       0x3e c:/winavr-20100110/bin/../lib/gcc/avr/4.3.3/avr5\libgcc.a(_mulsi3.o)
                0x00002adc                __mulsi3
 .text.libgcc   0x00002b1a       0x18 c:/winavr-20100110/bin/../lib/gcc/avr/4.3.3/avr5\libgcc.a(_udivmodqi4.o)
                0x00002b1a                __udivmodqi4
 .text.libgcc   0x00002b32       0x28 c:/winavr-20100110/bin/../lib/gcc/avr/4.3.3/avr5\libgcc.a(_udivmodhi4.o)
                0x00002b32                __udivmodhi4
 .text.libgcc   0x00002b5a       0x26 c:/winavr-20100110/bin/../lib/gcc/avr/4.3.3/avr5\libgcc.a(_divmodhi4.o)
                0x00002b5a                __divmodhi4
                0x00002b5a                _div
 .text.libgcc   0x00002b80       0x44 c:/winavr-20100110/bin/../lib/gcc/avr/4.3.3/avr5\libgcc.a(_udivmodsi4.o)
                0x00002b80                __udivmodsi4
 .text.libgcc   0x00002bc4       0x36 c:/winavr-20100110/bin/../lib/gcc/avr/4.3.3/avr5\libgcc.a(_divmodsi4.o)
                0x00002bc4                __divmodsi4
 .text.libgcc   0x00002bfa       0x38 c:/winavr-20100110/bin/../lib/gcc/avr/4.3.3/avr5\libgcc.a(_prologue.o)
                0x00002bfa                __prologue_saves__
 .text.libgcc   0x00002c32       0x36 c:/winavr-20100110/bin/../lib/gcc/avr/4.3.3/avr5\libgcc.a(_epilogue.o)
                0x00002c32                __epilogue_restores__
 .text.libgcc   0x00002c68        0x0 c:/winavr-20100110/bin/../lib/gcc/avr/4.3.3/avr5\libgcc.a(_exit.o)
 .text.libgcc   0x00002c68        0xc c:/winavr-20100110/bin/../lib/gcc/avr/4.3.3/avr5\libgcc.a(_tablejump.o)
                0x00002c6c                __tablejump__
                0x00002c68                __tablejump2__
 .text.libgcc   0x00002c74        0x0 c:/winavr-20100110/bin/../lib/gcc/avr/4.3.3/avr5\libgcc.a(_copy_data.o)
 .text.libgcc   0x00002c74        0x0 c:/winavr-20100110/bin/../lib/gcc/avr/4.3.3/avr5\libgcc.a(_clear_bss.o)
 .text.avr-libc
                0x00002c74      0x20a c:/winavr-20100110/bin/../lib/gcc/avr/4.3.3/../../../../avr/lib/avr5\libc.a(malloc.o)
                0x00002c74                malloc
                0x00002dce                free
 .text.avr-libc
                0x00002e7e       0x98 c:/winavr-20100110/bin/../lib/gcc/avr/4.3.3/../../../../avr/lib/avr5\libc.a(fdevopen.o)
                0x00002e7e                fdevopen
 .text.avr-libc
                0x00002f16       0x38 c:/winavr-20100110/bin/../lib/gcc/avr/4.3.3/../../../../avr/lib/avr5\libc.a(calloc.o)
                0x00002f16                calloc
 .text.avr-libc
                0x00002f4e        0xe c:/winavr-20100110/bin/../lib/gcc/avr/4.3.3/../../../../avr/lib/avr5\libc.a(memset.o)
                0x00002f4e                memset
                0x00002f5c                . = ALIGN (0x2)
 *(.fini9)
 .fini9         0x00002f5c        0x0 c:/winavr-20100110/bin/../lib/gcc/avr/4.3.3/avr5\libgcc.a(_exit.o)
                0x00002f5c                exit
                0x00002f5c                _exit
 *(.fini9)
 *(.fini8)
 *(.fini8)
 *(.fini7)
 *(.fini7)
 *(.fini6)
 *(.fini6)
 *(.fini5)
 *(.fini5)
 *(.fini4)
 *(.fini4)
 *(.fini3)
 *(.fini3)
 *(.fini2)
 *(.fini2)
 *(.fini1)
 *(.fini1)
 *(.fini0)
 .fini0         0x00002f5c        0x4 c:/winavr-20100110/bin/../lib/gcc/avr/4.3.3/avr5\libgcc.a(_exit.o)
 *(.fini0)
                0x00002f60                _etext = .

.data           0x00800100      0x14e load address 0x00002f60
                0x00800100                PROVIDE (__data_start, .)
 *(.data)
 .data          0x00800100        0x0 c:/winavr-20100110/bin/../lib/gcc/avr/4.3.3/../../../../avr/lib/avr5/crtm168.o
 .data          0x00800100       0x31 track-object.o
 .data          0x00800131        0x2 c:/winavr-20100110/bin/../lib/gcc/avr/4.3.3/../../../../avr/lib\libpololu_atmega168.a(OrangutanAnalog.o)
 .data          0x00800133        0x9 c:/winavr-20100110/bin/../lib/gcc/avr/4.3.3/../../../../avr/lib\libpololu_atmega168.a(OrangutanBuzzer.o)
 .data          0x0080013c        0x2 c:/winavr-20100110/bin/../lib/gcc/avr/4.3.3/../../../../avr/lib\libpololu_atmega168.a(OrangutanLCD.o)
                0x0080013d                numLCDCols
                0x0080013c                numLCDRows
 .data          0x0080013e        0x0 c:/winavr-20100110/bin/../lib/gcc/avr/4.3.3/../../../../avr/lib\libpololu_atmega168.a(OrangutanMotors.o)
 .data          0x0080013e        0x0 c:/winavr-20100110/bin/../lib/gcc/avr/4.3.3/../../../../avr/lib\libpololu_atmega168.a(OrangutanPushbuttons.o)
 .data          0x0080013e        0x1 c:/winavr-20100110/bin/../lib/gcc/avr/4.3.3/../../../../avr/lib\libpololu_atmega168.a(OrangutanResources.o)
                0x0080013e                buzzerFinished
 .data          0x0080013f        0x0 c:/winavr-20100110/bin/../lib/gcc/avr/4.3.3/../../../../avr/lib\libpololu_atmega168.a(OrangutanTime.o)
 .data          0x0080013f        0x0 c:/winavr-20100110/bin/../lib/gcc/avr/4.3.3/avr5\libgcc.a(_mulsi3.o)
 .data          0x0080013f        0x0 c:/winavr-20100110/bin/../lib/gcc/avr/4.3.3/avr5\libgcc.a(_udivmodqi4.o)
 .data          0x0080013f        0x0 c:/winavr-20100110/bin/../lib/gcc/avr/4.3.3/avr5\libgcc.a(_udivmodhi4.o)
 .data          0x0080013f        0x0 c:/winavr-20100110/bin/../lib/gcc/avr/4.3.3/avr5\libgcc.a(_divmodhi4.o)
 .data          0x0080013f        0x0 c:/winavr-20100110/bin/../lib/gcc/avr/4.3.3/avr5\libgcc.a(_udivmodsi4.o)
 .data          0x0080013f        0x0 c:/winavr-20100110/bin/../lib/gcc/avr/4.3.3/avr5\libgcc.a(_divmodsi4.o)
 .data          0x0080013f        0x0 c:/winavr-20100110/bin/../lib/gcc/avr/4.3.3/avr5\libgcc.a(_prologue.o)
 .data          0x0080013f        0x0 c:/winavr-20100110/bin/../lib/gcc/avr/4.3.3/avr5\libgcc.a(_epilogue.o)
 .data          0x0080013f        0x0 c:/winavr-20100110/bin/../lib/gcc/avr/4.3.3/avr5\libgcc.a(_exit.o)
 .data          0x0080013f        0x0 c:/winavr-20100110/bin/../lib/gcc/avr/4.3.3/avr5\libgcc.a(_tablejump.o)
 .data          0x0080013f        0x0 c:/winavr-20100110/bin/../lib/gcc/avr/4.3.3/avr5\libgcc.a(_copy_data.o)
 .data          0x0080013f        0x0 c:/winavr-20100110/bin/../lib/gcc/avr/4.3.3/avr5\libgcc.a(_clear_bss.o)
 .data          0x0080013f        0x0 c:/winavr-20100110/bin/../lib/gcc/avr/4.3.3/avr5\libgcc.a(_mul_sf.o)
 .data          0x0080013f        0x0 c:/winavr-20100110/bin/../lib/gcc/avr/4.3.3/avr5\libgcc.a(_div_sf.o)
 .data          0x0080013f        0x0 c:/winavr-20100110/bin/../lib/gcc/avr/4.3.3/avr5\libgcc.a(_si_to_sf.o)
 .data          0x0080013f        0x0 c:/winavr-20100110/bin/../lib/gcc/avr/4.3.3/avr5\libgcc.a(_sf_to_si.o)
 .data          0x0080013f        0x8 c:/winavr-20100110/bin/../lib/gcc/avr/4.3.3/avr5\libgcc.a(_thenan_sf.o)
                0x0080013f                __thenan_sf
 .data          0x00800147        0x0 c:/winavr-20100110/bin/../lib/gcc/avr/4.3.3/avr5\libgcc.a(_clzsi2.o)
 .data          0x00800147        0x0 c:/winavr-20100110/bin/../lib/gcc/avr/4.3.3/avr5\libgcc.a(_pack_sf.o)
 .data          0x00800147        0x0 c:/winavr-20100110/bin/../lib/gcc/avr/4.3.3/avr5\libgcc.a(_unpack_sf.o)
 .data          0x00800147      0x100 c:/winavr-20100110/bin/../lib/gcc/avr/4.3.3/avr5\libgcc.a(_clz.o)
                0x00800147                __clz_tab
 .data          0x00800247        0x6 c:/winavr-20100110/bin/../lib/gcc/avr/4.3.3/../../../../avr/lib/avr5\libc.a(malloc.o)
                0x00800249                __malloc_heap_start
                0x0080024b                __malloc_heap_end
                0x00800247                __malloc_margin
 .data          0x0080024d        0x0 c:/winavr-20100110/bin/../lib/gcc/avr/4.3.3/../../../../avr/lib/avr5\libc.a(fdevopen.o)
 .data          0x0080024d        0x0 c:/winavr-20100110/bin/../lib/gcc/avr/4.3.3/../../../../avr/lib/avr5\libc.a(iob.o)
 .data          0x0080024d        0x0 c:/winavr-20100110/bin/../lib/gcc/avr/4.3.3/../../../../avr/lib/avr5\libc.a(calloc.o)
 .data          0x0080024d        0x0 c:/winavr-20100110/bin/../lib/gcc/avr/4.3.3/../../../../avr/lib/avr5\libc.a(memset.o)
 *(.data*)
 *(.rodata)
 *(.rodata*)
 *(.gnu.linkonce.d*)
                0x0080024e                . = ALIGN (0x2)
 *fill*         0x0080024d        0x1 00
                0x0080024e                _edata = .
                0x0080024e                PROVIDE (__data_end, .)

.bss            0x0080024e       0x35
                0x0080024e                PROVIDE (__bss_start, .)
 *(.bss)
 .bss           0x0080024e        0x0 c:/winavr-20100110/bin/../lib/gcc/avr/4.3.3/../../../../avr/lib/avr5/crtm168.o
 .bss           0x0080024e        0x0 track-object.o
 .bss           0x0080024e        0x0 c:/winavr-20100110/bin/../lib/gcc/avr/4.3.3/../../../../avr/lib\libpololu_atmega168.a(OrangutanAnalog.o)
 .bss           0x0080024e        0x6 c:/winavr-20100110/bin/../lib/gcc/avr/4.3.3/../../../../avr/lib\libpololu_atmega168.a(OrangutanBuzzer.o)
 .bss           0x00800254        0x9 c:/winavr-20100110/bin/../lib/gcc/avr/4.3.3/../../../../avr/lib\libpololu_atmega168.a(OrangutanLCD.o)
                0x00800254                printf_chars
                0x00800258                lcdTimeout
                0x00800257                col
                0x0080025c                OrangutanLCD::init()::initialized
                0x00800256                row
 .bss           0x0080025d        0x1 c:/winavr-20100110/bin/../lib/gcc/avr/4.3.3/../../../../avr/lib\libpololu_atmega168.a(OrangutanMotors.o)
                0x0080025d                OrangutanMotors::init()::initialized
 .bss           0x0080025e        0xd c:/winavr-20100110/bin/../lib/gcc/avr/4.3.3/../../../../avr/lib\libpololu_atmega168.a(OrangutanPushbuttons.o)
                0x0080025e                OrangutanPushbuttons::init()::initialized
 .bss           0x0080026b        0x3 c:/winavr-20100110/bin/../lib/gcc/avr/4.3.3/../../../../avr/lib\libpololu_atmega168.a(OrangutanResources.o)
                0x0080026b                buzzerInitialized
                0x0080026c                buzzerSequence
 .bss           0x0080026e        0xb c:/winavr-20100110/bin/../lib/gcc/avr/4.3.3/../../../../avr/lib\libpololu_atmega168.a(OrangutanTime.o)
                0x00800278                OrangutanTime::init()::initialized
                0x0080026e                tickCount
                0x00800272                msCounter
                0x00800276                us_over_10
 .bss           0x00800279        0x0 c:/winavr-20100110/bin/../lib/gcc/avr/4.3.3/avr5\libgcc.a(_mulsi3.o)
 .bss           0x00800279        0x0 c:/winavr-20100110/bin/../lib/gcc/avr/4.3.3/avr5\libgcc.a(_udivmodqi4.o)
 .bss           0x00800279        0x0 c:/winavr-20100110/bin/../lib/gcc/avr/4.3.3/avr5\libgcc.a(_udivmodhi4.o)
 .bss           0x00800279        0x0 c:/winavr-20100110/bin/../lib/gcc/avr/4.3.3/avr5\libgcc.a(_divmodhi4.o)
 .bss           0x00800279        0x0 c:/winavr-20100110/bin/../lib/gcc/avr/4.3.3/avr5\libgcc.a(_udivmodsi4.o)
 .bss           0x00800279        0x0 c:/winavr-20100110/bin/../lib/gcc/avr/4.3.3/avr5\libgcc.a(_divmodsi4.o)
 .bss           0x00800279        0x0 c:/winavr-20100110/bin/../lib/gcc/avr/4.3.3/avr5\libgcc.a(_prologue.o)
 .bss           0x00800279        0x0 c:/winavr-20100110/bin/../lib/gcc/avr/4.3.3/avr5\libgcc.a(_epilogue.o)
 .bss           0x00800279        0x0 c:/winavr-20100110/bin/../lib/gcc/avr/4.3.3/avr5\libgcc.a(_exit.o)
 .bss           0x00800279        0x0 c:/winavr-20100110/bin/../lib/gcc/avr/4.3.3/avr5\libgcc.a(_tablejump.o)
 .bss           0x00800279        0x0 c:/winavr-20100110/bin/../lib/gcc/avr/4.3.3/avr5\libgcc.a(_copy_data.o)
 .bss           0x00800279        0x0 c:/winavr-20100110/bin/../lib/gcc/avr/4.3.3/avr5\libgcc.a(_clear_bss.o)
 .bss           0x00800279        0x0 c:/winavr-20100110/bin/../lib/gcc/avr/4.3.3/avr5\libgcc.a(_mul_sf.o)
 .bss           0x00800279        0x0 c:/winavr-20100110/bin/../lib/gcc/avr/4.3.3/avr5\libgcc.a(_div_sf.o)
 .bss           0x00800279        0x0 c:/winavr-20100110/bin/../lib/gcc/avr/4.3.3/avr5\libgcc.a(_si_to_sf.o)
 .bss           0x00800279        0x0 c:/winavr-20100110/bin/../lib/gcc/avr/4.3.3/avr5\libgcc.a(_sf_to_si.o)
 .bss           0x00800279        0x0 c:/winavr-20100110/bin/../lib/gcc/avr/4.3.3/avr5\libgcc.a(_thenan_sf.o)
 .bss           0x00800279        0x0 c:/winavr-20100110/bin/../lib/gcc/avr/4.3.3/avr5\libgcc.a(_clzsi2.o)
 .bss           0x00800279        0x0 c:/winavr-20100110/bin/../lib/gcc/avr/4.3.3/avr5\libgcc.a(_pack_sf.o)
 .bss           0x00800279        0x0 c:/winavr-20100110/bin/../lib/gcc/avr/4.3.3/avr5\libgcc.a(_unpack_sf.o)
 .bss           0x00800279        0x0 c:/winavr-20100110/bin/../lib/gcc/avr/4.3.3/avr5\libgcc.a(_clz.o)
 .bss           0x00800279        0x0 c:/winavr-20100110/bin/../lib/gcc/avr/4.3.3/../../../../avr/lib/avr5\libc.a(malloc.o)
 .bss           0x00800279        0x0 c:/winavr-20100110/bin/../lib/gcc/avr/4.3.3/../../../../avr/lib/avr5\libc.a(fdevopen.o)
 .bss           0x00800279        0x0 c:/winavr-20100110/bin/../lib/gcc/avr/4.3.3/../../../../avr/lib/avr5\libc.a(iob.o)
 .bss           0x00800279        0x0 c:/winavr-20100110/bin/../lib/gcc/avr/4.3.3/../../../../avr/lib/avr5\libc.a(calloc.o)
 .bss           0x00800279        0x0 c:/winavr-20100110/bin/../lib/gcc/avr/4.3.3/../../../../avr/lib/avr5\libc.a(memset.o)
 *(.bss*)
 *(COMMON)
 COMMON         0x00800279        0x4 c:/winavr-20100110/bin/../lib/gcc/avr/4.3.3/../../../../avr/lib/avr5\libc.a(malloc.o)
                0x00800279                __brkval
                0x0080027b                __flp
 COMMON         0x0080027d        0x6 c:/winavr-20100110/bin/../lib/gcc/avr/4.3.3/../../../../avr/lib/avr5\libc.a(iob.o)
                0x0080027d                __iob
                0x00800283                PROVIDE (__bss_end, .)
                0x00002f60                __data_load_start = LOADADDR (.data)
                0x000030ae                __data_load_end = (__data_load_start + SIZEOF (.data))

.noinit         0x00800283        0x0
                0x00800283                PROVIDE (__noinit_start, .)
 *(.noinit*)
                0x00800283                PROVIDE (__noinit_end, .)
                0x00800283                _end = .
                0x00800283                PROVIDE (__heap_start, .)

.eeprom         0x00810000        0x0
 *(.eeprom*)
                0x00810000                __eeprom_end = .

.fuse
 *(.fuse)
 *(.lfuse)
 *(.hfuse)
 *(.efuse)

.lock
 *(.lock*)

.signature
 *(.signature*)

.stab
 *(.stab)

.stabstr
 *(.stabstr)

.stab.excl
 *(.stab.excl)

.stab.exclstr
 *(.stab.exclstr)

.stab.index
 *(.stab.index)

.stab.indexstr
 *(.stab.indexstr)

.comment
 *(.comment)

.debug
 *(.debug)

.line
 *(.line)

.debug_srcinfo
 *(.debug_srcinfo)

.debug_sfnames
 *(.debug_sfnames)

.debug_aranges  0x00000000      0x640
 *(.debug_aranges)
 .debug_aranges
                0x00000000       0x20 track-object.o
 .debug_aranges
                0x00000020      0x120 c:/winavr-20100110/bin/../lib/gcc/avr/4.3.3/../../../../avr/lib\libpololu_atmega168.a(OrangutanAnalog.o)
 .debug_aranges
                0x00000140       0xd0 c:/winavr-20100110/bin/../lib/gcc/avr/4.3.3/../../../../avr/lib\libpololu_atmega168.a(OrangutanBuzzer.o)
 .debug_aranges
                0x00000210      0x190 c:/winavr-20100110/bin/../lib/gcc/avr/4.3.3/../../../../avr/lib\libpololu_atmega168.a(OrangutanLCD.o)
 .debug_aranges
                0x000003a0       0x70 c:/winavr-20100110/bin/../lib/gcc/avr/4.3.3/../../../../avr/lib\libpololu_atmega168.a(OrangutanMotors.o)
 .debug_aranges
                0x00000410       0x98 c:/winavr-20100110/bin/../lib/gcc/avr/4.3.3/../../../../avr/lib\libpololu_atmega168.a(OrangutanPushbuttons.o)
 .debug_aranges
                0x000004a8       0x38 c:/winavr-20100110/bin/../lib/gcc/avr/4.3.3/../../../../avr/lib\libpololu_atmega168.a(OrangutanResources.o)
 .debug_aranges
                0x000004e0       0x80 c:/winavr-20100110/bin/../lib/gcc/avr/4.3.3/../../../../avr/lib\libpololu_atmega168.a(OrangutanTime.o)
 .debug_aranges
                0x00000560       0x20 c:/winavr-20100110/bin/../lib/gcc/avr/4.3.3/avr5\libgcc.a(_mul_sf.o)
 .debug_aranges
                0x00000580       0x20 c:/winavr-20100110/bin/../lib/gcc/avr/4.3.3/avr5\libgcc.a(_div_sf.o)
 .debug_aranges
                0x000005a0       0x20 c:/winavr-20100110/bin/../lib/gcc/avr/4.3.3/avr5\libgcc.a(_si_to_sf.o)
 .debug_aranges
                0x000005c0       0x20 c:/winavr-20100110/bin/../lib/gcc/avr/4.3.3/avr5\libgcc.a(_sf_to_si.o)
 .debug_aranges
                0x000005e0       0x20 c:/winavr-20100110/bin/../lib/gcc/avr/4.3.3/avr5\libgcc.a(_clzsi2.o)
 .debug_aranges
                0x00000600       0x20 c:/winavr-20100110/bin/../lib/gcc/avr/4.3.3/avr5\libgcc.a(_pack_sf.o)
 .debug_aranges
                0x00000620       0x20 c:/winavr-20100110/bin/../lib/gcc/avr/4.3.3/avr5\libgcc.a(_unpack_sf.o)

.debug_pubnames
                0x00000000     0x13f1
 *(.debug_pubnames)
 .debug_pubnames
                0x00000000      0x182 track-object.o
 .debug_pubnames
                0x00000182      0x44b c:/winavr-20100110/bin/../lib/gcc/avr/4.3.3/../../../../avr/lib\libpololu_atmega168.a(OrangutanAnalog.o)
 .debug_pubnames
                0x000005cd      0x20c c:/winavr-20100110/bin/../lib/gcc/avr/4.3.3/../../../../avr/lib\libpololu_atmega168.a(OrangutanBuzzer.o)
 .debug_pubnames
                0x000007d9      0x4ef c:/winavr-20100110/bin/../lib/gcc/avr/4.3.3/../../../../avr/lib\libpololu_atmega168.a(OrangutanLCD.o)
 .debug_pubnames
                0x00000cc8      0x151 c:/winavr-20100110/bin/../lib/gcc/avr/4.3.3/../../../../avr/lib\libpololu_atmega168.a(OrangutanMotors.o)
 .debug_pubnames
                0x00000e19      0x26f c:/winavr-20100110/bin/../lib/gcc/avr/4.3.3/../../../../avr/lib\libpololu_atmega168.a(OrangutanPushbuttons.o)
 .debug_pubnames
                0x00001088       0xd8 c:/winavr-20100110/bin/../lib/gcc/avr/4.3.3/../../../../avr/lib\libpololu_atmega168.a(OrangutanResources.o)
 .debug_pubnames
                0x00001160      0x170 c:/winavr-20100110/bin/../lib/gcc/avr/4.3.3/../../../../avr/lib\libpololu_atmega168.a(OrangutanTime.o)
 .debug_pubnames
                0x000012d0       0x1f c:/winavr-20100110/bin/../lib/gcc/avr/4.3.3/avr5\libgcc.a(_mul_sf.o)
 .debug_pubnames
                0x000012ef       0x1f c:/winavr-20100110/bin/../lib/gcc/avr/4.3.3/avr5\libgcc.a(_div_sf.o)
 .debug_pubnames
                0x0000130e       0x22 c:/winavr-20100110/bin/../lib/gcc/avr/4.3.3/avr5\libgcc.a(_si_to_sf.o)
 .debug_pubnames
                0x00001330       0x20 c:/winavr-20100110/bin/../lib/gcc/avr/4.3.3/avr5\libgcc.a(_sf_to_si.o)
 .debug_pubnames
                0x00001350       0x22 c:/winavr-20100110/bin/../lib/gcc/avr/4.3.3/avr5\libgcc.a(_thenan_sf.o)
 .debug_pubnames
                0x00001372       0x1f c:/winavr-20100110/bin/../lib/gcc/avr/4.3.3/avr5\libgcc.a(_clzsi2.o)
 .debug_pubnames
                0x00001391       0x1f c:/winavr-20100110/bin/../lib/gcc/avr/4.3.3/avr5\libgcc.a(_pack_sf.o)
 .debug_pubnames
                0x000013b0       0x21 c:/winavr-20100110/bin/../lib/gcc/avr/4.3.3/avr5\libgcc.a(_unpack_sf.o)
 .debug_pubnames
                0x000013d1       0x20 c:/winavr-20100110/bin/../lib/gcc/avr/4.3.3/avr5\libgcc.a(_clz.o)

.debug_info     0x00000000     0x4b95
 *(.debug_info)
 .debug_info    0x00000000      0x538 track-object.o
 .debug_info    0x00000538      0xa33 c:/winavr-20100110/bin/../lib/gcc/avr/4.3.3/../../../../avr/lib\libpololu_atmega168.a(OrangutanAnalog.o)
 .debug_info    0x00000f6b      0x71d c:/winavr-20100110/bin/../lib/gcc/avr/4.3.3/../../../../avr/lib\libpololu_atmega168.a(OrangutanBuzzer.o)
 .debug_info    0x00001688     0x10a0 c:/winavr-20100110/bin/../lib/gcc/avr/4.3.3/../../../../avr/lib\libpololu_atmega168.a(OrangutanLCD.o)
 .debug_info    0x00002728      0x463 c:/winavr-20100110/bin/../lib/gcc/avr/4.3.3/../../../../avr/lib\libpololu_atmega168.a(OrangutanMotors.o)
 .debug_info    0x00002b8b      0x5b7 c:/winavr-20100110/bin/../lib/gcc/avr/4.3.3/../../../../avr/lib\libpololu_atmega168.a(OrangutanPushbuttons.o)
 .debug_info    0x00003142      0x1bb c:/winavr-20100110/bin/../lib/gcc/avr/4.3.3/../../../../avr/lib\libpololu_atmega168.a(OrangutanResources.o)
 .debug_info    0x000032fd      0x344 c:/winavr-20100110/bin/../lib/gcc/avr/4.3.3/../../../../avr/lib\libpololu_atmega168.a(OrangutanTime.o)
 .debug_info    0x00003641      0x485 c:/winavr-20100110/bin/../lib/gcc/avr/4.3.3/avr5\libgcc.a(_mul_sf.o)
 .debug_info    0x00003ac6      0x3fc c:/winavr-20100110/bin/../lib/gcc/avr/4.3.3/avr5\libgcc.a(_div_sf.o)
 .debug_info    0x00003ec2      0x207 c:/winavr-20100110/bin/../lib/gcc/avr/4.3.3/avr5\libgcc.a(_si_to_sf.o)
 .debug_info    0x000040c9      0x2b0 c:/winavr-20100110/bin/../lib/gcc/avr/4.3.3/avr5\libgcc.a(_sf_to_si.o)
 .debug_info    0x00004379      0x12c c:/winavr-20100110/bin/../lib/gcc/avr/4.3.3/avr5\libgcc.a(_thenan_sf.o)
 .debug_info    0x000044a5      0x117 c:/winavr-20100110/bin/../lib/gcc/avr/4.3.3/avr5\libgcc.a(_clzsi2.o)
 .debug_info    0x000045bc      0x2df c:/winavr-20100110/bin/../lib/gcc/avr/4.3.3/avr5\libgcc.a(_pack_sf.o)
 .debug_info    0x0000489b      0x251 c:/winavr-20100110/bin/../lib/gcc/avr/4.3.3/avr5\libgcc.a(_unpack_sf.o)
 .debug_info    0x00004aec       0xa9 c:/winavr-20100110/bin/../lib/gcc/avr/4.3.3/avr5\libgcc.a(_clz.o)
 *(.gnu.linkonce.wi.*)

.debug_abbrev   0x00000000     0x1e0b
 *(.debug_abbrev)
 .debug_abbrev  0x00000000      0x1bf track-object.o
 .debug_abbrev  0x000001bf      0x26d c:/winavr-20100110/bin/../lib/gcc/avr/4.3.3/../../../../avr/lib\libpololu_atmega168.a(OrangutanAnalog.o)
 .debug_abbrev  0x0000042c      0x2cd c:/winavr-20100110/bin/../lib/gcc/avr/4.3.3/../../../../avr/lib\libpololu_atmega168.a(OrangutanBuzzer.o)
 .debug_abbrev  0x000006f9      0x3fc c:/winavr-20100110/bin/../lib/gcc/avr/4.3.3/../../../../avr/lib\libpololu_atmega168.a(OrangutanLCD.o)
 .debug_abbrev  0x00000af5      0x225 c:/winavr-20100110/bin/../lib/gcc/avr/4.3.3/../../../../avr/lib\libpololu_atmega168.a(OrangutanMotors.o)
 .debug_abbrev  0x00000d1a      0x1f2 c:/winavr-20100110/bin/../lib/gcc/avr/4.3.3/../../../../avr/lib\libpololu_atmega168.a(OrangutanPushbuttons.o)
 .debug_abbrev  0x00000f0c      0x124 c:/winavr-20100110/bin/../lib/gcc/avr/4.3.3/../../../../avr/lib\libpololu_atmega168.a(OrangutanResources.o)
 .debug_abbrev  0x00001030      0x1f4 c:/winavr-20100110/bin/../lib/gcc/avr/4.3.3/../../../../avr/lib\libpololu_atmega168.a(OrangutanTime.o)
 .debug_abbrev  0x00001224      0x21b c:/winavr-20100110/bin/../lib/gcc/avr/4.3.3/avr5\libgcc.a(_mul_sf.o)
 .debug_abbrev  0x0000143f      0x216 c:/winavr-20100110/bin/../lib/gcc/avr/4.3.3/avr5\libgcc.a(_div_sf.o)
 .debug_abbrev  0x00001655      0x148 c:/winavr-20100110/bin/../lib/gcc/avr/4.3.3/avr5\libgcc.a(_si_to_sf.o)
 .debug_abbrev  0x0000179d      0x17f c:/winavr-20100110/bin/../lib/gcc/avr/4.3.3/avr5\libgcc.a(_sf_to_si.o)
 .debug_abbrev  0x0000191c       0xad c:/winavr-20100110/bin/../lib/gcc/avr/4.3.3/avr5\libgcc.a(_thenan_sf.o)
 .debug_abbrev  0x000019c9       0xc4 c:/winavr-20100110/bin/../lib/gcc/avr/4.3.3/avr5\libgcc.a(_clzsi2.o)
 .debug_abbrev  0x00001a8d      0x1c0 c:/winavr-20100110/bin/../lib/gcc/avr/4.3.3/avr5\libgcc.a(_pack_sf.o)
 .debug_abbrev  0x00001c4d      0x154 c:/winavr-20100110/bin/../lib/gcc/avr/4.3.3/avr5\libgcc.a(_unpack_sf.o)
 .debug_abbrev  0x00001da1       0x6a c:/winavr-20100110/bin/../lib/gcc/avr/4.3.3/avr5\libgcc.a(_clz.o)

.debug_line     0x00000000     0x3a66
 *(.debug_line)
 .debug_line    0x00000000      0x57b track-object.o
 .debug_line    0x0000057b      0x819 c:/winavr-20100110/bin/../lib/gcc/avr/4.3.3/../../../../avr/lib\libpololu_atmega168.a(OrangutanAnalog.o)
 .debug_line    0x00000d94      0x82b c:/winavr-20100110/bin/../lib/gcc/avr/4.3.3/../../../../avr/lib\libpololu_atmega168.a(OrangutanBuzzer.o)
 .debug_line    0x000015bf      0xcd6 c:/winavr-20100110/bin/../lib/gcc/avr/4.3.3/../../../../avr/lib\libpololu_atmega168.a(OrangutanLCD.o)
 .debug_line    0x00002295      0x3a0 c:/winavr-20100110/bin/../lib/gcc/avr/4.3.3/../../../../avr/lib\libpololu_atmega168.a(OrangutanMotors.o)
 .debug_line    0x00002635      0x534 c:/winavr-20100110/bin/../lib/gcc/avr/4.3.3/../../../../avr/lib\libpololu_atmega168.a(OrangutanPushbuttons.o)
 .debug_line    0x00002b69      0x132 c:/winavr-20100110/bin/../lib/gcc/avr/4.3.3/../../../../avr/lib\libpololu_atmega168.a(OrangutanResources.o)
 .debug_line    0x00002c9b      0x2f9 c:/winavr-20100110/bin/../lib/gcc/avr/4.3.3/../../../../avr/lib\libpololu_atmega168.a(OrangutanTime.o)
 .debug_line    0x00002f94      0x239 c:/winavr-20100110/bin/../lib/gcc/avr/4.3.3/avr5\libgcc.a(_mul_sf.o)
 .debug_line    0x000031cd      0x1d5 c:/winavr-20100110/bin/../lib/gcc/avr/4.3.3/avr5\libgcc.a(_div_sf.o)
 .debug_line    0x000033a2      0x135 c:/winavr-20100110/bin/../lib/gcc/avr/4.3.3/avr5\libgcc.a(_si_to_sf.o)
 .debug_line    0x000034d7      0x109 c:/winavr-20100110/bin/../lib/gcc/avr/4.3.3/avr5\libgcc.a(_sf_to_si.o)
 .debug_line    0x000035e0       0x90 c:/winavr-20100110/bin/../lib/gcc/avr/4.3.3/avr5\libgcc.a(_thenan_sf.o)
 .debug_line    0x00003670       0xa5 c:/winavr-20100110/bin/../lib/gcc/avr/4.3.3/avr5\libgcc.a(_clzsi2.o)
 .debug_line    0x00003715      0x18a c:/winavr-20100110/bin/../lib/gcc/avr/4.3.3/avr5\libgcc.a(_pack_sf.o)
 .debug_line    0x0000389f      0x14b c:/winavr-20100110/bin/../lib/gcc/avr/4.3.3/avr5\libgcc.a(_unpack_sf.o)
 .debug_line    0x000039ea       0x7c c:/winavr-20100110/bin/../lib/gcc/avr/4.3.3/avr5\libgcc.a(_clz.o)

.debug_frame    0x00000000      0xbe0
 *(.debug_frame)
 .debug_frame   0x00000000      0x160 track-object.o
 .debug_frame   0x00000160      0x220 c:/winavr-20100110/bin/../lib/gcc/avr/4.3.3/../../../../avr/lib\libpololu_atmega168.a(OrangutanAnalog.o)
 .debug_frame   0x00000380      0x180 c:/winavr-20100110/bin/../lib/gcc/avr/4.3.3/../../../../avr/lib\libpololu_atmega168.a(OrangutanBuzzer.o)
 .debug_frame   0x00000500      0x300 c:/winavr-20100110/bin/../lib/gcc/avr/4.3.3/../../../../avr/lib\libpololu_atmega168.a(OrangutanLCD.o)
 .debug_frame   0x00000800       0xc0 c:/winavr-20100110/bin/../lib/gcc/avr/4.3.3/../../../../avr/lib\libpololu_atmega168.a(OrangutanMotors.o)
 .debug_frame   0x000008c0      0x110 c:/winavr-20100110/bin/../lib/gcc/avr/4.3.3/../../../../avr/lib\libpololu_atmega168.a(OrangutanPushbuttons.o)
 .debug_frame   0x000009d0       0x50 c:/winavr-20100110/bin/../lib/gcc/avr/4.3.3/../../../../avr/lib\libpololu_atmega168.a(OrangutanResources.o)
 .debug_frame   0x00000a20       0xe0 c:/winavr-20100110/bin/../lib/gcc/avr/4.3.3/../../../../avr/lib\libpololu_atmega168.a(OrangutanTime.o)
 .debug_frame   0x00000b00       0x20 c:/winavr-20100110/bin/../lib/gcc/avr/4.3.3/avr5\libgcc.a(_mul_sf.o)
 .debug_frame   0x00000b20       0x20 c:/winavr-20100110/bin/../lib/gcc/avr/4.3.3/avr5\libgcc.a(_div_sf.o)
 .debug_frame   0x00000b40       0x20 c:/winavr-20100110/bin/../lib/gcc/avr/4.3.3/avr5\libgcc.a(_si_to_sf.o)
 .debug_frame   0x00000b60       0x20 c:/winavr-20100110/bin/../lib/gcc/avr/4.3.3/avr5\libgcc.a(_sf_to_si.o)
 .debug_frame   0x00000b80       0x20 c:/winavr-20100110/bin/../lib/gcc/avr/4.3.3/avr5\libgcc.a(_clzsi2.o)
 .debug_frame   0x00000ba0       0x20 c:/winavr-20100110/bin/../lib/gcc/avr/4.3.3/avr5\libgcc.a(_pack_sf.o)
 .debug_frame   0x00000bc0       0x20 c:/winavr-20100110/bin/../lib/gcc/avr/4.3.3/avr5\libgcc.a(_unpack_sf.o)

.debug_str      0x00000000     0x1fa2
 *(.debug_str)
 .debug_str     0x00000000      0x20a track-object.o
                                0x282 (size before relaxing)
 .debug_str     0x0000020a      0x72e c:/winavr-20100110/bin/../lib/gcc/avr/4.3.3/../../../../avr/lib\libpololu_atmega168.a(OrangutanAnalog.o)
                                0x7c7 (size before relaxing)
 .debug_str     0x00000938      0x3f2 c:/winavr-20100110/bin/../lib/gcc/avr/4.3.3/../../../../avr/lib\libpololu_atmega168.a(OrangutanBuzzer.o)
                                0x4f0 (size before relaxing)
 .debug_str     0x00000d2a      0x74c c:/winavr-20100110/bin/../lib/gcc/avr/4.3.3/../../../../avr/lib\libpololu_atmega168.a(OrangutanLCD.o)
                                0x89e (size before relaxing)
 .debug_str     0x00001476      0x2c6 c:/winavr-20100110/bin/../lib/gcc/avr/4.3.3/../../../../avr/lib\libpololu_atmega168.a(OrangutanMotors.o)
                                0x3ca (size before relaxing)
 .debug_str     0x0000173c      0x339 c:/winavr-20100110/bin/../lib/gcc/avr/4.3.3/../../../../avr/lib\libpololu_atmega168.a(OrangutanPushbuttons.o)
                                0x4a4 (size before relaxing)
 .debug_str     0x00001a75      0x133 c:/winavr-20100110/bin/../lib/gcc/avr/4.3.3/../../../../avr/lib\libpololu_atmega168.a(OrangutanResources.o)
                                0x247 (size before relaxing)
 .debug_str     0x00001ba8      0x1d4 c:/winavr-20100110/bin/../lib/gcc/avr/4.3.3/../../../../avr/lib\libpololu_atmega168.a(OrangutanTime.o)
                                0x339 (size before relaxing)
 .debug_str     0x00001d7c      0x152 c:/winavr-20100110/bin/../lib/gcc/avr/4.3.3/avr5\libgcc.a(_mul_sf.o)
                                0x1bf (size before relaxing)
 .debug_str     0x00001ece       0x35 c:/winavr-20100110/bin/../lib/gcc/avr/4.3.3/avr5\libgcc.a(_div_sf.o)
                                0x1c8 (size before relaxing)
 .debug_str     0x00001f03       0x1e c:/winavr-20100110/bin/../lib/gcc/avr/4.3.3/avr5\libgcc.a(_si_to_sf.o)
                                0x17b (size before relaxing)
 .debug_str     0x00001f21        0xa c:/winavr-20100110/bin/../lib/gcc/avr/4.3.3/avr5\libgcc.a(_sf_to_si.o)
                                0x19e (size before relaxing)
 .debug_str     0x00000000      0x103 c:/winavr-20100110/bin/../lib/gcc/avr/4.3.3/avr5\libgcc.a(_thenan_sf.o)
 .debug_str     0x00001f2b       0x5c c:/winavr-20100110/bin/../lib/gcc/avr/4.3.3/avr5\libgcc.a(_clzsi2.o)
                                0x111 (size before relaxing)
 .debug_str     0x00001f87       0x10 c:/winavr-20100110/bin/../lib/gcc/avr/4.3.3/avr5\libgcc.a(_pack_sf.o)
                                0x19d (size before relaxing)
 .debug_str     0x00001f97        0xb c:/winavr-20100110/bin/../lib/gcc/avr/4.3.3/avr5\libgcc.a(_unpack_sf.o)
                                0x17f (size before relaxing)
 .debug_str     0x00000000       0xf4 c:/winavr-20100110/bin/../lib/gcc/avr/4.3.3/avr5\libgcc.a(_clz.o)

.debug_loc      0x00000000     0x2100
 *(.debug_loc)
 .debug_loc     0x00000000      0x3e4 track-object.o
 .debug_loc     0x000003e4      0x22a c:/winavr-20100110/bin/../lib/gcc/avr/4.3.3/../../../../avr/lib\libpololu_atmega168.a(OrangutanAnalog.o)
 .debug_loc     0x0000060e      0x6c8 c:/winavr-20100110/bin/../lib/gcc/avr/4.3.3/../../../../avr/lib\libpololu_atmega168.a(OrangutanBuzzer.o)
 .debug_loc     0x00000cd6      0x832 c:/winavr-20100110/bin/../lib/gcc/avr/4.3.3/../../../../avr/lib\libpololu_atmega168.a(OrangutanLCD.o)
 .debug_loc     0x00001508      0x1f0 c:/winavr-20100110/bin/../lib/gcc/avr/4.3.3/../../../../avr/lib\libpololu_atmega168.a(OrangutanMotors.o)
 .debug_loc     0x000016f8      0x40e c:/winavr-20100110/bin/../lib/gcc/avr/4.3.3/../../../../avr/lib\libpololu_atmega168.a(OrangutanPushbuttons.o)
 .debug_loc     0x00001b06       0x8e c:/winavr-20100110/bin/../lib/gcc/avr/4.3.3/../../../../avr/lib\libpololu_atmega168.a(OrangutanTime.o)
 .debug_loc     0x00001b94      0x104 c:/winavr-20100110/bin/../lib/gcc/avr/4.3.3/avr5\libgcc.a(_mul_sf.o)
 .debug_loc     0x00001c98       0xc0 c:/winavr-20100110/bin/../lib/gcc/avr/4.3.3/avr5\libgcc.a(_div_sf.o)
 .debug_loc     0x00001d58       0xac c:/winavr-20100110/bin/../lib/gcc/avr/4.3.3/avr5\libgcc.a(_si_to_sf.o)
 .debug_loc     0x00001e04       0x7e c:/winavr-20100110/bin/../lib/gcc/avr/4.3.3/avr5\libgcc.a(_sf_to_si.o)
 .debug_loc     0x00001e82       0x94 c:/winavr-20100110/bin/../lib/gcc/avr/4.3.3/avr5\libgcc.a(_clzsi2.o)
 .debug_loc     0x00001f16      0x13e c:/winavr-20100110/bin/../lib/gcc/avr/4.3.3/avr5\libgcc.a(_pack_sf.o)
 .debug_loc     0x00002054       0xac c:/winavr-20100110/bin/../lib/gcc/avr/4.3.3/avr5\libgcc.a(_unpack_sf.o)

.debug_macinfo
 *(.debug_macinfo)
OUTPUT(track-object.elf elf32-avr)
LOAD linker stubs

.debug_ranges   0x00000000      0x570
 .debug_ranges  0x00000000       0x18 track-object.o
 .debug_ranges  0x00000018      0x118 c:/winavr-20100110/bin/../lib/gcc/avr/4.3.3/../../../../avr/lib\libpololu_atmega168.a(OrangutanAnalog.o)
 .debug_ranges  0x00000130       0xc8 c:/winavr-20100110/bin/../lib/gcc/avr/4.3.3/../../../../avr/lib\libpololu_atmega168.a(OrangutanBuzzer.o)
 .debug_ranges  0x000001f8      0x188 c:/winavr-20100110/bin/../lib/gcc/avr/4.3.3/../../../../avr/lib\libpololu_atmega168.a(OrangutanLCD.o)
 .debug_ranges  0x00000380       0x68 c:/winavr-20100110/bin/../lib/gcc/avr/4.3.3/../../../../avr/lib\libpololu_atmega168.a(OrangutanMotors.o)
 .debug_ranges  0x000003e8       0x90 c:/winavr-20100110/bin/../lib/gcc/avr/4.3.3/../../../../avr/lib\libpololu_atmega168.a(OrangutanPushbuttons.o)
 .debug_ranges  0x00000478       0x30 c:/winavr-20100110/bin/../lib/gcc/avr/4.3.3/../../../../avr/lib\libpololu_atmega168.a(OrangutanResources.o)
 .debug_ranges  0x000004a8       0x78 c:/winavr-20100110/bin/../lib/gcc/avr/4.3.3/../../../../avr/lib\libpololu_atmega168.a(OrangutanTime.o)
 .debug_ranges  0x00000520       0x50 c:/winavr-20100110/bin/../lib/gcc/avr/4.3.3/avr5\libgcc.a(_mul_sf.o)
